--------- beginning of /dev/log/system
06-08 15:55:21.556 E/AndroidRuntime(28981): FATAL EXCEPTION: main
06-08 15:55:21.556 E/AndroidRuntime(28981): Process: com.android.contacts, PID: 28981
06-08 15:55:21.556 E/AndroidRuntime(28981): java.lang.NullPointerException
06-08 15:55:21.556 E/AndroidRuntime(28981): 	at com.android.contacts.activities.PeopleActivity.onPrepareOptionsMenu(PeopleActivity.java:1573)
06-08 15:55:21.556 E/AndroidRuntime(28981): 	at android.app.Activity.onPreparePanel(Activity.java:2599)
06-08 15:55:21.556 E/AndroidRuntime(28981): 	at com.android.internal.policy.impl.PhoneWindow.preparePanel(PhoneWindow.java:464)
06-08 15:55:21.556 E/AndroidRuntime(28981): 	at com.android.internal.policy.impl.PhoneWindow.doInvalidatePanelMenu(PhoneWindow.java:800)
06-08 15:55:21.556 E/AndroidRuntime(28981): 	at com.android.internal.policy.impl.PhoneWindow$1.run(PhoneWindow.java:221)
06-08 15:55:21.556 E/AndroidRuntime(28981): 	at android.os.Handler.handleCallback(Handler.java:733)
06-08 15:55:21.556 E/AndroidRuntime(28981): 	at android.os.Handler.dispatchMessage(Handler.java:95)
06-08 15:55:21.556 E/AndroidRuntime(28981): 	at android.os.Looper.loop(Looper.java:136)
06-08 15:55:21.556 E/AndroidRuntime(28981): 	at android.app.ActivityThread.main(ActivityThread.java:5095)
06-08 15:55:21.556 E/AndroidRuntime(28981): 	at java.lang.reflect.Method.invokeNative(Native Method)
06-08 15:55:21.556 E/AndroidRuntime(28981): 	at java.lang.reflect.Method.invoke(Method.java:515)
06-08 15:55:21.556 E/AndroidRuntime(28981): 	at com.android.internal.os.ZygoteInit$MethodAndArgsCaller.run(ZygoteInit.java:786)
06-08 15:55:21.556 E/AndroidRuntime(28981): 	at com.android.internal.os.ZygoteInit.main(ZygoteInit.java:602)
06-08 15:55:21.556 E/AndroidRuntime(28981): 	at dalvik.system.NativeStart.main(Native Method)
06-08 15:55:41.986 E/WindowManager(  801): Starting window AppWindowToken{4222d8e8 token=Token{41b4d300 ActivityRecord{4198da50 u0 com.android.multisimsettings/.MultiSimSettings t132}}} timed out
06-08 15:56:10.006 E/MountService(  801): Failed to share/unshare
06-08 15:56:10.006 E/MountService(  801): com.android.server.NativeDaemonConnector$NativeDaemonFailureException: command '166 volume unshare /storage/sdcard1 ums' failed with '400 166 volume operation failed (Invalid argument)'
06-08 15:56:10.006 E/MountService(  801): 	at com.android.server.NativeDaemonConnector.execute(NativeDaemonConnector.java:391)
06-08 15:56:10.006 E/MountService(  801): 	at com.android.server.NativeDaemonConnector.executeForList(NativeDaemonConnector.java:327)
06-08 15:56:10.006 E/MountService(  801): 	at com.android.server.NativeDaemonConnector.execute(NativeDaemonConnector.java:292)
06-08 15:56:10.006 E/MountService(  801): 	at com.android.server.MountService.doShareUnshareVolume(MountService.java:656)
06-08 15:56:10.006 E/MountService(  801): 	at com.android.server.MountService.setUsbMassStorageEnabled(MountService.java:1568)
06-08 15:56:10.006 E/MountService(  801): 	at android.os.storage.IMountService$Stub.onTransact(IMountService.java:891)
06-08 15:56:10.006 E/MountService(  801): 	at android.os.Binder.execTransact(Binder.java:404)
06-08 15:56:10.006 E/MountService(  801): 	at dalvik.system.NativeStart.run(Native Method)
06-08 15:56:10.016 E/MountService(  801): Failed to remount /storage/sdcard1 after disabling share method ums
06-08 15:56:10.016 E/MountService(  801): Failed to share/unshare
06-08 15:56:10.016 E/MountService(  801): com.android.server.NativeDaemonConnector$NativeDaemonFailureException: command '168 volume unshare /storage/uicc0 ums' failed with '406 168 volume operation failed (No such file or directory)'
06-08 15:56:10.016 E/MountService(  801): 	at com.android.server.NativeDaemonConnector.execute(NativeDaemonConnector.java:391)
06-08 15:56:10.016 E/MountService(  801): 	at com.android.server.NativeDaemonConnector.executeForList(NativeDaemonConnector.java:327)
06-08 15:56:10.016 E/MountService(  801): 	at com.android.server.NativeDaemonConnector.execute(NativeDaemonConnector.java:292)
06-08 15:56:10.016 E/MountService(  801): 	at com.android.server.MountService.doShareUnshareVolume(MountService.java:656)
06-08 15:56:10.016 E/MountService(  801): 	at com.android.server.MountService.setUsbMassStorageEnabled(MountService.java:1568)
06-08 15:56:10.016 E/MountService(  801): 	at android.os.storage.IMountService$Stub.onTransact(IMountService.java:891)
06-08 15:56:10.016 E/MountService(  801): 	at android.os.Binder.execTransact(Binder.java:404)
06-08 15:56:10.016 E/MountService(  801): 	at dalvik.system.NativeStart.run(Native Method)
06-08 15:56:10.016 E/MountService(  801): Failed to remount /storage/uicc0 after disabling share method ums
06-08 15:56:25.606 E/AndroidRuntime(29605): FATAL EXCEPTION: main
06-08 15:56:25.606 E/AndroidRuntime(29605): Process: com.android.contacts, PID: 29605
06-08 15:56:25.606 E/AndroidRuntime(29605): java.lang.NullPointerException
06-08 15:56:25.606 E/AndroidRuntime(29605): 	at com.android.contacts.activities.PeopleActivity.onPrepareOptionsMenu(PeopleActivity.java:1573)
06-08 15:56:25.606 E/AndroidRuntime(29605): 	at android.app.Activity.onPreparePanel(Activity.java:2599)
06-08 15:56:25.606 E/AndroidRuntime(29605): 	at com.android.internal.policy.impl.PhoneWindow.preparePanel(PhoneWindow.java:464)
06-08 15:56:25.606 E/AndroidRuntime(29605): 	at com.android.internal.policy.impl.PhoneWindow.doInvalidatePanelMenu(PhoneWindow.java:800)
06-08 15:56:25.606 E/AndroidRuntime(29605): 	at com.android.internal.policy.impl.PhoneWindow$1.run(PhoneWindow.java:221)
06-08 15:56:25.606 E/AndroidRuntime(29605): 	at android.os.Handler.handleCallback(Handler.java:733)
06-08 15:56:25.606 E/AndroidRuntime(29605): 	at android.os.Handler.dispatchMessage(Handler.java:95)
06-08 15:56:25.606 E/AndroidRuntime(29605): 	at android.os.Looper.loop(Looper.java:136)
06-08 15:56:25.606 E/AndroidRuntime(29605): 	at android.app.ActivityThread.main(ActivityThread.java:5095)
06-08 15:56:25.606 E/AndroidRuntime(29605): 	at java.lang.reflect.Method.invokeNative(Native Method)
06-08 15:56:25.606 E/AndroidRuntime(29605): 	at java.lang.reflect.Method.invoke(Method.java:515)
06-08 15:56:25.606 E/AndroidRuntime(29605): 	at com.android.internal.os.ZygoteInit$MethodAndArgsCaller.run(ZygoteInit.java:786)
06-08 15:56:25.606 E/AndroidRuntime(29605): 	at com.android.internal.os.ZygoteInit.main(ZygoteInit.java:602)
06-08 15:56:25.606 E/AndroidRuntime(29605): 	at dalvik.system.NativeStart.main(Native Method)
06-08 15:56:46.206 E/AndroidRuntime(29813): FATAL EXCEPTION: main
06-08 15:56:46.206 E/AndroidRuntime(29813): Process: com.example.textjni, PID: 29813
06-08 15:56:46.206 E/AndroidRuntime(29813): java.lang.UnsatisfiedLinkError: Couldn't load textjni from loader dalvik.system.PathClassLoader[DexPathList[[zip file "/data/app/com.example.textjni-1.apk"],nativeLibraryDirectories=[/data/app-lib/com.example.textjni-1, /vendor/lib, /system/lib]]]: findLibrary returned null
06-08 15:56:46.206 E/AndroidRuntime(29813): 	at java.lang.Runtime.loadLibrary(Runtime.java:358)
06-08 15:56:46.206 E/AndroidRuntime(29813): 	at java.lang.System.loadLibrary(System.java:526)
06-08 15:56:46.206 E/AndroidRuntime(29813): 	at com.example.textjni.MainActivity.<clinit>(MainActivity.java:10)
06-08 15:56:46.206 E/AndroidRuntime(29813): 	at java.lang.Class.newInstanceImpl(Native Method)
06-08 15:56:46.206 E/AndroidRuntime(29813): 	at java.lang.Class.newInstance(Class.java:1208)
06-08 15:56:46.206 E/AndroidRuntime(29813): 	at android.app.Instrumentation.newActivity(Instrumentation.java:1061)
06-08 15:56:46.206 E/AndroidRuntime(29813): 	at android.app.ActivityThread.performLaunchActivity(ActivityThread.java:2104)
06-08 15:56:46.206 E/AndroidRuntime(29813): 	at android.app.ActivityThread.handleLaunchActivity(ActivityThread.java:2236)
06-08 15:56:46.206 E/AndroidRuntime(29813): 	at android.app.ActivityThread.access$800(ActivityThread.java:138)
06-08 15:56:46.206 E/AndroidRuntime(29813): 	at android.app.ActivityThread$H.handleMessage(ActivityThread.java:1199)
06-08 15:56:46.206 E/AndroidRuntime(29813): 	at android.os.Handler.dispatchMessage(Handler.java:102)
06-08 15:56:46.206 E/AndroidRuntime(29813): 	at android.os.Looper.loop(Looper.java:136)
06-08 15:56:46.206 E/AndroidRuntime(29813): 	at android.app.ActivityThread.main(ActivityThread.java:5095)
06-08 15:56:46.206 E/AndroidRuntime(29813): 	at java.lang.reflect.Method.invokeNative(Native Method)
06-08 15:56:46.206 E/AndroidRuntime(29813): 	at java.lang.reflect.Method.invoke(Method.java:515)
06-08 15:56:46.206 E/AndroidRuntime(29813): 	at com.android.internal.os.ZygoteInit$MethodAndArgsCaller.run(ZygoteInit.java:786)
06-08 15:56:46.206 E/AndroidRuntime(29813): 	at com.android.internal.os.ZygoteInit.main(ZygoteInit.java:602)
06-08 15:56:46.206 E/AndroidRuntime(29813): 	at dalvik.system.NativeStart.main(Native Method)
06-08 15:56:53.426 E/WindowManager(  801): Starting window AppWindowToken{41ca1a28 token=Token{41b6ac38 ActivityRecord{41b986c8 u0 com.android.settings/.Settings$TetherSettingsActivity t444}}} timed out
06-08 15:56:53.496 E/AndroidRuntime(29877): FATAL EXCEPTION: main
06-08 15:56:53.496 E/AndroidRuntime(29877): Process: com.android.contacts, PID: 29877
06-08 15:56:53.496 E/AndroidRuntime(29877): java.lang.NullPointerException
06-08 15:56:53.496 E/AndroidRuntime(29877): 	at com.android.contacts.activities.PeopleActivity.onPrepareOptionsMenu(PeopleActivity.java:1573)
06-08 15:56:53.496 E/AndroidRuntime(29877): 	at android.app.Activity.onPreparePanel(Activity.java:2599)
06-08 15:56:53.496 E/AndroidRuntime(29877): 	at com.android.internal.policy.impl.PhoneWindow.preparePanel(PhoneWindow.java:464)
06-08 15:56:53.496 E/AndroidRuntime(29877): 	at com.android.internal.policy.impl.PhoneWindow.doInvalidatePanelMenu(PhoneWindow.java:800)
06-08 15:56:53.496 E/AndroidRuntime(29877): 	at com.android.internal.policy.impl.PhoneWindow$1.run(PhoneWindow.java:221)
06-08 15:56:53.496 E/AndroidRuntime(29877): 	at android.os.Handler.handleCallback(Handler.java:733)
06-08 15:56:53.496 E/AndroidRuntime(29877): 	at android.os.Handler.dispatchMessage(Handler.java:95)
06-08 15:56:53.496 E/AndroidRuntime(29877): 	at android.os.Looper.loop(Looper.java:136)
06-08 15:56:53.496 E/AndroidRuntime(29877): 	at android.app.ActivityThread.main(ActivityThread.java:5095)
06-08 15:56:53.496 E/AndroidRuntime(29877): 	at java.lang.reflect.Method.invokeNative(Native Method)
06-08 15:56:53.496 E/AndroidRuntime(29877): 	at java.lang.reflect.Method.invoke(Method.java:515)
06-08 15:56:53.496 E/AndroidRuntime(29877): 	at com.android.internal.os.ZygoteInit$MethodAndArgsCaller.run(ZygoteInit.java:786)
06-08 15:56:53.496 E/AndroidRuntime(29877): 	at com.android.internal.os.ZygoteInit.main(ZygoteInit.java:602)
06-08 15:56:53.496 E/AndroidRuntime(29877): 	at dalvik.system.NativeStart.main(Native Method)
06-08 15:56:53.776 F/ActivityManager(  801): Service ServiceRecord{42034098 u0 com.android.gallery3d/.app.BatchService} in process ProcessRecord{41a9e008 27747:com.android.gallery3d/u0a38} not same as in map: null
06-08 15:56:55.966 E/WindowManager(  801): Starting window AppWindowToken{41c77e98 token=Token{41bc3ff8 ActivityRecord{41bc65a0 u0 com.example.textjni/.MainActivity t445}}} timed out
06-08 15:57:06.246 E/MountService(  801): Failed to share/unshare
06-08 15:57:06.246 E/MountService(  801): com.android.server.NativeDaemonConnector$NativeDaemonFailureException: command '171 volume unshare /storage/sdcard1 ums' failed with '400 171 volume operation failed (Invalid argument)'
06-08 15:57:06.246 E/MountService(  801): 	at com.android.server.NativeDaemonConnector.execute(NativeDaemonConnector.java:391)
06-08 15:57:06.246 E/MountService(  801): 	at com.android.server.NativeDaemonConnector.executeForList(NativeDaemonConnector.java:327)
06-08 15:57:06.246 E/MountService(  801): 	at com.android.server.NativeDaemonConnector.execute(NativeDaemonConnector.java:292)
06-08 15:57:06.246 E/MountService(  801): 	at com.android.server.MountService.doShareUnshareVolume(MountService.java:656)
06-08 15:57:06.246 E/MountService(  801): 	at com.android.server.MountService.setUsbMassStorageEnabled(MountService.java:1568)
06-08 15:57:06.246 E/MountService(  801): 	at android.os.storage.IMountService$Stub.onTransact(IMountService.java:891)
06-08 15:57:06.246 E/MountService(  801): 	at android.os.Binder.execTransact(Binder.java:404)
06-08 15:57:06.246 E/MountService(  801): 	at dalvik.system.NativeStart.run(Native Method)
06-08 15:57:06.246 E/MountService(  801): Failed to remount /storage/sdcard1 after disabling share method ums
06-08 15:57:06.256 E/MountService(  801): Failed to share/unshare
06-08 15:57:06.256 E/MountService(  801): com.android.server.NativeDaemonConnector$NativeDaemonFailureException: command '173 volume unshare /storage/uicc0 ums' failed with '406 173 volume operation failed (No such file or directory)'
06-08 15:57:06.256 E/MountService(  801): 	at com.android.server.NativeDaemonConnector.execute(NativeDaemonConnector.java:391)
06-08 15:57:06.256 E/MountService(  801): 	at com.android.server.NativeDaemonConnector.executeForList(NativeDaemonConnector.java:327)
06-08 15:57:06.256 E/MountService(  801): 	at com.android.server.NativeDaemonConnector.execute(NativeDaemonConnector.java:292)
06-08 15:57:06.256 E/MountService(  801): 	at com.android.server.MountService.doShareUnshareVolume(MountService.java:656)
06-08 15:57:06.256 E/MountService(  801): 	at com.android.server.MountService.setUsbMassStorageEnabled(MountService.java:1568)
06-08 15:57:06.256 E/MountService(  801): 	at android.os.storage.IMountService$Stub.onTransact(IMountService.java:891)
06-08 15:57:06.256 E/MountService(  801): 	at android.os.Binder.execTransact(Binder.java:404)
06-08 15:57:06.256 E/MountService(  801): 	at dalvik.system.NativeStart.run(Native Method)
06-08 15:57:06.256 E/MountService(  801): Failed to remount /storage/uicc0 after disabling share method ums
06-08 15:57:16.156 E/WindowManager(  801): Starting window AppWindowToken{422231f8 token=Token{41d1a3c0 ActivityRecord{41b3dda8 u0 com.android.stoptimer/.StopTimer t420}}} timed out
06-08 15:57:23.996 E/AndroidRuntime(30247): FATAL EXCEPTION: main
06-08 15:57:23.996 E/AndroidRuntime(30247): Process: com.android.contacts, PID: 30247
06-08 15:57:23.996 E/AndroidRuntime(30247): java.lang.NullPointerException
06-08 15:57:23.996 E/AndroidRuntime(30247): 	at com.android.contacts.activities.PeopleActivity.onPrepareOptionsMenu(PeopleActivity.java:1573)
06-08 15:57:23.996 E/AndroidRuntime(30247): 	at android.app.Activity.onPreparePanel(Activity.java:2599)
06-08 15:57:23.996 E/AndroidRuntime(30247): 	at com.android.internal.policy.impl.PhoneWindow.preparePanel(PhoneWindow.java:464)
06-08 15:57:23.996 E/AndroidRuntime(30247): 	at com.android.internal.policy.impl.PhoneWindow.doInvalidatePanelMenu(PhoneWindow.java:800)
06-08 15:57:23.996 E/AndroidRuntime(30247): 	at com.android.internal.policy.impl.PhoneWindow$1.run(PhoneWindow.java:221)
06-08 15:57:23.996 E/AndroidRuntime(30247): 	at android.os.Handler.handleCallback(Handler.java:733)
06-08 15:57:23.996 E/AndroidRuntime(30247): 	at android.os.Handler.dispatchMessage(Handler.java:95)
06-08 15:57:23.996 E/AndroidRuntime(30247): 	at android.os.Looper.loop(Looper.java:136)
06-08 15:57:23.996 E/AndroidRuntime(30247): 	at android.app.ActivityThread.main(ActivityThread.java:5095)
06-08 15:57:23.996 E/AndroidRuntime(30247): 	at java.lang.reflect.Method.invokeNative(Native Method)
06-08 15:57:23.996 E/AndroidRuntime(30247): 	at java.lang.reflect.Method.invoke(Method.java:515)
06-08 15:57:23.996 E/AndroidRuntime(30247): 	at com.android.internal.os.ZygoteInit$MethodAndArgsCaller.run(ZygoteInit.java:786)
06-08 15:57:23.996 E/AndroidRuntime(30247): 	at com.android.internal.os.ZygoteInit.main(ZygoteInit.java:602)
06-08 15:57:23.996 E/AndroidRuntime(30247): 	at dalvik.system.NativeStart.main(Native Method)
06-08 15:57:51.546 E/AndroidRuntime(30647): FATAL EXCEPTION: main
06-08 15:57:51.546 E/AndroidRuntime(30647): Process: com.example.textjni, PID: 30647
06-08 15:57:51.546 E/AndroidRuntime(30647): java.lang.UnsatisfiedLinkError: Couldn't load textjni from loader dalvik.system.PathClassLoader[DexPathList[[zip file "/data/app/com.example.textjni-1.apk"],nativeLibraryDirectories=[/data/app-lib/com.example.textjni-1, /vendor/lib, /system/lib]]]: findLibrary returned null
06-08 15:57:51.546 E/AndroidRuntime(30647): 	at java.lang.Runtime.loadLibrary(Runtime.java:358)
06-08 15:57:51.546 E/AndroidRuntime(30647): 	at java.lang.System.loadLibrary(System.java:526)
06-08 15:57:51.546 E/AndroidRuntime(30647): 	at com.example.textjni.MainActivity.<clinit>(MainActivity.java:10)
06-08 15:57:51.546 E/AndroidRuntime(30647): 	at java.lang.Class.newInstanceImpl(Native Method)
06-08 15:57:51.546 E/AndroidRuntime(30647): 	at java.lang.Class.newInstance(Class.java:1208)
06-08 15:57:51.546 E/AndroidRuntime(30647): 	at android.app.Instrumentation.newActivity(Instrumentation.java:1061)
06-08 15:57:51.546 E/AndroidRuntime(30647): 	at android.app.ActivityThread.performLaunchActivity(ActivityThread.java:2104)
06-08 15:57:51.546 E/AndroidRuntime(30647): 	at android.app.ActivityThread.handleLaunchActivity(ActivityThread.java:2236)
06-08 15:57:51.546 E/AndroidRuntime(30647): 	at android.app.ActivityThread.access$800(ActivityThread.java:138)
06-08 15:57:51.546 E/AndroidRuntime(30647): 	at android.app.ActivityThread$H.handleMessage(ActivityThread.java:1199)
06-08 15:57:51.546 E/AndroidRuntime(30647): 	at android.os.Handler.dispatchMessage(Handler.java:102)
06-08 15:57:51.546 E/AndroidRuntime(30647): 	at android.os.Looper.loop(Looper.java:136)
06-08 15:57:51.546 E/AndroidRuntime(30647): 	at android.app.ActivityThread.main(ActivityThread.java:5095)
06-08 15:57:51.546 E/AndroidRuntime(30647): 	at java.lang.reflect.Method.invokeNative(Native Method)
06-08 15:57:51.546 E/AndroidRuntime(30647): 	at java.lang.reflect.Method.invoke(Method.java:515)
06-08 15:57:51.546 E/AndroidRuntime(30647): 	at com.android.internal.os.ZygoteInit$MethodAndArgsCaller.run(ZygoteInit.java:786)
06-08 15:57:51.546 E/AndroidRuntime(30647): 	at com.android.internal.os.ZygoteInit.main(ZygoteInit.java:602)
06-08 15:57:51.546 E/AndroidRuntime(30647): 	at dalvik.system.NativeStart.main(Native Method)
06-08 15:57:51.766 E/AndroidRuntime(30661): FATAL EXCEPTION: main
06-08 15:57:51.766 E/AndroidRuntime(30661): Process: com.example.textjni, PID: 30661
06-08 15:57:51.766 E/AndroidRuntime(30661): java.lang.UnsatisfiedLinkError: Couldn't load textjni from loader dalvik.system.PathClassLoader[DexPathList[[zip file "/data/app/com.example.textjni-1.apk"],nativeLibraryDirectories=[/data/app-lib/com.example.textjni-1, /vendor/lib, /system/lib]]]: findLibrary returned null
06-08 15:57:51.766 E/AndroidRuntime(30661): 	at java.lang.Runtime.loadLibrary(Runtime.java:358)
06-08 15:57:51.766 E/AndroidRuntime(30661): 	at java.lang.System.loadLibrary(System.java:526)
06-08 15:57:51.766 E/AndroidRuntime(30661): 	at com.example.textjni.MainActivity.<clinit>(MainActivity.java:10)
06-08 15:57:51.766 E/AndroidRuntime(30661): 	at java.lang.Class.newInstanceImpl(Native Method)
06-08 15:57:51.766 E/AndroidRuntime(30661): 	at java.lang.Class.newInstance(Class.java:1208)
06-08 15:57:51.766 E/AndroidRuntime(30661): 	at android.app.Instrumentation.newActivity(Instrumentation.java:1061)
06-08 15:57:51.766 E/AndroidRuntime(30661): 	at android.app.ActivityThread.performLaunchActivity(ActivityThread.java:2104)
06-08 15:57:51.766 E/AndroidRuntime(30661): 	at android.app.ActivityThread.handleLaunchActivity(ActivityThread.java:2236)
06-08 15:57:51.766 E/AndroidRuntime(30661): 	at android.app.ActivityThread.access$800(ActivityThread.java:138)
06-08 15:57:51.766 E/AndroidRuntime(30661): 	at android.app.ActivityThread$H.handleMessage(ActivityThread.java:1199)
06-08 15:57:51.766 E/AndroidRuntime(30661): 	at android.os.Handler.dispatchMessage(Handler.java:102)
06-08 15:57:51.766 E/AndroidRuntime(30661): 	at android.os.Looper.loop(Looper.java:136)
06-08 15:57:51.766 E/AndroidRuntime(30661): 	at android.app.ActivityThread.main(ActivityThread.java:5095)
06-08 15:57:51.766 E/AndroidRuntime(30661): 	at java.lang.reflect.Method.invokeNative(Native Method)
06-08 15:57:51.766 E/AndroidRuntime(30661): 	at java.lang.reflect.Method.invoke(Method.java:515)
06-08 15:57:51.766 E/AndroidRuntime(30661): 	at com.android.internal.os.ZygoteInit$MethodAndArgsCaller.run(ZygoteInit.java:786)
06-08 15:57:51.766 E/AndroidRuntime(30661): 	at com.android.internal.os.ZygoteInit.main(ZygoteInit.java:602)
06-08 15:57:51.766 E/AndroidRuntime(30661): 	at dalvik.system.NativeStart.main(Native Method)
06-08 15:58:04.586 E/WindowManager(  801): Starting window AppWindowToken{4200f548 token=Token{419afae0 ActivityRecord{41b86dc0 u0 com.android.qworldclock/.QWorldClock t454}}} timed out
06-08 15:58:06.676 E/WindowManager(  801): Starting window AppWindowToken{41ca1a28 token=Token{41b6ac38 ActivityRecord{41b986c8 u0 com.android.settings/.Settings$TetherSettingsActivity t444}}} timed out
06-08 15:58:18.766 E/MountService(  801): Failed to share/unshare
06-08 15:58:18.766 E/MountService(  801): com.android.server.NativeDaemonConnector$NativeDaemonFailureException: command '177 volume unshare /storage/sdcard1 ums' failed with '400 177 volume operation failed (Invalid argument)'
06-08 15:58:18.766 E/MountService(  801): 	at com.android.server.NativeDaemonConnector.execute(NativeDaemonConnector.java:391)
06-08 15:58:18.766 E/MountService(  801): 	at com.android.server.NativeDaemonConnector.executeForList(NativeDaemonConnector.java:327)
06-08 15:58:18.766 E/MountService(  801): 	at com.android.server.NativeDaemonConnector.execute(NativeDaemonConnector.java:292)
06-08 15:58:18.766 E/MountService(  801): 	at com.android.server.MountService.doShareUnshareVolume(MountService.java:656)
06-08 15:58:18.766 E/MountService(  801): 	at com.android.server.MountService.setUsbMassStorageEnabled(MountService.java:1568)
06-08 15:58:18.766 E/MountService(  801): 	at android.os.storage.IMountService$Stub.onTransact(IMountService.java:891)
06-08 15:58:18.766 E/MountService(  801): 	at android.os.Binder.execTransact(Binder.java:404)
06-08 15:58:18.766 E/MountService(  801): 	at dalvik.system.NativeStart.run(Native Method)
06-08 15:58:18.776 E/MountService(  801): Failed to remount /storage/sdcard1 after disabling share method ums
06-08 15:58:18.776 E/MountService(  801): Failed to share/unshare
06-08 15:58:18.776 E/MountService(  801): com.android.server.NativeDaemonConnector$NativeDaemonFailureException: command '179 volume unshare /storage/uicc0 ums' failed with '406 179 volume operation failed (No such file or directory)'
06-08 15:58:18.776 E/MountService(  801): 	at com.android.server.NativeDaemonConnector.execute(NativeDaemonConnector.java:391)
06-08 15:58:18.776 E/MountService(  801): 	at com.android.server.NativeDaemonConnector.executeForList(NativeDaemonConnector.java:327)
06-08 15:58:18.776 E/MountService(  801): 	at com.android.server.NativeDaemonConnector.execute(NativeDaemonConnector.java:292)
06-08 15:58:18.776 E/MountService(  801): 	at com.android.server.MountService.doShareUnshareVolume(MountService.java:656)
06-08 15:58:18.776 E/MountService(  801): 	at com.android.server.MountService.setUsbMassStorageEnabled(MountService.java:1568)
06-08 15:58:18.776 E/MountService(  801): 	at android.os.storage.IMountService$Stub.onTransact(IMountService.java:891)
06-08 15:58:18.776 E/MountService(  801): 	at android.os.Binder.execTransact(Binder.java:404)
06-08 15:58:18.776 E/MountService(  801): 	at dalvik.system.NativeStart.run(Native Method)
06-08 15:58:18.786 E/MountService(  801): Failed to remount /storage/uicc0 after disabling share method ums
--------- beginning of /dev/log/main
06-08 15:58:38.786 E/mm-camera(  309): mct_pipeline_stop_session: left modules: 5
06-08 15:58:38.786 E/mm-camera(  309): mct_pipeline_stop_session: left modules: 4
06-08 15:58:38.786 E/mm-camera(  309): mct_pipeline_stop_session: left modules: 3
06-08 15:58:38.796 E/mm-camera(  309): isp_tintless_bg_pca_close: Enter
06-08 15:58:38.796 E/mm-camera(  309): isp_tintless_bg_pca_close: tint_lib 0xb8122b08, deinit_func 0xb5f7d085 
06-08 15:58:38.796 E/        (  309): dmlroc_deinit
06-08 15:58:38.796 E/mm-camera(  309): isp_tintless_bg_pca_close: close/unload tintless lib 0
06-08 15:58:38.796 E/mm-camera(  309): mct_pipeline_stop_session: left modules: 2
06-08 15:58:38.796 E/mm-camera(  309): mct_pipeline_stop_session: left modules: 1
06-08 15:58:38.826 E/mm-camera(  309): Got some events
06-08 15:58:38.826 E/mm-camera(  309): mct_pipeline_stop_session: left modules: 0
06-08 15:58:41.656 E/LocSvc_libulp(  801): I/===> int ulp_msg_process_system_update(UlpSystemEvent) line 1460 
06-08 15:58:41.656 E/LocSvc_libulp(  801): I/int ulp_msg_process_system_update(UlpSystemEvent): systemEvent:5 
06-08 15:58:41.656 E/LocSvc_libulp(  801): I/===> int ulp_brain_process_system_update(UlpSystemEvent) line 2345 
06-08 15:58:41.656 E/LocSvc_libulp(  801): I/===> int ulp_brain_select_providers() line 333 
06-08 15:58:41.656 E/LocSvc_libulp(  801): I/===> int ulp_brain_turn_onoff_quipc_provider() line 700 
06-08 15:58:41.656 E/LocSvc_libulp(  801): I/===> int ulp_quipc_stop_engine() line 238 
06-08 15:58:41.656 E/LocSvc_libulp(  801): I/===> bool ulp_quipc_engine_running() line 63 
06-08 15:58:41.656 E/LocSvc_libulp(  801): I/===> int ulp_brain_turn_onoff_gnss_provider() line 595 
06-08 15:58:41.666 E/LocSvc_libulp(  801): I/===> int ulp_gnss_stop_engine() line 262 
06-08 15:58:41.666 E/LocSvc_libulp(  801): I/===> bool ulp_quipc_engine_running() line 63 
06-08 15:58:41.666 E/LocSvc_libulp(  801): I/===> int ulp_brain_turn_onoff_gnp_provider() line 496 
06-08 15:58:41.666 E/LocSvc_libulp(  801): I/===> bool ulp_gnp_engine_running() line 59 
06-08 15:58:41.666 E/LocSvc_libulp(  801): I/===> int ulp_gnp_stop_engine() line 195 
06-08 15:58:41.666 E/LocSvc_libulp(  801): I/===> bool ulp_gnp_engine_running() line 59 
06-08 15:58:41.666 E/LocSvc_libulp(  801): I/===> bool ulp_gnp_engine_running() line 59 
06-08 15:58:41.666 E/LocSvc_libulp(  801): I/===> int ulp_brain_turn_onoff_zpp_provider() line 437 
06-08 15:58:41.666 E/LocSvc_libulp(  801): I/===> int ulp_zpp_stop_engine() line 174 
06-08 15:58:41.666 E/LocSvc_libulp(  801): I/===> bool ulp_zpp_engine_running() line 62 
06-08 15:58:41.666 E/LocSvc_libulp(  801): I/===> int ulp_msg_process_start_req() line 452 
06-08 15:58:41.666 E/LocSvc_libulp(  801): I/int ulp_msg_process_start_req(), at ulp state = 1
06-08 15:58:41.856 E/cutils  (  240): Failed to mkdirat(/storage/sdcard1/Android): Read-only file system
06-08 15:58:41.986 E/AudioManagerAndroid(31286): BLUETOOTH permission is missing!
06-08 15:58:43.886 E/Tab     (31286): onReceivedError -1 http://i.vnet.mobi/index.html net::ERR_EMPTY_RESPONSE
06-08 15:58:43.956 E/browser (31286): Console: Not allowed to load local resource: file:///android_asset/webkit/android-weberror.png data:text/html,chromewebdata:12
06-08 15:58:44.286 E/DiagJNIInterface(31390): Trying to load libDiagService
06-08 15:58:44.306 E/Diag_Lib(31390): JNI_OnLoad called
06-08 15:58:44.466 E/NotificationService(  801): An error occurred profiling the notification.
06-08 15:58:44.466 E/NotificationService(  801): java.lang.NullPointerException
06-08 15:58:44.466 E/NotificationService(  801): 	at com.android.server.NotificationManagerService$6.run(NotificationManagerService.java:1856)
06-08 15:58:44.466 E/NotificationService(  801): 	at android.os.Handler.handleCallback(Handler.java:733)
06-08 15:58:44.466 E/NotificationService(  801): 	at android.os.Handler.dispatchMessage(Handler.java:95)
06-08 15:58:44.466 E/NotificationService(  801): 	at android.os.Looper.loop(Looper.java:136)
06-08 15:58:44.466 E/NotificationService(  801): 	at com.android.server.ServerThread.initAndLoop(SystemServer.java:1184)
06-08 15:58:44.466 E/NotificationService(  801): 	at com.android.server.SystemServer.main(SystemServer.java:1309)
06-08 15:58:44.466 E/NotificationService(  801): 	at java.lang.reflect.Method.invokeNative(Native Method)
06-08 15:58:44.466 E/NotificationService(  801): 	at java.lang.reflect.Method.invoke(Method.java:515)
06-08 15:58:44.466 E/NotificationService(  801): 	at com.android.internal.os.ZygoteInit$MethodAndArgsCaller.run(ZygoteInit.java:786)
06-08 15:58:44.466 E/NotificationService(  801): 	at com.android.internal.os.ZygoteInit.main(ZygoteInit.java:602)
06-08 15:58:44.466 E/NotificationService(  801): 	at dalvik.system.NativeStart.main(Native Method)
06-08 15:58:45.366 E/ActivityThread( 3177): Performing stop of activity that is not resumed: {com.android.stk/com.android.stk.StkInputActivity}
06-08 15:58:45.366 E/ActivityThread( 3177): java.lang.RuntimeException: Performing stop of activity that is not resumed: {com.android.stk/com.android.stk.StkInputActivity}
06-08 15:58:45.366 E/ActivityThread( 3177): 	at android.app.ActivityThread.performStopActivityInner(ActivityThread.java:3136)
06-08 15:58:45.366 E/ActivityThread( 3177): 	at android.app.ActivityThread.handleStopActivity(ActivityThread.java:3223)
06-08 15:58:45.366 E/ActivityThread( 3177): 	at android.app.ActivityThread.access$1100(ActivityThread.java:138)
06-08 15:58:45.366 E/ActivityThread( 3177): 	at android.app.ActivityThread$H.handleMessage(ActivityThread.java:1226)
06-08 15:58:45.366 E/ActivityThread( 3177): 	at android.os.Handler.dispatchMessage(Handler.java:102)
06-08 15:58:45.366 E/ActivityThread( 3177): 	at android.os.Looper.loop(Looper.java:136)
06-08 15:58:45.366 E/ActivityThread( 3177): 	at android.app.ActivityThread.main(ActivityThread.java:5095)
06-08 15:58:45.366 E/ActivityThread( 3177): 	at java.lang.reflect.Method.invokeNative(Native Method)
06-08 15:58:45.366 E/ActivityThread( 3177): 	at java.lang.reflect.Method.invoke(Method.java:515)
06-08 15:58:45.366 E/ActivityThread( 3177): 	at com.android.internal.os.ZygoteInit$MethodAndArgsCaller.run(ZygoteInit.java:786)
06-08 15:58:45.366 E/ActivityThread( 3177): 	at com.android.internal.os.ZygoteInit.main(ZygoteInit.java:602)
06-08 15:58:45.366 E/ActivityThread( 3177): 	at dalvik.system.NativeStart.main(Native Method)
06-08 15:58:46.396 E/NotificationService(  801): An error occurred profiling the notification.
06-08 15:58:46.396 E/NotificationService(  801): java.lang.NullPointerException
06-08 15:58:46.396 E/NotificationService(  801): 	at com.android.server.NotificationManagerService$6.run(NotificationManagerService.java:1856)
06-08 15:58:46.396 E/NotificationService(  801): 	at android.os.Handler.handleCallback(Handler.java:733)
06-08 15:58:46.396 E/NotificationService(  801): 	at android.os.Handler.dispatchMessage(Handler.java:95)
06-08 15:58:46.396 E/NotificationService(  801): 	at android.os.Looper.loop(Looper.java:136)
06-08 15:58:46.396 E/NotificationService(  801): 	at com.android.server.ServerThread.initAndLoop(SystemServer.java:1184)
06-08 15:58:46.396 E/NotificationService(  801): 	at com.android.server.SystemServer.main(SystemServer.java:1309)
06-08 15:58:46.396 E/NotificationService(  801): 	at java.lang.reflect.Method.invokeNative(Native Method)
06-08 15:58:46.396 E/NotificationService(  801): 	at java.lang.reflect.Method.invoke(Method.java:515)
06-08 15:58:46.396 E/NotificationService(  801): 	at com.android.internal.os.ZygoteInit$MethodAndArgsCaller.run(ZygoteInit.java:786)
06-08 15:58:46.396 E/NotificationService(  801): 	at com.android.internal.os.ZygoteInit.main(ZygoteInit.java:602)
06-08 15:58:46.396 E/NotificationService(  801): 	at dalvik.system.NativeStart.main(Native Method)
06-08 15:58:47.706 E/NotificationService(  801): An error occurred profiling the notification.
06-08 15:58:47.706 E/NotificationService(  801): java.lang.NullPointerException
06-08 15:58:47.706 E/NotificationService(  801): 	at com.android.server.NotificationManagerService$6.run(NotificationManagerService.java:1856)
06-08 15:58:47.706 E/NotificationService(  801): 	at android.os.Handler.handleCallback(Handler.java:733)
06-08 15:58:47.706 E/NotificationService(  801): 	at android.os.Handler.dispatchMessage(Handler.java:95)
06-08 15:58:47.706 E/NotificationService(  801): 	at android.os.Looper.loop(Looper.java:136)
06-08 15:58:47.706 E/NotificationService(  801): 	at com.android.server.ServerThread.initAndLoop(SystemServer.java:1184)
06-08 15:58:47.706 E/NotificationService(  801): 	at com.android.server.SystemServer.main(SystemServer.java:1309)
06-08 15:58:47.706 E/NotificationService(  801): 	at java.lang.reflect.Method.invokeNative(Native Method)
06-08 15:58:47.706 E/NotificationService(  801): 	at java.lang.reflect.Method.invoke(Method.java:515)
06-08 15:58:47.706 E/NotificationService(  801): 	at com.android.internal.os.ZygoteInit$MethodAndArgsCaller.run(ZygoteInit.java:786)
06-08 15:58:47.706 E/NotificationService(  801): 	at com.android.internal.os.ZygoteInit.main(ZygoteInit.java:602)
06-08 15:58:47.706 E/NotificationService(  801): 	at dalvik.system.NativeStart.main(Native Method)
06-08 15:58:48.206 E/NotificationService(  801): An error occurred profiling the notification.
06-08 15:58:48.206 E/NotificationService(  801): java.lang.NullPointerException
06-08 15:58:48.206 E/NotificationService(  801): 	at com.android.server.NotificationManagerService$6.run(NotificationManagerService.java:1856)
06-08 15:58:48.206 E/NotificationService(  801): 	at android.os.Handler.handleCallback(Handler.java:733)
06-08 15:58:48.206 E/NotificationService(  801): 	at android.os.Handler.dispatchMessage(Handler.java:95)
06-08 15:58:48.206 E/NotificationService(  801): 	at android.os.Looper.loop(Looper.java:136)
06-08 15:58:48.206 E/NotificationService(  801): 	at com.android.server.ServerThread.initAndLoop(SystemServer.java:1184)
06-08 15:58:48.206 E/NotificationService(  801): 	at com.android.server.SystemServer.main(SystemServer.java:1309)
06-08 15:58:48.206 E/NotificationService(  801): 	at java.lang.reflect.Method.invokeNative(Native Method)
06-08 15:58:48.206 E/NotificationService(  801): 	at java.lang.reflect.Method.invoke(Method.java:515)
06-08 15:58:48.206 E/NotificationService(  801): 	at com.android.internal.os.ZygoteInit$MethodAndArgsCaller.run(ZygoteInit.java:786)
06-08 15:58:48.206 E/NotificationService(  801): 	at com.android.internal.os.ZygoteInit.main(ZygoteInit.java:602)
06-08 15:58:48.206 E/NotificationService(  801): 	at dalvik.system.NativeStart.main(Native Method)
06-08 15:58:49.006 E/RichInputConnection(15797): Unable to connect to the editor to retrieve text... will retry later
06-08 15:58:49.096 E/NotificationService(  801): An error occurred profiling the notification.
06-08 15:58:49.096 E/NotificationService(  801): java.lang.NullPointerException
06-08 15:58:49.096 E/NotificationService(  801): 	at com.android.server.NotificationManagerService$6.run(NotificationManagerService.java:1856)
06-08 15:58:49.096 E/NotificationService(  801): 	at android.os.Handler.handleCallback(Handler.java:733)
06-08 15:58:49.096 E/NotificationService(  801): 	at android.os.Handler.dispatchMessage(Handler.java:95)
06-08 15:58:49.096 E/NotificationService(  801): 	at android.os.Looper.loop(Looper.java:136)
06-08 15:58:49.096 E/NotificationService(  801): 	at com.android.server.ServerThread.initAndLoop(SystemServer.java:1184)
06-08 15:58:49.096 E/NotificationService(  801): 	at com.android.server.SystemServer.main(SystemServer.java:1309)
06-08 15:58:49.096 E/NotificationService(  801): 	at java.lang.reflect.Method.invokeNative(Native Method)
06-08 15:58:49.096 E/NotificationService(  801): 	at java.lang.reflect.Method.invoke(Method.java:515)
06-08 15:58:49.096 E/NotificationService(  801): 	at com.android.internal.os.ZygoteInit$MethodAndArgsCaller.run(ZygoteInit.java:786)
06-08 15:58:49.096 E/NotificationService(  801): 	at com.android.internal.os.ZygoteInit.main(ZygoteInit.java:602)
06-08 15:58:49.096 E/NotificationService(  801): 	at dalvik.system.NativeStart.main(Native Method)
06-08 15:58:49.316 E/RichInputConnection(15797): Unable to connect to the editor to retrieve text... will retry later
06-08 15:58:50.536 E/LocSvc_libulp(  801): I/===> int ulp_msg_process_phone_setting_update(const UlpPhoneContextSettings*) line 560 
06-08 15:58:50.536 E/LocSvc_libulp(  801): I/int ulp_msg_process_phone_setting_update(const UlpPhoneContextSettings*), context type: 0x0
06-08 15:58:50.536 E/LocSvc_libulp(  801):   gps enabled: 0
06-08 15:58:50.536 E/LocSvc_libulp(  801):  network position available 0
06-08 15:58:50.536 E/LocSvc_libulp(  801):  wifi setting enabled 0
06-08 15:58:50.536 E/LocSvc_libulp(  801):  battery charging 0, agps enabled 1, enh_location_services_enabled 0is_pip_user_setting_enabled 0
06-08 15:58:50.536 E/LocSvc_libulp(  801): I/===> int ulp_brain_process_phone_setting_update() line 244 
06-08 15:58:50.536 E/LocSvc_libulp(  801): I/===> int ulp_msg_process_system_update(UlpSystemEvent) line 1460 
06-08 15:58:50.536 E/LocSvc_libulp(  801): I/int ulp_msg_process_system_update(UlpSystemEvent): systemEvent:4 
06-08 15:58:50.536 E/LocSvc_libulp(  801): I/===> int ulp_brain_process_system_update(UlpSystemEvent) line 2345 
06-08 15:58:50.956 E/NotificationService(  801): An error occurred profiling the notification.
06-08 15:58:50.956 E/NotificationService(  801): java.lang.NullPointerException
06-08 15:58:50.956 E/NotificationService(  801): 	at com.android.server.NotificationManagerService$6.run(NotificationManagerService.java:1856)
06-08 15:58:50.956 E/NotificationService(  801): 	at android.os.Handler.handleCallback(Handler.java:733)
06-08 15:58:50.956 E/NotificationService(  801): 	at android.os.Handler.dispatchMessage(Handler.java:95)
06-08 15:58:50.956 E/NotificationService(  801): 	at android.os.Looper.loop(Looper.java:136)
06-08 15:58:50.956 E/NotificationService(  801): 	at com.android.server.ServerThread.initAndLoop(SystemServer.java:1184)
06-08 15:58:50.956 E/NotificationService(  801): 	at com.android.server.SystemServer.main(SystemServer.java:1309)
06-08 15:58:50.956 E/NotificationService(  801): 	at java.lang.reflect.Method.invokeNative(Native Method)
06-08 15:58:50.956 E/NotificationService(  801): 	at java.lang.reflect.Method.invoke(Method.java:515)
06-08 15:58:50.956 E/NotificationService(  801): 	at com.android.internal.os.ZygoteInit$MethodAndArgsCaller.run(ZygoteInit.java:786)
06-08 15:58:50.956 E/NotificationService(  801): 	at com.android.internal.os.ZygoteInit.main(ZygoteInit.java:602)
06-08 15:58:50.956 E/NotificationService(  801): 	at dalvik.system.NativeStart.main(Native Method)
06-08 15:58:51.656 E/LocSvc_libulp(  801): I/===> int ulp_msg_process_system_update(UlpSystemEvent) line 1460 
06-08 15:58:51.656 E/LocSvc_libulp(  801): I/int ulp_msg_process_system_update(UlpSystemEvent): systemEvent:5 
06-08 15:58:51.656 E/LocSvc_libulp(  801): I/===> int ulp_brain_process_system_update(UlpSystemEvent) line 2345 
06-08 15:58:51.656 E/LocSvc_libulp(  801): I/===> int ulp_brain_select_providers() line 333 
06-08 15:58:51.656 E/LocSvc_libulp(  801): I/===> int ulp_brain_turn_onoff_quipc_provider() line 700 
06-08 15:58:51.656 E/LocSvc_libulp(  801): I/===> int ulp_quipc_stop_engine() line 238 
06-08 15:58:51.656 E/LocSvc_libulp(  801): I/===> bool ulp_quipc_engine_running() line 63 
06-08 15:58:51.656 E/LocSvc_libulp(  801): I/===> int ulp_brain_turn_onoff_gnss_provider() line 595 
06-08 15:58:51.656 E/LocSvc_libulp(  801): I/===> int ulp_gnss_stop_engine() line 262 
06-08 15:58:51.656 E/LocSvc_libulp(  801): I/===> bool ulp_quipc_engine_running() line 63 
06-08 15:58:51.656 E/LocSvc_libulp(  801): I/===> int ulp_brain_turn_onoff_gnp_provider() line 496 
06-08 15:58:51.656 E/LocSvc_libulp(  801): I/===> bool ulp_gnp_engine_running() line 59 
06-08 15:58:51.656 E/LocSvc_libulp(  801): I/===> int ulp_gnp_stop_engine() line 195 
06-08 15:58:51.656 E/LocSvc_libulp(  801): I/===> bool ulp_gnp_engine_running() line 59 
06-08 15:58:51.656 E/LocSvc_libulp(  801): I/===> bool ulp_gnp_engine_running() line 59 
06-08 15:58:51.656 E/LocSvc_libulp(  801): I/===> int ulp_brain_turn_onoff_zpp_provider() line 437 
06-08 15:58:51.656 E/LocSvc_libulp(  801): I/===> int ulp_zpp_stop_engine() line 174 
06-08 15:58:51.656 E/LocSvc_libulp(  801): I/===> bool ulp_zpp_engine_running() line 62 
06-08 15:58:51.666 E/LocSvc_libulp(  801): I/===> int ulp_msg_process_start_req() line 452 
06-08 15:58:51.666 E/LocSvc_libulp(  801): I/int ulp_msg_process_start_req(), at ulp state = 1
06-08 15:58:54.156 E/WindowManager(  801): Starting window AppWindowToken{41e91060 token=Token{41c9c1e8 ActivityRecord{41b15178 u0 com.qualcomm.qualcommsettings/.QualcommSettings t129}}} timed out
06-08 15:58:55.046 E/Mms     (28615): Settings Exception Reading Dual Sim Voice Prompt Values
06-08 15:58:55.216 E/ActivityThread(28615): Performing pause of activity that is not resumed: {com.android.mms/com.android.mms.ui.ComposeMessageActivity}
06-08 15:58:55.216 E/ActivityThread(28615): java.lang.RuntimeException: Performing pause of activity that is not resumed: {com.android.mms/com.android.mms.ui.ComposeMessageActivity}
06-08 15:58:55.216 E/ActivityThread(28615): 	at android.app.ActivityThread.performPauseActivity(ActivityThread.java:3018)
06-08 15:58:55.216 E/ActivityThread(28615): 	at android.app.ActivityThread.performPauseActivity(ActivityThread.java:3006)
06-08 15:58:55.216 E/ActivityThread(28615): 	at android.app.ActivityThread.handlePauseActivity(ActivityThread.java:2984)
06-08 15:58:55.216 E/ActivityThread(28615): 	at android.app.ActivityThread.access$1000(ActivityThread.java:138)
06-08 15:58:55.216 E/ActivityThread(28615): 	at android.app.ActivityThread$H.handleMessage(ActivityThread.java:1210)
06-08 15:58:55.216 E/ActivityThread(28615): 	at android.os.Handler.dispatchMessage(Handler.java:102)
06-08 15:58:55.216 E/ActivityThread(28615): 	at android.os.Looper.loop(Looper.java:136)
06-08 15:58:55.216 E/ActivityThread(28615): 	at android.app.ActivityThread.main(ActivityThread.java:5095)
06-08 15:58:55.216 E/ActivityThread(28615): 	at java.lang.reflect.Method.invokeNative(Native Method)
06-08 15:58:55.216 E/ActivityThread(28615): 	at java.lang.reflect.Method.invoke(Method.java:515)
06-08 15:58:55.216 E/ActivityThread(28615): 	at com.android.internal.os.ZygoteInit$MethodAndArgsCaller.run(ZygoteInit.java:786)
06-08 15:58:55.216 E/ActivityThread(28615): 	at com.android.internal.os.ZygoteInit.main(ZygoteInit.java:602)
06-08 15:58:55.216 E/ActivityThread(28615): 	at dalvik.system.NativeStart.main(Native Method)
06-08 15:58:56.086 E/SipCallOptionHandler( 3177): Call intent: Intent { act=android.intent.action.CALL dat=tel:xxxxxxxxxxxxx (has extras) }extrasBundle[{android.phone.extra.ACTUAL_NUMBER_TO_DIAL=1000100000000, org.codeaurora.extra.DIAL_CONFERENCE_URI=false, subscription=0, android.phone.extra.CALL_DOMAIN=1, android.phone.extra.CALL_TYPE=0, ip_call=false}]
06-08 15:58:56.086 E/SipCallOptionHandler( 3177): isIMSVTCall = false
06-08 15:58:56.086 E/SipCallOptionHandler( 3177): isMultiSimEnabled() = true
06-08 15:58:56.086 E/SipCallOptionHandler( 3177): currentSubscription =  0
06-08 15:58:56.146 E/SipCallOptionHandler( 3177): isIMSRegisterd = false
06-08 15:58:56.226 E/audio_a2dp_hw(  255): adev_set_parameters: ERROR: set param called even when stream out is null
06-08 15:58:56.276 E/audio_a2dp_hw(  255): adev_set_parameters: ERROR: set param called even when stream out is null
06-08 15:58:56.376 E/QcConnectivityService(  801): net.tcp.usercfg.default not found in system default properties
06-08 15:58:56.376 E/QcConnectivityService(  801): Can't set delayed ACK size:java.io.FileNotFoundException: /sys/kernel/ipv4/tcp_use_userconfig: open failed: EACCES (Permission denied)
06-08 15:58:56.376 E/QcConnectivityService(  801): net.tcp.delack.default not found in system default properties
06-08 15:58:56.376 E/QcConnectivityService(  801): Can't set delayed ACK size:java.io.FileNotFoundException: /sys/kernel/ipv4/tcp_delack_seg: open failed: EACCES (Permission denied)
06-08 15:58:56.506 E/ACDB-LOADER(  255): Error: ACDB AFE returned = -19
06-08 15:58:56.516 E/ACDB-LOADER(  255): Error: ACDB AFE returned = -19
06-08 15:58:56.516 E/ACDB-LOADER(  255): Error: ACDB AFE returned = -19
06-08 15:58:56.516 E/ACDB-LOADER(  255): Error: ACDB AANC returned = -19
06-08 15:58:56.676 E/CallDetails( 3177): list is null in setConfUriList
06-08 15:58:56.966 E/CallDetails( 3177): list is null in setConfUriList
06-08 15:58:56.966 E/CallDetails( 3177): list is null in setConfUriList
06-08 15:58:57.026 E/ActivityThread(28615): Performing stop of activity that is not resumed: {com.android.mms/com.android.mms.ui.ComposeMessageActivity}
06-08 15:58:57.026 E/ActivityThread(28615): java.lang.RuntimeException: Performing stop of activity that is not resumed: {com.android.mms/com.android.mms.ui.ComposeMessageActivity}
06-08 15:58:57.026 E/ActivityThread(28615): 	at android.app.ActivityThread.performStopActivityInner(ActivityThread.java:3136)
06-08 15:58:57.026 E/ActivityThread(28615): 	at android.app.ActivityThread.handleStopActivity(ActivityThread.java:3223)
06-08 15:58:57.026 E/ActivityThread(28615): 	at android.app.ActivityThread.access$1100(ActivityThread.java:138)
06-08 15:58:57.026 E/ActivityThread(28615): 	at android.app.ActivityThread$H.handleMessage(ActivityThread.java:1226)
06-08 15:58:57.026 E/ActivityThread(28615): 	at android.os.Handler.dispatchMessage(Handler.java:102)
06-08 15:58:57.026 E/ActivityThread(28615): 	at android.os.Looper.loop(Looper.java:136)
06-08 15:58:57.026 E/ActivityThread(28615): 	at android.app.ActivityThread.main(ActivityThread.java:5095)
06-08 15:58:57.026 E/ActivityThread(28615): 	at java.lang.reflect.Method.invokeNative(Native Method)
06-08 15:58:57.026 E/ActivityThread(28615): 	at java.lang.reflect.Method.invoke(Method.java:515)
06-08 15:58:57.026 E/ActivityThread(28615): 	at com.android.internal.os.ZygoteInit$MethodAndArgsCaller.run(ZygoteInit.java:786)
06-08 15:58:57.026 E/ActivityThread(28615): 	at com.android.internal.os.ZygoteInit.main(ZygoteInit.java:602)
06-08 15:58:57.026 E/ActivityThread(28615): 	at dalvik.system.NativeStart.main(Native Method)
06-08 15:58:57.346 E/BluetoothPhoneService( 3177): Could not get a handle on Connection object for the call
06-08 15:58:57.416 E/HeadsetStateMachine(30050): terminateScoUsingVirtualVoiceCall:No present call to terminate
06-08 15:58:57.426 E/CallDetails( 3177): list is null in setConfUriList
06-08 15:58:57.726 E/CallDetails( 3177): list is null in setConfUriList
06-08 15:58:57.726 E/CallDetails( 3177): list is null in setConfUriList
06-08 15:58:58.006 E/BluetoothPhoneService( 3177): Could not get a handle on Connection object for the call
06-08 15:58:58.146 E/CallDetails( 3177): list is null in setConfUriList
06-08 15:58:58.536 E/NotificationService(  801): An error occurred profiling the notification.
06-08 15:58:58.536 E/NotificationService(  801): java.lang.NullPointerException
06-08 15:58:58.536 E/NotificationService(  801): 	at com.android.server.NotificationManagerService$6.run(NotificationManagerService.java:1856)
06-08 15:58:58.536 E/NotificationService(  801): 	at android.os.Handler.handleCallback(Handler.java:733)
06-08 15:58:58.536 E/NotificationService(  801): 	at android.os.Handler.dispatchMessage(Handler.java:95)
06-08 15:58:58.536 E/NotificationService(  801): 	at android.os.Looper.loop(Looper.java:136)
06-08 15:58:58.536 E/NotificationService(  801): 	at com.android.server.ServerThread.initAndLoop(SystemServer.java:1184)
06-08 15:58:58.536 E/NotificationService(  801): 	at com.android.server.SystemServer.main(SystemServer.java:1309)
06-08 15:58:58.536 E/NotificationService(  801): 	at java.lang.reflect.Method.invokeNative(Native Method)
06-08 15:58:58.536 E/NotificationService(  801): 	at java.lang.reflect.Method.invoke(Method.java:515)
06-08 15:58:58.536 E/NotificationService(  801): 	at com.android.internal.os.ZygoteInit$MethodAndArgsCaller.run(ZygoteInit.java:786)
06-08 15:58:58.536 E/NotificationService(  801): 	at com.android.internal.os.ZygoteInit.main(ZygoteInit.java:602)
06-08 15:58:58.536 E/NotificationService(  801): 	at dalvik.system.NativeStart.main(Native Method)
06-08 15:58:58.926 E/BluetoothPhoneService( 3177): Could not get a handle on Connection object for the call
06-08 15:58:58.936 E/HeadsetStateMachine(30050): terminateScoUsingVirtualVoiceCall:No present call to terminate
06-08 15:58:58.976 E/CallDetails( 3177): list is null in setConfUriList
06-08 15:58:59.336 E/NotificationService(  801): An error occurred profiling the notification.
06-08 15:58:59.336 E/NotificationService(  801): java.lang.NullPointerException
06-08 15:58:59.336 E/NotificationService(  801): 	at com.android.server.NotificationManagerService$6.run(NotificationManagerService.java:1856)
06-08 15:58:59.336 E/NotificationService(  801): 	at android.os.Handler.handleCallback(Handler.java:733)
06-08 15:58:59.336 E/NotificationService(  801): 	at android.os.Handler.dispatchMessage(Handler.java:95)
06-08 15:58:59.336 E/NotificationService(  801): 	at android.os.Looper.loop(Looper.java:136)
06-08 15:58:59.336 E/NotificationService(  801): 	at com.android.server.ServerThread.initAndLoop(SystemServer.java:1184)
06-08 15:58:59.336 E/NotificationService(  801): 	at com.android.server.SystemServer.main(SystemServer.java:1309)
06-08 15:58:59.336 E/NotificationService(  801): 	at java.lang.reflect.Method.invokeNative(Native Method)
06-08 15:58:59.336 E/NotificationService(  801): 	at java.lang.reflect.Method.invoke(Method.java:515)
06-08 15:58:59.336 E/NotificationService(  801): 	at com.android.internal.os.ZygoteInit$MethodAndArgsCaller.run(ZygoteInit.java:786)
06-08 15:58:59.336 E/NotificationService(  801): 	at com.android.internal.os.ZygoteInit.main(ZygoteInit.java:602)
06-08 15:58:59.336 E/NotificationService(  801): 	at dalvik.system.NativeStart.main(Native Method)
06-08 15:58:59.786 E/BluetoothPhoneService( 3177): Could not get a handle on Connection object for the call
06-08 15:59:00.306 E/AudioManagerAndroid(31650): BLUETOOTH permission is missing!
