06-08 15:59:51.426 E/browser (31286): Console: Not allowed to load local resource: file:///android_asset/webkit/android-weberror.png data:text/html,chromewebdata:12
06-08 15:59:51.496 E/browser (31286): Console: Not allowed to load local resource: file:///android_asset/webkit/android-weberror.png data:text/html,chromewebdata:12
06-08 15:59:51.586 E/browser (31286): Console: Not allowed to load local resource: file:///android_asset/webkit/android-weberror.png data:text/html,chromewebdata:12
06-08 15:59:51.616 E/browser (31286): Console: Not allowed to load local resource: file:///android_asset/webkit/android-weberror.png data:text/html,chromewebdata:12
06-08 15:59:51.666 E/LocSvc_libulp(  801): I/===> int ulp_msg_process_system_update(UlpSystemEvent) line 1460 
06-08 15:59:51.666 E/LocSvc_libulp(  801): I/int ulp_msg_process_system_update(UlpSystemEvent): systemEvent:5 
06-08 15:59:51.666 E/LocSvc_libulp(  801): I/===> int ulp_brain_process_system_update(UlpSystemEvent) line 2345 
06-08 15:59:51.676 E/browser (31286): Console: Not allowed to load local resource: file:///android_asset/webkit/android-weberror.png data:text/html,chromewebdata:12
06-08 15:59:51.726 E/browser (31286): Console: Not allowed to load local resource: file:///android_asset/webkit/android-weberror.png data:text/html,chromewebdata:12
06-08 15:59:51.926 E/browser (31286): Console: Not allowed to load local resource: file:///android_asset/webkit/android-weberror.png data:text/html,chromewebdata:12
06-08 15:59:54.316 E/browser (31286): Console: Not allowed to load local resource: file:///android_asset/webkit/android-weberror.png data:text/html,chromewebdata:12
06-08 15:59:55.656 E/DexLoadOat(  364): [E]Success
06-08 15:59:55.696 E/DexLoadOat(  364): [E]Success
06-08 15:59:55.996 E/ActivityThread(  364): Performing stop of activity that is not resumed: {com.tencent.mobileqq/com.tencent.mobileqq.activity.RegisterGuideActivity}
06-08 15:59:55.996 E/ActivityThread(  364): java.lang.RuntimeException: Performing stop of activity that is not resumed: {com.tencent.mobileqq/com.tencent.mobileqq.activity.RegisterGuideActivity}
06-08 15:59:55.996 E/ActivityThread(  364): 	at android.app.ActivityThread.performStopActivityInner(ActivityThread.java:3136)
06-08 15:59:55.996 E/ActivityThread(  364): 	at android.app.ActivityThread.handleStopActivity(ActivityThread.java:3223)
06-08 15:59:55.996 E/ActivityThread(  364): 	at android.app.ActivityThread.access$1100(ActivityThread.java:138)
06-08 15:59:55.996 E/ActivityThread(  364): 	at android.app.ActivityThread$H.handleMessage(ActivityThread.java:1226)
06-08 15:59:55.996 E/ActivityThread(  364): 	at android.os.Handler.dispatchMessage(Handler.java:102)
06-08 15:59:55.996 E/ActivityThread(  364): 	at android.os.Looper.loop(Looper.java:136)
06-08 15:59:55.996 E/ActivityThread(  364): 	at android.app.ActivityThread.main(ActivityThread.java:5095)
06-08 15:59:55.996 E/ActivityThread(  364): 	at java.lang.reflect.Method.invokeNative(Native Method)
06-08 15:59:55.996 E/ActivityThread(  364): 	at java.lang.reflect.Method.invoke(Method.java:515)
06-08 15:59:55.996 E/ActivityThread(  364): 	at com.android.internal.os.ZygoteInit$MethodAndArgsCaller.run(ZygoteInit.java:786)
06-08 15:59:55.996 E/ActivityThread(  364): 	at com.android.internal.os.ZygoteInit.main(ZygoteInit.java:602)
06-08 15:59:55.996 E/ActivityThread(  364): 	at dalvik.system.NativeStart.main(Native Method)
06-08 15:59:57.256 E/cutils  (  240): Failed to mkdirat(/storage/sdcard1/Android): Read-only file system
06-08 15:59:58.556 E/NotificationService(  801): An error occurred profiling the notification.
06-08 15:59:58.556 E/NotificationService(  801): java.lang.NullPointerException
06-08 15:59:58.556 E/NotificationService(  801): 	at com.android.server.NotificationManagerService$6.run(NotificationManagerService.java:1856)
06-08 15:59:58.556 E/NotificationService(  801): 	at android.os.Handler.handleCallback(Handler.java:733)
06-08 15:59:58.556 E/NotificationService(  801): 	at android.os.Handler.dispatchMessage(Handler.java:95)
06-08 15:59:58.556 E/NotificationService(  801): 	at android.os.Looper.loop(Looper.java:136)
06-08 15:59:58.556 E/NotificationService(  801): 	at com.android.server.ServerThread.initAndLoop(SystemServer.java:1184)
06-08 15:59:58.556 E/NotificationService(  801): 	at com.android.server.SystemServer.main(SystemServer.java:1309)
06-08 15:59:58.556 E/NotificationService(  801): 	at java.lang.reflect.Method.invokeNative(Native Method)
06-08 15:59:58.556 E/NotificationService(  801): 	at java.lang.reflect.Method.invoke(Method.java:515)
06-08 15:59:58.556 E/NotificationService(  801): 	at com.android.internal.os.ZygoteInit$MethodAndArgsCaller.run(ZygoteInit.java:786)
06-08 15:59:58.556 E/NotificationService(  801): 	at com.android.internal.os.ZygoteInit.main(ZygoteInit.java:602)
06-08 15:59:58.556 E/NotificationService(  801): 	at dalvik.system.NativeStart.main(Native Method)
06-08 15:59:59.356 E/NotificationService(  801): An error occurred profiling the notification.
06-08 15:59:59.356 E/NotificationService(  801): java.lang.NullPointerException
06-08 15:59:59.356 E/NotificationService(  801): 	at com.android.server.NotificationManagerService$6.run(NotificationManagerService.java:1856)
06-08 15:59:59.356 E/NotificationService(  801): 	at android.os.Handler.handleCallback(Handler.java:733)
06-08 15:59:59.356 E/NotificationService(  801): 	at android.os.Handler.dispatchMessage(Handler.java:95)
06-08 15:59:59.356 E/NotificationService(  801): 	at android.os.Looper.loop(Looper.java:136)
06-08 15:59:59.356 E/NotificationService(  801): 	at com.android.server.ServerThread.initAndLoop(SystemServer.java:1184)
06-08 15:59:59.356 E/NotificationService(  801): 	at com.android.server.SystemServer.main(SystemServer.java:1309)
06-08 15:59:59.356 E/NotificationService(  801): 	at java.lang.reflect.Method.invokeNative(Native Method)
06-08 15:59:59.356 E/NotificationService(  801): 	at java.lang.reflect.Method.invoke(Method.java:515)
06-08 15:59:59.356 E/NotificationService(  801): 	at com.android.internal.os.ZygoteInit$MethodAndArgsCaller.run(ZygoteInit.java:786)
06-08 15:59:59.356 E/NotificationService(  801): 	at com.android.internal.os.ZygoteInit.main(ZygoteInit.java:602)
06-08 15:59:59.356 E/NotificationService(  801): 	at dalvik.system.NativeStart.main(Native Method)
06-08 15:59:59.416 E/NotificationService(  801): An error occurred profiling the notification.
06-08 15:59:59.416 E/NotificationService(  801): java.lang.NullPointerException
06-08 15:59:59.416 E/NotificationService(  801): 	at com.android.server.NotificationManagerService$6.run(NotificationManagerService.java:1856)
06-08 15:59:59.416 E/NotificationService(  801): 	at android.os.Handler.handleCallback(Handler.java:733)
06-08 15:59:59.416 E/NotificationService(  801): 	at android.os.Handler.dispatchMessage(Handler.java:95)
06-08 15:59:59.416 E/NotificationService(  801): 	at android.os.Looper.loop(Looper.java:136)
06-08 15:59:59.416 E/NotificationService(  801): 	at com.android.server.ServerThread.initAndLoop(SystemServer.java:1184)
06-08 15:59:59.416 E/NotificationService(  801): 	at com.android.server.SystemServer.main(SystemServer.java:1309)
06-08 15:59:59.416 E/NotificationService(  801): 	at java.lang.reflect.Method.invokeNative(Native Method)
06-08 15:59:59.416 E/NotificationService(  801): 	at java.lang.reflect.Method.invoke(Method.java:515)
06-08 15:59:59.416 E/NotificationService(  801): 	at com.android.internal.os.ZygoteInit$MethodAndArgsCaller.run(ZygoteInit.java:786)
06-08 15:59:59.416 E/NotificationService(  801): 	at com.android.internal.os.ZygoteInit.main(ZygoteInit.java:602)
06-08 15:59:59.416 E/NotificationService(  801): 	at dalvik.system.NativeStart.main(Native Method)
06-08 16:00:00.066 E/beacon  (  364): httpclient error!
06-08 16:00:00.066 E/beacon  (  364): no httpClient!
06-08 16:00:01.666 E/LocSvc_libulp(  801): I/===> int ulp_msg_process_system_update(UlpSystemEvent) line 1460 
06-08 16:00:01.666 E/LocSvc_libulp(  801): I/int ulp_msg_process_system_update(UlpSystemEvent): systemEvent:5 
06-08 16:00:01.666 E/LocSvc_libulp(  801): I/===> int ulp_brain_process_system_update(UlpSystemEvent) line 2345 
06-08 16:00:01.666 E/LocSvc_libulp(  801): I/===> int ulp_brain_select_providers() line 333 
06-08 16:00:01.666 E/LocSvc_libulp(  801): I/===> int ulp_brain_turn_onoff_quipc_provider() line 700 
06-08 16:00:01.666 E/LocSvc_libulp(  801): I/===> int ulp_quipc_stop_engine() line 238 
06-08 16:00:01.666 E/LocSvc_libulp(  801): I/===> bool ulp_quipc_engine_running() line 63 
06-08 16:00:01.666 E/LocSvc_libulp(  801): I/===> int ulp_brain_turn_onoff_gnss_provider() line 595 
06-08 16:00:01.666 E/LocSvc_libulp(  801): I/===> int ulp_gnss_stop_engine() line 262 
06-08 16:00:01.666 E/LocSvc_libulp(  801): I/===> bool ulp_quipc_engine_running() line 63 
06-08 16:00:01.666 E/LocSvc_libulp(  801): I/===> int ulp_brain_turn_onoff_gnp_provider() line 496 
06-08 16:00:01.666 E/LocSvc_libulp(  801): I/===> bool ulp_gnp_engine_running() line 59 
06-08 16:00:01.666 E/LocSvc_libulp(  801): I/===> int ulp_gnp_stop_engine() line 195 
06-08 16:00:01.666 E/LocSvc_libulp(  801): I/===> bool ulp_gnp_engine_running() line 59 
06-08 16:00:01.666 E/LocSvc_libulp(  801): I/===> bool ulp_gnp_engine_running() line 59 
06-08 16:00:01.666 E/LocSvc_libulp(  801): I/===> int ulp_brain_turn_onoff_zpp_provider() line 437 
06-08 16:00:01.666 E/LocSvc_libulp(  801): I/===> int ulp_zpp_stop_engine() line 174 
06-08 16:00:01.666 E/LocSvc_libulp(  801): I/===> bool ulp_zpp_engine_running() line 62 
06-08 16:00:01.666 E/LocSvc_libulp(  801): I/===> int ulp_msg_process_start_req() line 452 
06-08 16:00:01.666 E/LocSvc_libulp(  801): I/int ulp_msg_process_start_req(), at ulp state = 1
06-08 16:00:02.386 E/VEApiService(  466): Terminating IntentProcessor-ThumbnailServiceThread
06-08 16:00:02.386 E/VEApiService(  466): Terminating IntentProcessor-VideoServiceThread
06-08 16:00:02.386 E/VEApiService(  466): Terminating IntentProcessor-AudioServiceThread
06-08 16:00:05.086 E/beacon  (  364): httpclient error!
06-08 16:00:05.086 E/beacon  (  364): no httpClient!
06-08 16:00:09.596 E/NotificationService(  801): An error occurred profiling the notification.
06-08 16:00:09.596 E/NotificationService(  801): java.lang.NullPointerException
06-08 16:00:09.596 E/NotificationService(  801): 	at com.android.server.NotificationManagerService$6.run(NotificationManagerService.java:1856)
06-08 16:00:09.596 E/NotificationService(  801): 	at android.os.Handler.handleCallback(Handler.java:733)
06-08 16:00:09.596 E/NotificationService(  801): 	at android.os.Handler.dispatchMessage(Handler.java:95)
06-08 16:00:09.596 E/NotificationService(  801): 	at android.os.Looper.loop(Looper.java:136)
06-08 16:00:09.596 E/NotificationService(  801): 	at com.android.server.ServerThread.initAndLoop(SystemServer.java:1184)
06-08 16:00:09.596 E/NotificationService(  801): 	at com.android.server.SystemServer.main(SystemServer.java:1309)
06-08 16:00:09.596 E/NotificationService(  801): 	at java.lang.reflect.Method.invokeNative(Native Method)
06-08 16:00:09.596 E/NotificationService(  801): 	at java.lang.reflect.Method.invoke(Method.java:515)
06-08 16:00:09.596 E/NotificationService(  801): 	at com.android.internal.os.ZygoteInit$MethodAndArgsCaller.run(ZygoteInit.java:786)
06-08 16:00:09.596 E/NotificationService(  801): 	at com.android.internal.os.ZygoteInit.main(ZygoteInit.java:602)
06-08 16:00:09.596 E/NotificationService(  801): 	at dalvik.system.NativeStart.main(Native Method)
06-08 16:00:10.096 E/beacon  (  364): httpclient error!
06-08 16:00:10.096 E/beacon  (  364): no httpClient!
06-08 16:00:10.246 E/beacon  (  364): httpclient error!
06-08 16:00:10.246 E/beacon  (  364): no httpClient!
06-08 16:00:10.466 E/LocSvc_libulp(  801): I/===> int ulp_msg_process_phone_setting_update(const UlpPhoneContextSettings*) line 560 
06-08 16:00:10.466 E/LocSvc_libulp(  801): I/int ulp_msg_process_phone_setting_update(const UlpPhoneContextSettings*), context type: 0x0
06-08 16:00:10.466 E/LocSvc_libulp(  801):   gps enabled: 0
06-08 16:00:10.466 E/LocSvc_libulp(  801):  network position available 0
06-08 16:00:10.466 E/LocSvc_libulp(  801):  wifi setting enabled 0
06-08 16:00:10.466 E/LocSvc_libulp(  801):  battery charging 0, agps enabled 1, enh_location_services_enabled 0is_pip_user_setting_enabled 0
06-08 16:00:10.466 E/LocSvc_libulp(  801): I/===> int ulp_brain_process_phone_setting_update() line 244 
06-08 16:00:10.466 E/LocSvc_libulp(  801): I/===> int ulp_msg_process_system_update(UlpSystemEvent) line 1460 
06-08 16:00:10.466 E/LocSvc_libulp(  801): I/int ulp_msg_process_system_update(UlpSystemEvent): systemEvent:4 
06-08 16:00:10.466 E/LocSvc_libulp(  801): I/===> int ulp_brain_process_system_update(UlpSystemEvent) line 2345 
06-08 16:00:11.596 E/LocSvc_libulp(  801): I/===> int ulp_msg_process_phone_setting_update(const UlpPhoneContextSettings*) line 560 
06-08 16:00:11.596 E/LocSvc_libulp(  801): I/int ulp_msg_process_phone_setting_update(const UlpPhoneContextSettings*), context type: 0x0
06-08 16:00:11.596 E/LocSvc_libulp(  801):   gps enabled: 0
06-08 16:00:11.596 E/LocSvc_libulp(  801):  network position available 0
06-08 16:00:11.596 E/LocSvc_libulp(  801):  wifi setting enabled 0
06-08 16:00:11.596 E/LocSvc_libulp(  801):  battery charging 0, agps enabled 1, enh_location_services_enabled 0is_pip_user_setting_enabled 0
06-08 16:00:11.606 E/LocSvc_libulp(  801): I/===> int ulp_brain_process_phone_setting_update() line 244 
06-08 16:00:11.606 E/LocSvc_libulp(  801): I/===> int ulp_msg_process_system_update(UlpSystemEvent) line 1460 
06-08 16:00:11.606 E/LocSvc_libulp(  801): I/int ulp_msg_process_system_update(UlpSystemEvent): systemEvent:4 
06-08 16:00:11.606 E/LocSvc_libulp(  801): I/===> int ulp_brain_process_system_update(UlpSystemEvent) line 2345 
06-08 16:00:11.666 E/LocSvc_libulp(  801): I/===> int ulp_msg_process_system_update(UlpSystemEvent) line 1460 
06-08 16:00:11.666 E/LocSvc_libulp(  801): I/int ulp_msg_process_system_update(UlpSystemEvent): systemEvent:5 
06-08 16:00:11.666 E/LocSvc_libulp(  801): I/===> int ulp_brain_process_system_update(UlpSystemEvent) line 2345 
06-08 16:00:11.666 E/LocSvc_libulp(  801): I/===> int ulp_brain_select_providers() line 333 
06-08 16:00:11.666 E/LocSvc_libulp(  801): I/===> int ulp_brain_turn_onoff_quipc_provider() line 700 
06-08 16:00:11.666 E/LocSvc_libulp(  801): I/===> int ulp_quipc_stop_engine() line 238 
06-08 16:00:11.666 E/LocSvc_libulp(  801): I/===> bool ulp_quipc_engine_running() line 63 
06-08 16:00:11.666 E/LocSvc_libulp(  801): I/===> int ulp_brain_turn_onoff_gnss_provider() line 595 
06-08 16:00:11.666 E/LocSvc_libulp(  801): I/===> int ulp_gnss_stop_engine() line 262 
06-08 16:00:11.666 E/LocSvc_libulp(  801): I/===> bool ulp_quipc_engine_running() line 63 
06-08 16:00:11.666 E/LocSvc_libulp(  801): I/===> int ulp_brain_turn_onoff_gnp_provider() line 496 
06-08 16:00:11.666 E/LocSvc_libulp(  801): I/===> bool ulp_gnp_engine_running() line 59 
06-08 16:00:11.666 E/LocSvc_libulp(  801): I/===> int ulp_gnp_stop_engine() line 195 
06-08 16:00:11.666 E/LocSvc_libulp(  801): I/===> bool ulp_gnp_engine_running() line 59 
06-08 16:00:11.666 E/LocSvc_libulp(  801): I/===> bool ulp_gnp_engine_running() line 59 
06-08 16:00:11.666 E/LocSvc_libulp(  801): I/===> int ulp_brain_turn_onoff_zpp_provider() line 437 
06-08 16:00:11.666 E/LocSvc_libulp(  801): I/===> int ulp_zpp_stop_engine() line 174 
06-08 16:00:11.666 E/LocSvc_libulp(  801): I/===> bool ulp_zpp_engine_running() line 62 
06-08 16:00:11.666 E/LocSvc_libulp(  801): I/===> int ulp_msg_process_start_req() line 452 
06-08 16:00:11.666 E/LocSvc_libulp(  801): I/int ulp_msg_process_start_req(), at ulp state = 1
06-08 16:00:11.716 E/bt-btif (30050): bta_jv_rfcomm_stop_server
06-08 16:00:11.716 E/bt-btif (30050): bta_jv_rfcomm_stop_server
06-08 16:00:11.726 E/bt-btif (30050): bta_jv_rfcomm_stop_server
06-08 16:00:11.726 E/bt-btif (30050): bta_jv_rfcomm_stop_server
06-08 16:00:11.736 E/bt-btif (30050): bta_jv_rfcomm_stop_server
06-08 16:00:11.736 E/bt-btif (30050): bta_jv_rfcomm_stop_server
06-08 16:00:11.736 E/bt-btif (30050): bta_jv_rfcomm_stop_server
06-08 16:00:11.736 E/BtOppRfcommListener(30050): Error accept connection java.io.IOException: read failed, socket might closed or timeout, read ret: -1
06-08 16:00:11.746 E/bt-btif (30050): bta_gattc_deregister Deregister Failedm unknown client cif
06-08 16:00:11.896 E/BTEventHandler(30050): A4WP is not supported
06-08 16:00:11.896 E/LocSvc_libulp(  801): I/===> int ulp_msg_process_phone_setting_update(const UlpPhoneContextSettings*) line 560 
06-08 16:00:11.896 E/LocSvc_libulp(  801): I/int ulp_msg_process_phone_setting_update(const UlpPhoneContextSettings*), context type: 0x0
06-08 16:00:11.896 E/LocSvc_libulp(  801):   gps enabled: 0
06-08 16:00:11.896 E/LocSvc_libulp(  801):  network position available 0
06-08 16:00:11.896 E/LocSvc_libulp(  801):  wifi setting enabled 0
06-08 16:00:11.896 E/LocSvc_libulp(  801):  battery charging 0, agps enabled 1, enh_location_services_enabled 0is_pip_user_setting_enabled 0
06-08 16:00:11.896 E/LocSvc_libulp(  801): I/===> int ulp_brain_process_phone_setting_update() line 244 
06-08 16:00:11.896 E/LocSvc_libulp(  801): I/===> int ulp_msg_process_system_update(UlpSystemEvent) line 1460 
06-08 16:00:11.896 E/LocSvc_libulp(  801): I/int ulp_msg_process_system_update(UlpSystemEvent): systemEvent:4 
06-08 16:00:11.896 E/LocSvc_libulp(  801): I/===> int ulp_brain_process_system_update(UlpSystemEvent) line 2345 
06-08 16:00:11.916 E/BluetoothFtpService:RfcommSocketAcceptThread(30050): Shutdown
06-08 16:00:11.946 E/bt-btif (30050): BTA AG is already disabled, ignoring ...
06-08 16:00:11.946 E/bt-btif (30050): bta_gattc_deregister Deregister Failedm unknown client cif
06-08 16:00:11.986 E/BTEventHandler(30050): A4WP is not supported
06-08 16:00:12.236 E/NotificationService(  801): An error occurred profiling the notification.
06-08 16:00:12.236 E/NotificationService(  801): java.lang.NullPointerException
06-08 16:00:12.236 E/NotificationService(  801): 	at com.android.server.NotificationManagerService$6.run(NotificationManagerService.java:1856)
06-08 16:00:12.236 E/NotificationService(  801): 	at android.os.Handler.handleCallback(Handler.java:733)
06-08 16:00:12.236 E/NotificationService(  801): 	at android.os.Handler.dispatchMessage(Handler.java:95)
06-08 16:00:12.236 E/NotificationService(  801): 	at android.os.Looper.loop(Looper.java:136)
06-08 16:00:12.236 E/NotificationService(  801): 	at com.android.server.ServerThread.initAndLoop(SystemServer.java:1184)
06-08 16:00:12.236 E/NotificationService(  801): 	at com.android.server.SystemServer.main(SystemServer.java:1309)
06-08 16:00:12.236 E/NotificationService(  801): 	at java.lang.reflect.Method.invokeNative(Native Method)
06-08 16:00:12.236 E/NotificationService(  801): 	at java.lang.reflect.Method.invoke(Method.java:515)
06-08 16:00:12.236 E/NotificationService(  801): 	at com.android.internal.os.ZygoteInit$MethodAndArgsCaller.run(ZygoteInit.java:786)
06-08 16:00:12.236 E/NotificationService(  801): 	at com.android.internal.os.ZygoteInit.main(ZygoteInit.java:602)
06-08 16:00:12.236 E/NotificationService(  801): 	at dalvik.system.NativeStart.main(Native Method)
06-08 16:00:12.386 E/BluetoothTethering(  801): attempted to stop reverse tether with nothing tethered
06-08 16:00:12.536 E/BTEventHandler(30050): A4WP is not supported
06-08 16:00:12.556 E/BTEventHandler(30050): A4WP is not supported
06-08 16:00:12.676 E/LocSvc_libulp(  801): I/===> int ulp_msg_process_phone_setting_update(const UlpPhoneContextSettings*) line 560 
06-08 16:00:12.676 E/LocSvc_libulp(  801): I/int ulp_msg_process_phone_setting_update(const UlpPhoneContextSettings*), context type: 0x0
06-08 16:00:12.676 E/LocSvc_libulp(  801):   gps enabled: 0
06-08 16:00:12.676 E/LocSvc_libulp(  801):  network position available 0
06-08 16:00:12.676 E/LocSvc_libulp(  801):  wifi setting enabled 0
06-08 16:00:12.676 E/LocSvc_libulp(  801):  battery charging 0, agps enabled 1, enh_location_services_enabled 0is_pip_user_setting_enabled 0
06-08 16:00:12.676 E/LocSvc_libulp(  801): I/===> int ulp_brain_process_phone_setting_update() line 244 
06-08 16:00:12.676 E/LocSvc_libulp(  801): I/===> int ulp_msg_process_system_update(UlpSystemEvent) line 1460 
06-08 16:00:12.676 E/LocSvc_libulp(  801): I/int ulp_msg_process_system_update(UlpSystemEvent): systemEvent:4 
06-08 16:00:12.676 E/LocSvc_libulp(  801): I/===> int ulp_brain_process_system_update(UlpSystemEvent) line 2345 
06-08 16:00:13.766 E/NotificationService(  801): An error occurred profiling the notification.
06-08 16:00:13.766 E/NotificationService(  801): java.lang.NullPointerException
06-08 16:00:13.766 E/NotificationService(  801): 	at com.android.server.NotificationManagerService$6.run(NotificationManagerService.java:1856)
06-08 16:00:13.766 E/NotificationService(  801): 	at android.os.Handler.handleCallback(Handler.java:733)
06-08 16:00:13.766 E/NotificationService(  801): 	at android.os.Handler.dispatchMessage(Handler.java:95)
06-08 16:00:13.766 E/NotificationService(  801): 	at android.os.Looper.loop(Looper.java:136)
06-08 16:00:13.766 E/NotificationService(  801): 	at com.android.server.ServerThread.initAndLoop(SystemServer.java:1184)
06-08 16:00:13.766 E/NotificationService(  801): 	at com.android.server.SystemServer.main(SystemServer.java:1309)
06-08 16:00:13.766 E/NotificationService(  801): 	at java.lang.reflect.Method.invokeNative(Native Method)
06-08 16:00:13.766 E/NotificationService(  801): 	at java.lang.reflect.Method.invoke(Method.java:515)
06-08 16:00:13.766 E/NotificationService(  801): 	at com.android.internal.os.ZygoteInit$MethodAndArgsCaller.run(ZygoteInit.java:786)
06-08 16:00:13.766 E/NotificationService(  801): 	at com.android.internal.os.ZygoteInit.main(ZygoteInit.java:602)
06-08 16:00:13.766 E/NotificationService(  801): 	at dalvik.system.NativeStart.main(Native Method)
06-08 16:00:15.246 E/beacon  (  364): httpclient error!
06-08 16:00:15.246 E/beacon  (  364): no httpClient!
06-08 16:00:19.936 E/LocSvc_libulp(  801): I/===> int ulp_msg_process_phone_setting_update(const UlpPhoneContextSettings*) line 560 
06-08 16:00:19.936 E/LocSvc_libulp(  801): I/int ulp_msg_process_phone_setting_update(const UlpPhoneContextSettings*), context type: 0x0
06-08 16:00:19.936 E/LocSvc_libulp(  801):   gps enabled: 0
06-08 16:00:19.936 E/LocSvc_libulp(  801):  network position available 0
06-08 16:00:19.936 E/LocSvc_libulp(  801):  wifi setting enabled 0
06-08 16:00:19.936 E/LocSvc_libulp(  801):  battery charging 0, agps enabled 1, enh_location_services_enabled 0is_pip_user_setting_enabled 0
06-08 16:00:19.936 E/LocSvc_libulp(  801): I/===> int ulp_brain_process_phone_setting_update() line 244 
06-08 16:00:19.936 E/LocSvc_libulp(  801): I/===> int ulp_msg_process_system_update(UlpSystemEvent) line 1460 
06-08 16:00:19.936 E/LocSvc_libulp(  801): I/int ulp_msg_process_system_update(UlpSystemEvent): systemEvent:4 
06-08 16:00:19.936 E/LocSvc_libulp(  801): I/===> int ulp_brain_process_system_update(UlpSystemEvent) line 2345 
06-08 16:00:20.256 E/beacon  (  364): httpclient error!
06-08 16:00:20.256 E/beacon  (  364): no httpClient!
06-08 16:00:21.666 E/LocSvc_libulp(  801): I/===> int ulp_msg_process_system_update(UlpSystemEvent) line 1460 
06-08 16:00:21.666 E/LocSvc_libulp(  801): I/int ulp_msg_process_system_update(UlpSystemEvent): systemEvent:5 
06-08 16:00:21.666 E/LocSvc_libulp(  801): I/===> int ulp_brain_process_system_update(UlpSystemEvent) line 2345 
06-08 16:00:21.666 E/LocSvc_libulp(  801): I/===> int ulp_brain_select_providers() line 333 
06-08 16:00:21.666 E/LocSvc_libulp(  801): I/===> int ulp_brain_turn_onoff_quipc_provider() line 700 
06-08 16:00:21.666 E/LocSvc_libulp(  801): I/===> int ulp_quipc_stop_engine() line 238 
06-08 16:00:21.666 E/LocSvc_libulp(  801): I/===> bool ulp_quipc_engine_running() line 63 
06-08 16:00:21.666 E/LocSvc_libulp(  801): I/===> int ulp_brain_turn_onoff_gnss_provider() line 595 
06-08 16:00:21.666 E/LocSvc_libulp(  801): I/===> int ulp_gnss_stop_engine() line 262 
06-08 16:00:21.666 E/LocSvc_libulp(  801): I/===> bool ulp_quipc_engine_running() line 63 
06-08 16:00:21.666 E/LocSvc_libulp(  801): I/===> int ulp_brain_turn_onoff_gnp_provider() line 496 
06-08 16:00:21.666 E/LocSvc_libulp(  801): I/===> bool ulp_gnp_engine_running() line 59 
06-08 16:00:21.666 E/LocSvc_libulp(  801): I/===> int ulp_gnp_stop_engine() line 195 
06-08 16:00:21.666 E/LocSvc_libulp(  801): I/===> bool ulp_gnp_engine_running() line 59 
06-08 16:00:21.666 E/LocSvc_libulp(  801): I/===> bool ulp_gnp_engine_running() line 59 
06-08 16:00:21.666 E/LocSvc_libulp(  801): I/===> int ulp_brain_turn_onoff_zpp_provider() line 437 
06-08 16:00:21.666 E/LocSvc_libulp(  801): I/===> int ulp_zpp_stop_engine() line 174 
06-08 16:00:21.666 E/LocSvc_libulp(  801): I/===> bool ulp_zpp_engine_running() line 62 
06-08 16:00:21.666 E/LocSvc_libulp(  801): I/===> int ulp_msg_process_start_req() line 452 
06-08 16:00:21.666 E/LocSvc_libulp(  801): I/int ulp_msg_process_start_req(), at ulp state = 1
06-08 16:00:22.396 E/Cryptfs (  240): not running with encryption, aborting
06-08 16:00:26.556 E/RichInputConnection(15797): Unable to connect to the editor to retrieve text... will retry later
06-08 16:00:26.566 E/cutils  (  240): Failed to mkdirat(/storage/sdcard1/Android): Read-only file system
06-08 16:00:26.656 E/NotificationService(  801): An error occurred profiling the notification.
06-08 16:00:26.656 E/NotificationService(  801): java.lang.NullPointerException
06-08 16:00:26.656 E/NotificationService(  801): 	at com.android.server.NotificationManagerService$6.run(NotificationManagerService.java:1856)
06-08 16:00:26.656 E/NotificationService(  801): 	at android.os.Handler.handleCallback(Handler.java:733)
06-08 16:00:26.656 E/NotificationService(  801): 	at android.os.Handler.dispatchMessage(Handler.java:95)
06-08 16:00:26.656 E/NotificationService(  801): 	at android.os.Looper.loop(Looper.java:136)
06-08 16:00:26.656 E/NotificationService(  801): 	at com.android.server.ServerThread.initAndLoop(SystemServer.java:1184)
06-08 16:00:26.656 E/NotificationService(  801): 	at com.android.server.SystemServer.main(SystemServer.java:1309)
06-08 16:00:26.656 E/NotificationService(  801): 	at java.lang.reflect.Method.invokeNative(Native Method)
06-08 16:00:26.656 E/NotificationService(  801): 	at java.lang.reflect.Method.invoke(Method.java:515)
06-08 16:00:26.656 E/NotificationService(  801): 	at com.android.internal.os.ZygoteInit$MethodAndArgsCaller.run(ZygoteInit.java:786)
06-08 16:00:26.656 E/NotificationService(  801): 	at com.android.internal.os.ZygoteInit.main(ZygoteInit.java:602)
06-08 16:00:26.656 E/NotificationService(  801): 	at dalvik.system.NativeStart.main(Native Method)
06-08 16:00:26.876 E/RichInputConnection(15797): Unable to connect to the editor to retrieve text... will retry later
06-08 16:00:27.136 E/NotificationService(  801): An error occurred profiling the notification.
06-08 16:00:27.136 E/NotificationService(  801): java.lang.NullPointerException
06-08 16:00:27.136 E/NotificationService(  801): 	at com.android.server.NotificationManagerService$6.run(NotificationManagerService.java:1856)
06-08 16:00:27.136 E/NotificationService(  801): 	at android.os.Handler.handleCallback(Handler.java:733)
06-08 16:00:27.136 E/NotificationService(  801): 	at android.os.Handler.dispatchMessage(Handler.java:95)
06-08 16:00:27.136 E/NotificationService(  801): 	at android.os.Looper.loop(Looper.java:136)
06-08 16:00:27.136 E/NotificationService(  801): 	at com.android.server.ServerThread.initAndLoop(SystemServer.java:1184)
06-08 16:00:27.136 E/NotificationService(  801): 	at com.android.server.SystemServer.main(SystemServer.java:1309)
06-08 16:00:27.136 E/NotificationService(  801): 	at java.lang.reflect.Method.invokeNative(Native Method)
06-08 16:00:27.136 E/NotificationService(  801): 	at java.lang.reflect.Method.invoke(Method.java:515)
06-08 16:00:27.136 E/NotificationService(  801): 	at com.android.internal.os.ZygoteInit$MethodAndArgsCaller.run(ZygoteInit.java:786)
06-08 16:00:27.136 E/NotificationService(  801): 	at com.android.internal.os.ZygoteInit.main(ZygoteInit.java:602)
06-08 16:00:27.136 E/NotificationService(  801): 	at dalvik.system.NativeStart.main(Native Method)
06-08 16:00:28.076 E/NotificationService(  801): An error occurred profiling the notification.
06-08 16:00:28.076 E/NotificationService(  801): java.lang.NullPointerException
06-08 16:00:28.076 E/NotificationService(  801): 	at com.android.server.NotificationManagerService$6.run(NotificationManagerService.java:1856)
06-08 16:00:28.076 E/NotificationService(  801): 	at android.os.Handler.handleCallback(Handler.java:733)
06-08 16:00:28.076 E/NotificationService(  801): 	at android.os.Handler.dispatchMessage(Handler.java:95)
06-08 16:00:28.076 E/NotificationService(  801): 	at android.os.Looper.loop(Looper.java:136)
06-08 16:00:28.076 E/NotificationService(  801): 	at com.android.server.ServerThread.initAndLoop(SystemServer.java:1184)
06-08 16:00:28.076 E/NotificationService(  801): 	at com.android.server.SystemServer.main(SystemServer.java:1309)
06-08 16:00:28.076 E/NotificationService(  801): 	at java.lang.reflect.Method.invokeNative(Native Method)
06-08 16:00:28.076 E/NotificationService(  801): 	at java.lang.reflect.Method.invoke(Method.java:515)
06-08 16:00:28.076 E/NotificationService(  801): 	at com.android.internal.os.ZygoteInit$MethodAndArgsCaller.run(ZygoteInit.java:786)
06-08 16:00:28.076 E/NotificationService(  801): 	at com.android.internal.os.ZygoteInit.main(ZygoteInit.java:602)
06-08 16:00:28.076 E/NotificationService(  801): 	at dalvik.system.NativeStart.main(Native Method)
06-08 16:00:28.606 E/NotificationService(  801): An error occurred profiling the notification.
06-08 16:00:28.606 E/NotificationService(  801): java.lang.NullPointerException
06-08 16:00:28.606 E/NotificationService(  801): 	at com.android.server.NotificationManagerService$6.run(NotificationManagerService.java:1856)
06-08 16:00:28.606 E/NotificationService(  801): 	at android.os.Handler.handleCallback(Handler.java:733)
06-08 16:00:28.606 E/NotificationService(  801): 	at android.os.Handler.dispatchMessage(Handler.java:95)
06-08 16:00:28.606 E/NotificationService(  801): 	at android.os.Looper.loop(Looper.java:136)
06-08 16:00:28.606 E/NotificationService(  801): 	at com.android.server.ServerThread.initAndLoop(SystemServer.java:1184)
06-08 16:00:28.606 E/NotificationService(  801): 	at com.android.server.SystemServer.main(SystemServer.java:1309)
06-08 16:00:28.606 E/NotificationService(  801): 	at java.lang.reflect.Method.invokeNative(Native Method)
06-08 16:00:28.606 E/NotificationService(  801): 	at java.lang.reflect.Method.invoke(Method.java:515)
06-08 16:00:28.606 E/NotificationService(  801): 	at com.android.internal.os.ZygoteInit$MethodAndArgsCaller.run(ZygoteInit.java:786)
06-08 16:00:28.606 E/NotificationService(  801): 	at com.android.internal.os.ZygoteInit.main(ZygoteInit.java:602)
06-08 16:00:28.606 E/NotificationService(  801): 	at dalvik.system.NativeStart.main(Native Method)
06-08 16:00:29.266 E/NotificationService(  801): An error occurred profiling the notification.
06-08 16:00:29.266 E/NotificationService(  801): java.lang.NullPointerException
06-08 16:00:29.266 E/NotificationService(  801): 	at com.android.server.NotificationManagerService$6.run(NotificationManagerService.java:1856)
06-08 16:00:29.266 E/NotificationService(  801): 	at android.os.Handler.handleCallback(Handler.java:733)
06-08 16:00:29.266 E/NotificationService(  801): 	at android.os.Handler.dispatchMessage(Handler.java:95)
06-08 16:00:29.266 E/NotificationService(  801): 	at android.os.Looper.loop(Looper.java:136)
06-08 16:00:29.266 E/NotificationService(  801): 	at com.android.server.ServerThread.initAndLoop(SystemServer.java:1184)
06-08 16:00:29.266 E/NotificationService(  801): 	at com.android.server.SystemServer.main(SystemServer.java:1309)
06-08 16:00:29.266 E/NotificationService(  801): 	at java.lang.reflect.Method.invokeNative(Native Method)
06-08 16:00:29.266 E/NotificationService(  801): 	at java.lang.reflect.Method.invoke(Method.java:515)
06-08 16:00:29.266 E/NotificationService(  801): 	at com.android.internal.os.ZygoteInit$MethodAndArgsCaller.run(ZygoteInit.java:786)
06-08 16:00:29.266 E/NotificationService(  801): 	at com.android.internal.os.ZygoteInit.main(ZygoteInit.java:602)
06-08 16:00:29.266 E/NotificationService(  801): 	at dalvik.system.NativeStart.main(Native Method)
06-08 16:00:29.566 E/NotificationService(  801): An error occurred profiling the notification.
06-08 16:00:29.566 E/NotificationService(  801): java.lang.NullPointerException
06-08 16:00:29.566 E/NotificationService(  801): 	at com.android.server.NotificationManagerService$6.run(NotificationManagerService.java:1856)
06-08 16:00:29.566 E/NotificationService(  801): 	at android.os.Handler.handleCallback(Handler.java:733)
06-08 16:00:29.566 E/NotificationService(  801): 	at android.os.Handler.dispatchMessage(Handler.java:95)
06-08 16:00:29.566 E/NotificationService(  801): 	at android.os.Looper.loop(Looper.java:136)
06-08 16:00:29.566 E/NotificationService(  801): 	at com.android.server.ServerThread.initAndLoop(SystemServer.java:1184)
06-08 16:00:29.566 E/NotificationService(  801): 	at com.android.server.SystemServer.main(SystemServer.java:1309)
06-08 16:00:29.566 E/NotificationService(  801): 	at java.lang.reflect.Method.invokeNative(Native Method)
06-08 16:00:29.566 E/NotificationService(  801): 	at java.lang.reflect.Method.invoke(Method.java:515)
06-08 16:00:29.566 E/NotificationService(  801): 	at com.android.internal.os.ZygoteInit$MethodAndArgsCaller.run(ZygoteInit.java:786)
06-08 16:00:29.566 E/NotificationService(  801): 	at com.android.internal.os.ZygoteInit.main(ZygoteInit.java:602)
06-08 16:00:29.566 E/NotificationService(  801): 	at dalvik.system.NativeStart.main(Native Method)
06-08 16:00:29.696 E/NotificationService(  801): An error occurred profiling the notification.
06-08 16:00:29.696 E/NotificationService(  801): java.lang.NullPointerException
06-08 16:00:29.696 E/NotificationService(  801): 	at com.android.server.NotificationManagerService$6.run(NotificationManagerService.java:1856)
06-08 16:00:29.696 E/NotificationService(  801): 	at android.os.Handler.handleCallback(Handler.java:733)
06-08 16:00:29.696 E/NotificationService(  801): 	at android.os.Handler.dispatchMessage(Handler.java:95)
06-08 16:00:29.696 E/NotificationService(  801): 	at android.os.Looper.loop(Looper.java:136)
06-08 16:00:29.696 E/NotificationService(  801): 	at com.android.server.ServerThread.initAndLoop(SystemServer.java:1184)
06-08 16:00:29.696 E/NotificationService(  801): 	at com.android.server.SystemServer.main(SystemServer.java:1309)
06-08 16:00:29.696 E/NotificationService(  801): 	at java.lang.reflect.Method.invokeNative(Native Method)
06-08 16:00:29.696 E/NotificationService(  801): 	at java.lang.reflect.Method.invoke(Method.java:515)
06-08 16:00:29.696 E/NotificationService(  801): 	at com.android.internal.os.ZygoteInit$MethodAndArgsCaller.run(ZygoteInit.java:786)
06-08 16:00:29.696 E/NotificationService(  801): 	at com.android.internal.os.ZygoteInit.main(ZygoteInit.java:602)
06-08 16:00:29.696 E/NotificationService(  801): 	at dalvik.system.NativeStart.main(Native Method)
06-08 16:00:29.746 E/NotificationService(  801): An error occurred profiling the notification.
06-08 16:00:29.746 E/NotificationService(  801): java.lang.NullPointerException
06-08 16:00:29.746 E/NotificationService(  801): 	at com.android.server.NotificationManagerService$6.run(NotificationManagerService.java:1856)
06-08 16:00:29.746 E/NotificationService(  801): 	at android.os.Handler.handleCallback(Handler.java:733)
06-08 16:00:29.746 E/NotificationService(  801): 	at android.os.Handler.dispatchMessage(Handler.java:95)
06-08 16:00:29.746 E/NotificationService(  801): 	at android.os.Looper.loop(Looper.java:136)
06-08 16:00:29.746 E/NotificationService(  801): 	at com.android.server.ServerThread.initAndLoop(SystemServer.java:1184)
06-08 16:00:29.746 E/NotificationService(  801): 	at com.android.server.SystemServer.main(SystemServer.java:1309)
06-08 16:00:29.746 E/NotificationService(  801): 	at java.lang.reflect.Method.invokeNative(Native Method)
06-08 16:00:29.746 E/NotificationService(  801): 	at java.lang.reflect.Method.invoke(Method.java:515)
06-08 16:00:29.746 E/NotificationService(  801): 	at com.android.internal.os.ZygoteInit$MethodAndArgsCaller.run(ZygoteInit.java:786)
06-08 16:00:29.746 E/NotificationService(  801): 	at com.android.internal.os.ZygoteInit.main(ZygoteInit.java:602)
06-08 16:00:29.746 E/NotificationService(  801): 	at dalvik.system.NativeStart.main(Native Method)
06-08 16:00:31.596 E/VEApiService(  466): Terminating IntentProcessor-ThumbnailServiceThread
06-08 16:00:31.606 E/VEApiService(  466): Terminating IntentProcessor-VideoServiceThread
06-08 16:00:31.606 E/VEApiService(  466): Terminating IntentProcessor-AudioServiceThread
06-08 16:00:31.666 E/LocSvc_libulp(  801): I/===> int ulp_msg_process_system_update(UlpSystemEvent) line 1460 
06-08 16:00:31.666 E/LocSvc_libulp(  801): I/int ulp_msg_process_system_update(UlpSystemEvent): systemEvent:5 
06-08 16:00:31.666 E/LocSvc_libulp(  801): I/===> int ulp_brain_process_system_update(UlpSystemEvent) line 2345 
06-08 16:00:31.666 E/LocSvc_libulp(  801): I/===> int ulp_brain_select_providers() line 333 
06-08 16:00:31.666 E/LocSvc_libulp(  801): I/===> int ulp_brain_turn_onoff_quipc_provider() line 700 
06-08 16:00:31.666 E/LocSvc_libulp(  801): I/===> int ulp_quipc_stop_engine() line 238 
06-08 16:00:31.666 E/LocSvc_libulp(  801): I/===> bool ulp_quipc_engine_running() line 63 
06-08 16:00:31.666 E/LocSvc_libulp(  801): I/===> int ulp_brain_turn_onoff_gnss_provider() line 595 
06-08 16:00:31.666 E/LocSvc_libulp(  801): I/===> int ulp_gnss_stop_engine() line 262 
06-08 16:00:31.666 E/LocSvc_libulp(  801): I/===> bool ulp_quipc_engine_running() line 63 
06-08 16:00:31.666 E/LocSvc_libulp(  801): I/===> int ulp_brain_turn_onoff_gnp_provider() line 496 
06-08 16:00:31.666 E/LocSvc_libulp(  801): I/===> bool ulp_gnp_engine_running() line 59 
06-08 16:00:31.666 E/LocSvc_libulp(  801): I/===> int ulp_gnp_stop_engine() line 195 
06-08 16:00:31.666 E/LocSvc_libulp(  801): I/===> bool ulp_gnp_engine_running() line 59 
06-08 16:00:31.666 E/LocSvc_libulp(  801): I/===> bool ulp_gnp_engine_running() line 59 
06-08 16:00:31.666 E/LocSvc_libulp(  801): I/===> int ulp_brain_turn_onoff_zpp_provider() line 437 
06-08 16:00:31.666 E/LocSvc_libulp(  801): I/===> int ulp_zpp_stop_engine() line 174 
06-08 16:00:31.666 E/LocSvc_libulp(  801): I/===> bool ulp_zpp_engine_running() line 62 
06-08 16:00:31.666 E/LocSvc_libulp(  801): I/===> int ulp_msg_process_start_req() line 452 
06-08 16:00:31.666 E/LocSvc_libulp(  801): I/int ulp_msg_process_start_req(), at ulp state = 1
06-08 16:00:33.676 E/MM_OSAL (  255): FileSource::FileSource
06-08 16:00:33.676 E/MM_OSAL (  255): FileSource::FileSource m_bEveryThingOK 1
06-08 16:00:33.676 E/MM_OSAL (  255): MM_File_Create failed .Efs Error No -1 , File Name /data/mmosal_logmask.cfg , Mode 0
06-08 16:00:33.676 E/MM_OSAL (  255): Open or read fail on /data/mmosal_logmask.cfg. Possible permission denied issue. Looking for /data/misc/media/mmosal_logmask.cfg
06-08 16:00:33.676 E/MM_OSAL (  255): MM_File_Create failed .Efs Error No -1 , File Name /data/misc/media/mmosal_logmask.cfg , Mode 0
06-08 16:00:33.696 E/mm-camera-intf(  255): mm_camera_open: dev name = /dev/video1, cam_idx = 1
06-08 16:00:33.696 E/mm-camera(  309): isp_tintless_bg_pca_open : Enter!
06-08 16:00:33.706 E/mm-camera-img(  309): module_imglib_start_session:1446 ###Img_Loglevel 0
06-08 16:00:33.706 E/        (  309): dmlroc_get_version
06-08 16:00:33.706 E/mm-camera(  309): isp_tintless_bg_pca_get_version: lib returned version 2.53 err=0
06-08 16:00:33.746 E/mm-camera-sensor(  309): eeprom_load_library:690 e_ctrl->eeprom_lib.func_tbl =0xb6cb8004
06-08 16:00:33.746 E/mm-camera-sensor(  309): ov8858_his_qtech_bj_format_calibration_data:405 jp********Enter
06-08 16:00:33.746 E/mm-camera-sensor(  309): ov8858_his_qtech_bj_format_calibration_data:423 jp********Exit
06-08 16:00:33.936 E/mm-camera-sensor(  309): actuator_load_lib:354 name=rohm_bu64243gwz, mode=camera
06-08 16:00:33.936 E/mm-camera-sensor(  309): actuator_load_lib:354 name=rohm_bu64243gwz, mode=camcorder
06-08 16:00:33.936 E/mm-camera-sensor(  309): eeprom_do_af_calibration:615 turn on Cal af(1)
06-08 16:00:34.016 E/mm-camera-intf(  255): mm_camera_open:  opened, break out while loop
06-08 16:00:34.076 E/qomx_image_core(  255): OMX_Init:94] Complete 2
06-08 16:00:34.086 E/QCameraHWI_Mem(  255): void qcamera::QCameraMemory::traceLogAllocStart(size_t, int, const char*):HeapMemsize 1048576
06-08 16:00:34.086 E/QCameraHWI_Mem(  255): void qcamera::QCameraMemory::traceLogAllocStart(size_t, int, const char*):Memsize 1048576
06-08 16:00:34.096 E/QCameraHWI_Mem(  255): void qcamera::QCameraMemory::traceLogAllocEnd(size_t) 1048576
06-08 16:00:34.096 E/QCameraHWI_Mem(  255): void qcamera::QCameraMemory::traceLogAllocEnd(size_t) 1048576
06-08 16:00:34.156 E/QCameraParameters(  255): int32_t qcamera::QCameraParameters::setAEBracket(const qcamera::QCameraParameters&): scene mode is HDR, overwrite AE bracket setting to off
06-08 16:00:34.176 E/CAM_PhotoModule(31118):  advancedFeature value =none
06-08 16:00:34.186 E/QCameraParameters(  255): int32_t qcamera::QCameraParameters::setAEBracket(const qcamera::QCameraParameters&): scene mode is HDR, overwrite AE bracket setting to off
06-08 16:00:34.206 E/CAM_PhotoModule(31118):  advancedFeature value =none
06-08 16:00:34.216 E/QCameraParameters(  255): int32_t qcamera::QCameraParameters::setAEBracket(const qcamera::QCameraParameters&): scene mode is HDR, overwrite AE bracket setting to off
06-08 16:00:34.226 E/mm-camera-intf(  255): mm_stream_get_v4l2_fmt: Unknown fmt=99
06-08 16:00:34.236 E/mm-camera(  309): isp_util_find_matched_existing_src_port#186: X
06-08 16:00:34.236 E/mm-camera(  309): module_faceproc_client_create:977] Face proc feature mask e 0
06-08 16:00:34.256 E/mm-camera(  309): is_thread_handler thread_id is 929
06-08 16:00:34.256 E/mm-camera(  309): is_thread_handler: Starting IS thread handler
06-08 16:00:34.256 E/mm-camera(  309): mct_pipeline_send_ctrl_events: Send Set Parm events
06-08 16:00:34.256 E/mm-camera(  309): af_port_handle_module_event: HFR Mode: 0!
06-08 16:00:34.256 E/mm-camera(  309): stats_port_proc_downstream_set_parm Enable AEC & AWB subsampling optimizations
06-08 16:00:34.266 E/mm-camera(  309): mct_pipeline_send_ctrl_events: Send Set Parm events
06-08 16:00:34.266 E/mm-camera(  309): module_faceproc_port_event_func:541] Invalid type for reprocess 10002 10002
06-08 16:00:34.266 E/QCameraHWI_Mem(  255): void qcamera::QCameraMemory::traceLogAllocStart(size_t, int, const char*):StreamMemsize 454112
06-08 16:00:34.266 E/QCameraHWI_Mem(  255): void qcamera::QCameraMemory::traceLogAllocStart(size_t, int, const char*):Memsize 454112
06-08 16:00:34.266 E/QCameraHWI_Mem(  255): int qcamera::QCameraMemoryPool::allocateBuffer(qcamera::QCameraMemory::QCameraMemInfo&, unsigned int, size_t, bool, cam_stream_type_t) : Buffer not found!
06-08 16:00:34.266 E/QCameraHWI_Mem(  255): int qcamera::QCameraMemoryPool::allocateBuffer(qcamera::QCameraMemory::QCameraMemInfo&, unsigned int, size_t, bool, cam_stream_type_t) : Buffer not found!
06-08 16:00:34.266 E/QCameraHWI_Mem(  255): int qcamera::QCameraMemoryPool::allocateBuffer(qcamera::QCameraMemory::QCameraMemInfo&, unsigned int, size_t, bool, cam_stream_type_t) : Buffer not found!
06-08 16:00:34.266 E/QCameraHWI_Mem(  255): int qcamera::QCameraMemoryPool::allocateBuffer(qcamera::QCameraMemory::QCameraMemInfo&, unsigned int, size_t, bool, cam_stream_type_t) : Buffer not found!
06-08 16:00:34.266 E/QCameraHWI_Mem(  255): int qcamera::QCameraMemoryPool::allocateBuffer(qcamera::QCameraMemory::QCameraMemInfo&, unsigned int, size_t, bool, cam_stream_type_t) : Buffer not found!
06-08 16:00:34.266 E/QCameraHWI_Mem(  255): int qcamera::QCameraMemoryPool::allocateBuffer(qcamera::QCameraMemory::QCameraMemInfo&, unsigned int, size_t, bool, cam_stream_type_t) : Buffer not found!
06-08 16:00:34.276 E/QCameraHWI_Mem(  255): int qcamera::QCameraMemoryPool::allocateBuffer(qcamera::QCameraMemory::QCameraMemInfo&, unsigned int, size_t, bool, cam_stream_type_t) : Buffer not found!
06-08 16:00:34.276 E/QCameraHWI_Mem(  255): int qcamera::QCameraMemoryPool::allocateBuffer(qcamera::QCameraMemory::QCameraMemInfo&, unsigned int, size_t, bool, cam_stream_type_t) : Buffer not found!
06-08 16:00:34.276 E/QCameraHWI_Mem(  255): int qcamera::QCameraMemoryPool::allocateBuffer(qcamera::QCameraMemory::QCameraMemInfo&, unsigned int, size_t, bool, cam_stream_type_t) : Buffer not found!
06-08 16:00:34.276 E/QCameraHWI_Mem(  255): int qcamera::QCameraMemoryPool::allocateBuffer(qcamera::QCameraMemory::QCameraMemInfo&, unsigned int, size_t, bool, cam_stream_type_t) : Buffer not found!
06-08 16:00:34.276 E/QCameraHWI_Mem(  255): void qcamera::QCameraMemory::traceLogAllocEnd(size_t) 4541120
06-08 16:00:34.276 E/QCameraHWI_Mem(  255): void qcamera::QCameraMemory::traceLogAllocEnd(size_t) 4541120
06-08 16:00:34.286 E/mm-camera-intf(  255): mm_stream_request_buf: buf_num = 10, stream type = 7
06-08 16:00:34.366 E/CAM_PhotoModule(31118):  advancedFeature value =none
06-08 16:00:34.396 E/mm-camera-intf(  255): mm_stream_request_buf: buf_num = 11, stream type = 1
06-08 16:00:34.396 E/mm-camera-sensor(  309): sensor_set_resolution:1795 set_fps=30.000000 > max_fps=15.000000, capping to max
06-08 16:00:34.426 E/mm-camera(  309): decide_isp_nums_camif: num_isp = 1
06-08 16:00:34.426 E/mm-camera(  309): decide_isp_nums_camif: num_isp = 1
06-08 16:00:34.426 E/mm-camera(  309): isp_sink_port_stream_config: E, session_id = 1, stream_id = 2, stream_type = 1
06-08 16:00:34.426 E/mm-camera(  309): isp_sink_port_stream_config: session_id = 1, stream_id = 2, is_split = 0
06-08 16:00:34.426 E/mm-camera(  309): isp_sink_port_stream_config: old vfe_id_mask = 0x0, new vfe_id_mask = 0x1
06-08 16:00:34.426 E/mm-camera(  309): isp_pipeline_get_table_size: ISP_HW_MOD_GET_TABLE_SIZE error, module_id = 1, rc = -1
06-08 16:00:34.426 E/mm-camera(  309): isp_hw_proc_init_meta_dump: get ISP_PIX_GET_ROLLOFF_TABLE_SIZE error
06-08 16:00:34.426 E/mm-camera(  309): isp_sink_port_stream_config: E, session_id = 1, stream_id = 3, stream_type = 3
06-08 16:00:34.426 E/mm-camera(  309): isp_sink_port_stream_config: session_id = 1, stream_id = 3, is_split = 0
06-08 16:00:34.426 E/mm-camera(  309): isp_sink_port_stream_config: old vfe_id_mask = 0x1, new vfe_id_mask = 0x1
06-08 16:00:34.426 E/mm-camera(  309): is_port_handle_stream_config_event: w = 3264, h = 2448, ma = 90, p = 0
06-08 16:00:34.436 E/mm-camera-sensor(  309): eeprom_do_chroma_calibration:567 turn on Cal wb(1) ls(1) dp(1)
06-08 16:00:34.446 E/mm-camera-sensor(  309): af_actuator_set_params:268 E
06-08 16:00:34.446 E/mm-camera-CORE(  309): aec_set_bestshot_mode: Invalid bestshot mode, setting it to default
06-08 16:00:34.446 E/mm-camera-CORE(  309): awb_set_bestshot_mode: Invalid bestshot mode, setting it to default
06-08 16:00:34.446 E/mm-camera(  309): is_port_handle_set_is_enable: IS enable = 0
06-08 16:00:34.446 E/mm-camera(  309): isp_tintless_bg_pca_update_chromatix_params: chromatix : strength 4
06-08 16:00:34.446 E/mm-camera(  309): isp_tintless_config: tint_correction_strength updated to 4
06-08 16:00:34.446 E/mm-camera(  309): isp_tintless_bg_pca_update_chromatix_params: lib returned config err=0
06-08 16:00:34.446 E/mm-camera-CORE(  309): aec_set_bestshot_mode: Invalid bestshot mode, setting it to default
06-08 16:00:34.446 E/mm-camera-CORE(  309): awb_set_bestshot_mode: Invalid bestshot mode, setting it to default
06-08 16:00:34.446 E/mm-camera(  309): is_port_handle_set_is_enable: IS enable = 0
06-08 16:00:34.446 E/mm-camera(  309): port_isp_mct_ctrl_cmd: E, identity = 0x10002, STREAMON
06-08 16:00:34.446 E/mm-camera(  309): awb_port_update_awb_data r_gain; 1.243781, g_gain: 1.000000, b_gain: 2.028398, cct: 4100
06-08 16:00:34.446 E/mm-camera-img(  309): Face Album FILE EXISTS
06-08 16:00:34.456 E/mm-camera(  309): isp_streamon: E, session_id = 1, stream_id = 2, active_count = 0 flash=FALSE
06-08 16:00:34.456 E/mm-camera(  309): isp_proc_streamon: E, session_id = 1, stream_id = 2, stream_type = 1
06-08 16:00:34.456 E/mm-camera(  309): isp_streamon: X, session_id = 1, rc = 0
06-08 16:00:34.456 E/mm-camera(  309): port_isp_send_streamon_done_event_downstream: ignore this streamon, hal_bundling_mask = 0x3, streamon_mask = 0x1
06-08 16:00:34.456 E/mm-camera(  309): port_isp_mct_ctrl_cmd: X, identity = 0x10002, STREAMON, ret = 0
06-08 16:00:34.456 E/AEC_PORT(  309): ddd exp 0.032124 iso 55
06-08 16:00:34.456 E/AEC_PORT(  309): #### aec_port_get_aec_data runs
06-08 16:00:34.456 E/AEC_PORT(  309): aec_port_proc_get_aec_data exp 0.032124 iso 55, exp-idx: 240, lc: 1195, gain: 1.000000
06-08 16:00:34.456 E/QCameraHWI_Mem(  255): void qcamera::QCameraMemory::traceLogAllocStart(size_t, int, const char*):StreamMemsize 12066816
06-08 16:00:34.456 E/QCameraHWI_Mem(  255): void qcamera::QCameraMemory::traceLogAllocStart(size_t, int, const char*):Memsize 12066816
06-08 16:00:34.456 E/QCameraHWI_Mem(  255): int qcamera::QCameraMemoryPool::allocateBuffer(qcamera::QCameraMemory::QCameraMemInfo&, unsigned int, size_t, bool, cam_stream_type_t) : Buffer not found!
06-08 16:00:34.536 E/QCameraHWI_Mem(  255): int qcamera::QCameraMemoryPool::allocateBuffer(qcamera::QCameraMemory::QCameraMemInfo&, unsigned int, size_t, bool, cam_stream_type_t) : Buffer not found!
