06-08 16:00:34.616 E/QCameraHWI_Mem(  255): int qcamera::QCameraMemoryPool::allocateBuffer(qcamera::QCameraMemory::QCameraMemInfo&, unsigned int, size_t, bool, cam_stream_type_t) : Buffer not found!
06-08 16:00:34.696 E/QCameraHWI_Mem(  255): void qcamera::QCameraMemory::traceLogAllocEnd(size_t) 36200448
06-08 16:00:34.696 E/QCameraHWI_Mem(  255): void qcamera::QCameraMemory::traceLogAllocEnd(size_t) 36200448
06-08 16:00:34.706 E/mm-camera-intf(  255): mm_stream_request_buf: buf_num = 6, stream type = 3
06-08 16:00:34.726 E/mm-camera-sensor(  309): sensor_set_resolution:1768 set_fps=30.000000 > max_fps=15.000000, capping to max
06-08 16:00:34.726 E/mm-camera(  309): isp_sink_port_stream_config: E, session_id = 1, stream_id = 2, stream_type = 1
06-08 16:00:34.726 E/mm-camera(  309): isp_sink_port_stream_config: session_id = 1, stream_id = 2, is_split = 0
06-08 16:00:34.726 E/mm-camera(  309): isp_sink_port_stream_config: old vfe_id_mask = 0x1, new vfe_id_mask = 0x1
06-08 16:00:34.726 E/mm-camera(  309): isp_sink_port_stream_config: E, session_id = 1, stream_id = 3, stream_type = 3
06-08 16:00:34.726 E/mm-camera(  309): isp_sink_port_stream_config: session_id = 1, stream_id = 3, is_split = 0
06-08 16:00:34.726 E/mm-camera(  309): isp_sink_port_stream_config: old vfe_id_mask = 0x1, new vfe_id_mask = 0x1
06-08 16:00:34.726 E/mm-camera(  309): is_port_handle_stream_config_event: w = 3264, h = 2448, ma = 90, p = 0
06-08 16:00:34.726 E/mm-camera-sensor(  309): eeprom_do_chroma_calibration:567 turn on Cal wb(1) ls(1) dp(1)
06-08 16:00:34.726 E/mm-camera(  309): is_port_handle_set_is_enable: IS enable = 0
06-08 16:00:34.726 E/mm-camera-CORE(  309): aec_set_bestshot_mode: Invalid bestshot mode, setting it to default
06-08 16:00:34.726 E/mm-camera-CORE(  309): awb_set_bestshot_mode: Invalid bestshot mode, setting it to default
06-08 16:00:34.726 E/mm-camera(  309): isp_tintless_bg_pca_update_chromatix_params: chromatix : strength 4
06-08 16:00:34.726 E/mm-camera(  309): isp_tintless_config: same cfg as current
06-08 16:00:34.726 E/mm-camera(  309): isp_tintless_bg_pca_update_chromatix_params: lib returned config err=0
06-08 16:00:34.726 E/mm-camera(  309): is_port_handle_set_is_enable: IS enable = 0
06-08 16:00:34.726 E/mm-camera-CORE(  309): aec_set_bestshot_mode: Invalid bestshot mode, setting it to default
06-08 16:00:34.726 E/mm-camera-CORE(  309): awb_set_bestshot_mode: Invalid bestshot mode, setting it to default
06-08 16:00:34.726 E/mm-camera(  309): port_isp_mct_ctrl_cmd: E, identity = 0x10003, STREAMON
06-08 16:00:34.726 E/mm-camera(  309): awb_port_update_awb_data r_gain; 1.243781, g_gain: 1.000000, b_gain: 2.028398, cct: 4100
06-08 16:00:34.726 E/mm-camera(  309): isp_streamon: E, session_id = 1, stream_id = 3, active_count = 0 flash=FALSE
06-08 16:00:34.726 E/mm-camera(  309): isp_proc_streamon: E, session_id = 1, stream_id = 3, stream_type = 3
06-08 16:00:34.726 E/mm-camera(  309): isp_ch_util_sync_stream_cfg_to_channel: cannot find channel, Adding new channel for stream id 2
06-08 16:00:34.726 E/mm-camera(  309): isp_add_meta_channel: no meta data, session_id = 1, stream_id = 2
06-08 16:00:34.726 E/mm-camera(  309): isp_ch_util_sync_stream_cfg_to_channel: cannot find channel, Adding new channel for stream id 3
06-08 16:00:34.726 E/mm-camera(  309): isp_add_meta_channel: no meta data, session_id = 1, stream_id = 3
06-08 16:00:34.736 E/mm-camera(  309): is_port_event:610 id = 10002, steam_type = 1, w = 1280, h = 960, IS mode = 0
06-08 16:00:34.736 E/mm-camera(  309): isp_thread_proc_cmd: start/stop, thread_data = 0xb8422740, action_code = 0
06-08 16:00:34.736 E/mm-camera(  309): isp_ch_util_streamon: session_id = 1, vfe_mask = 0x1, async streamon, rc = 0
06-08 16:00:34.736 E/mm-camera(  309): linearization_set_params: param_id is not supported in this module
06-08 16:00:34.736 E/mm-camera(  309): pca_rolloff_set_params: param_id is not supported in this module
06-08 16:00:34.736 E/mm-camera(  309): wb_set_params: param_id is not supported in this module
06-08 16:00:34.736 E/mm-camera(  309): demosaic_set_params: param_id 7, is not supported in this module
06-08 16:00:34.736 E/mm-camera(  309): demux_set_params: param_id 7, is not supported in this module
06-08 16:00:34.736 E/mm-camera(  309): clf_set_params: param_id 7, is not supported in this module
06-08 16:00:34.736 E/mm-camera(  309): mce_set_params: param_id is not supported in this module
06-08 16:00:34.736 E/mm-camera(  309): sce_set_params: param_id is not supported in this module
06-08 16:00:34.736 E/mm-camera(  309): isp_tintless_bg_pca_stat_config: Enter 
06-08 16:00:34.736 E/mm-camera(  309): isp_tintless_bg_pca_stat_config: stats : camif hxw 2448 x 3264, hxw 50 x 50, type 1
06-08 16:00:34.736 E/mm-camera(  309): isp_tintless_bg_pca_stat_config: pointer okay 
06-08 16:00:34.736 E/mm-camera(  309): isp_tintless_config: cfg: camif 3264x2448, elem sz 50x50,
06-08 16:00:34.736 E/        (  309): dmlroc_init
06-08 16:00:34.736 E/mm-camera(  309): isp_tintless_bg_pca_stat_config: lib returned config err=0
06-08 16:00:34.736 E/mm-camera(  309): isp_pipeline_reset_hist_dmi, Enter
06-08 16:00:34.746 E/mm-camera(  309): isp_pipeline_reset_hist_dmi, Enter
06-08 16:00:34.746 E/mm-camera(  309): isp_pipeline_reset_hist_dmi, Enter
06-08 16:00:34.756 E/InputDispatcher(  801): channel '41ba11b8 com.cootek.smartinputv5.oem/com.cootek.smartinput5.Guide (server)' ~ Channel is unrecoverably broken and will be disposed!
06-08 16:00:34.766 E/mm-camera(  309): isp_axi_util_subscribe_v4l2_event: event_type = 0x8000100, is_subscribe = 1
06-08 16:00:34.766 E/mm-camera(  309): isp_thread_proc_cmd: start/stop ack done, thread_data = 0xb8422740, action_code = 1, rc = 0
06-08 16:00:34.766 E/mm-camera(  309): isp_ch_util_streamon: session_id = 1, sync ack done
06-08 16:00:34.776 E/mm-camera(  309): isp_pipeline32_get_roi_map: ROI: first pix 0, last pix 3263, first ln 0, last line 2447
06-08 16:00:34.776 E/mm-camera(  309): isp_streamon: X, session_id = 1, rc = 0
06-08 16:00:34.776 E/mm-camera(  309): port_isp_send_streamon_done_event_downstream: notify stream done downstream
06-08 16:00:34.776 E/mm-camera(  309): port_isp_mct_ctrl_cmd: X, identity = 0x10003, STREAMON, ret = 0
06-08 16:00:34.776 E/mm-camera-sensor(  309): module_sensor_stream_on: Sending start bus message
06-08 16:00:34.776 E/mm-camera(  309): mct_bus_sof_thread_run thread_id is 943
06-08 16:00:34.776 E/QCameraHWI_Mem(  255): void qcamera::QCameraMemory::traceLogAllocStart(size_t, int, const char*):StreamMemsize 12066816
06-08 16:00:34.776 E/QCameraHWI_Mem(  255): void qcamera::QCameraMemory::traceLogAllocStart(size_t, int, const char*):Memsize 12066816
06-08 16:00:34.776 E/QCameraHWI_Mem(  255): int qcamera::QCameraMemoryPool::allocateBuffer(qcamera::QCameraMemory::QCameraMemInfo&, unsigned int, size_t, bool, cam_stream_type_t) : Buffer not found!
06-08 16:00:34.786 E/mm-camera-sensor(  309): port_sensor_handle_upstream_module_event:982 Reset previously set LED state!
06-08 16:00:34.786 E/AEC_PORT(  309): aec_port_proc_downstream_event: Received LED state timeout. Reset LED state!
06-08 16:00:34.786 E/mm-camera-img(  309): module_imglib_store_session_params:433 Invalid param type 
06-08 16:00:34.786 E/mm-camera-img(  309): module_imglib_port_handle_events:1137] Store session params fail
06-08 16:00:34.786 E/QCameraParameters(  255): int32_t qcamera::QCameraParameters::setAEBracket(const qcamera::QCameraParameters&): scene mode is HDR, overwrite AE bracket setting to off
06-08 16:00:34.786 E/mm-camera(  309): mct_pipeline_send_ctrl_events: Send Set Parm events
06-08 16:00:34.796 E/mm-camera(  309): stats_port_proc_downstream_set_parm Enable AEC & AWB subsampling optimizations
06-08 16:00:34.826 E/CAM_PhotoModule(31118):  advancedFeature value =none
06-08 16:00:34.826 E/QCameraParameters(  255): int32_t qcamera::QCameraParameters::setAEBracket(const qcamera::QCameraParameters&): scene mode is HDR, overwrite AE bracket setting to off
06-08 16:00:34.836 E/mm-camera(  309): mct_pipeline_send_ctrl_events: Send Set Parm events
06-08 16:00:34.836 E/mm-camera(  309): stats_port_proc_downstream_set_parm Enable AEC & AWB subsampling optimizations
06-08 16:00:34.836 E/mm-camera-img(  309): module_imglib_store_session_params:433 Invalid param type 
06-08 16:00:34.836 E/mm-camera-img(  309): module_imglib_port_handle_events:1137] Store session params fail
06-08 16:00:34.846 E/mm-camera(  309): invalid stats mask. Return back
06-08 16:00:34.856 E/QCameraHWI_Mem(  255): int qcamera::QCameraMemoryPool::allocateBuffer(qcamera::QCameraMemory::QCameraMemInfo&, unsigned int, size_t, bool, cam_stream_type_t) : Buffer not found!
06-08 16:00:34.876 E/mm-camera(  309): invalid stats mask. Return back
06-08 16:00:34.916 E/mm-camera(  309): invalid stats mask. Return back
06-08 16:00:34.916 E/mm-camera(  309): af_port_send_legacy_status_update: Send AF Status Update! af_state=3
06-08 16:00:34.916 E/mm-camera(  309): af_port_send_legacy_status_update: Send AF Status update to af port: 0
06-08 16:00:34.926 E/QCameraHWI_Mem(  255): int qcamera::QCameraMemoryPool::allocateBuffer(qcamera::QCameraMemory::QCameraMemInfo&, unsigned int, size_t, bool, cam_stream_type_t) : Buffer not found!
06-08 16:00:34.946 E/mm-camera-CORE(  309): aec_process_get_matching_index_from_history: history search unsuccessful! 
06-08 16:00:34.946 E/AEC_PORT(  309): aec_port_save_update:real_gain:1.000000 linecnt:1195 exp_idx:240 cur_luma:2 led_est:0
06-08 16:00:34.946 E/mm-camera(  309): isp_tintless_bg_pca_stat_config: Enter 
06-08 16:00:34.946 E/mm-camera(  309): isp_tintless_bg_pca_stat_config: stats : camif hxw 2448 x 3264, hxw 50 x 50, type 1
06-08 16:00:34.946 E/mm-camera(  309): isp_tintless_bg_pca_stat_config: pointer okay 
06-08 16:00:34.946 E/mm-camera(  309): isp_tintless_bg_pca_stat_config: lib returned config err=0
06-08 16:00:34.956 E/mm-camera(  309): c2d_thread_handle_process_buf_event:180 input buf index 1
06-08 16:00:34.956 E/mm-camera(  309): c2d_thread_handle_process_buf_event:197 input vaddr b3912000
06-08 16:00:34.956 E/mm-camera(  309): End of measure Total 0 ms
06-08 16:00:34.956 E/mm-camera-sensor(  309): port_sensor_handle_aec_update:803 g 1.000000 lux idx 289.812866
06-08 16:00:34.986 E/mm-camera(  309): invalid stats mask. Return back
06-08 16:00:34.986 E/mm-camera-CORE(  309): af_process_parse_stats: Invalid FV data!
06-08 16:00:34.986 E/QCameraHWI_Mem(  255): void qcamera::QCameraMemory::traceLogAllocEnd(size_t) 36200448
06-08 16:00:34.996 E/QCameraHWI_Mem(  255): void qcamera::QCameraMemory::traceLogAllocEnd(size_t) 36200448
06-08 16:00:34.996 E/mm-camera(  309): port_isp_mct_ctrl_cmd: E, identity = 0x10003, UPDATE_BUF_INFO
06-08 16:00:34.996 E/mm-camera(  309): port_isp_mct_ctrl_cmd: X, identity = 0x10003, UPDATE_BUF_INFO, ret = 0
06-08 16:00:35.006 E/mm-camera(  309): port_isp_mct_ctrl_cmd: E, identity = 0x10003, UPDATE_BUF_INFO
06-08 16:00:35.006 E/mm-camera(  309): port_isp_mct_ctrl_cmd: X, identity = 0x10003, UPDATE_BUF_INFO, ret = 0
06-08 16:00:35.016 E/mm-camera(  309): q3a_port_send_event_downstream: AEC event handler returned failure!
06-08 16:00:35.016 E/mm-camera(  309): c2d_thread_handle_process_buf_event:180 input buf index 2
06-08 16:00:35.016 E/mm-camera(  309): c2d_thread_handle_process_buf_event:197 input vaddr b374f000
06-08 16:00:35.016 E/mm-camera(  309): End of measure Total 1 ms
06-08 16:00:35.026 E/mm-camera(  309): port_isp_mct_ctrl_cmd: E, identity = 0x10003, UPDATE_BUF_INFO
06-08 16:00:35.026 E/mm-camera(  309): port_isp_mct_ctrl_cmd: X, identity = 0x10003, UPDATE_BUF_INFO, ret = 0
06-08 16:00:35.076 E/mm-camera(  309): invalid stats mask. Return back
06-08 16:00:35.076 E/mm-camera-CORE(  309): af_process_parse_stats: Invalid FV data!
06-08 16:00:35.086 E/mm-camera-CORE(  309): aec_process_get_matching_index_from_history: history search unsuccessful! 
06-08 16:00:35.086 E/AEC_PORT(  309): aec_port_save_update:real_gain:1.035156 linecnt:2472 exp_idx:266 cur_luma:2 led_est:0
06-08 16:00:35.086 E/mm-camera(  309): c2d_thread_handle_process_buf_event:180 input buf index 3
06-08 16:00:35.086 E/mm-camera(  309): c2d_thread_handle_process_buf_event:197 input vaddr b358c000
06-08 16:00:35.086 E/mm-camera(  309): End of measure Total 0 ms
06-08 16:00:35.096 E/mm-camera-sensor(  309): port_sensor_handle_aec_update:803 g 1.035156 lux idx 289.833099
06-08 16:00:35.136 E/InputDispatcher(  801): channel '419d74b8 com.android.gallery3d/com.android.gallery3d.app.GalleryActivity (server)' ~ Channel is unrecoverably broken and will be disposed!
06-08 16:00:35.146 E/mm-camera(  309): invalid stats mask. Return back
06-08 16:00:35.146 E/mm-camera-CORE(  309): af_process_parse_stats: Invalid FV data!
06-08 16:00:35.146 E/mm-camera(  309): c2d_thread_handle_process_buf_event:180 input buf index 1
06-08 16:00:35.146 E/mm-camera(  309): c2d_thread_handle_process_buf_event:197 input vaddr b3912000
06-08 16:00:35.146 E/mm-camera(  309): End of measure Total 1 ms
06-08 16:00:35.146 E/AEC_PORT(  309): aec_port_save_update:real_gain:1.035156 linecnt:2472 exp_idx:266 cur_luma:2 led_est:0
06-08 16:00:35.156 E/mm-camera-sensor(  309): port_sensor_handle_aec_update:803 g 1.035156 lux idx 289.873596
06-08 16:00:35.206 E/InputDispatcher(  801): channel '41c86f10 com.android.soundrecorder/com.android.soundrecorder.SoundRecorder (server)' ~ Channel is unrecoverably broken and will be disposed!
06-08 16:00:35.206 E/mm-camera(  309): invalid stats mask. Return back
06-08 16:00:35.206 E/mm-camera-CORE(  309): af_process_parse_stats: Invalid FV data!
06-08 16:00:35.216 E/AEC_PORT(  309): aec_port_save_update:real_gain:2.230469 linecnt:2472 exp_idx:292 cur_luma:2 led_est:0
06-08 16:00:35.216 E/mm-camera(  309): c2d_thread_handle_process_buf_event:180 input buf index 2
06-08 16:00:35.216 E/mm-camera(  309): c2d_thread_handle_process_buf_event:197 input vaddr b374f000
06-08 16:00:35.216 E/mm-camera(  309): End of measure Total 0 ms
06-08 16:00:35.226 E/mm-camera-sensor(  309): port_sensor_handle_aec_update:803 g 2.230469 lux idx 289.883698
06-08 16:00:35.236 E/mm-camera-sensor(  309): port_sensor_handle_upstream_module_event:982 Reset previously set LED state!
06-08 16:00:35.236 E/AEC_PORT(  309): aec_port_proc_downstream_event: Received LED state timeout. Reset LED state!
06-08 16:00:35.236 E/mm-camera-CORE(  309): af_util_done: final lens pos 360
06-08 16:00:35.236 E/mm-camera-img(  309): module_imglib_store_session_params:433 Invalid param type 
06-08 16:00:35.236 E/mm-camera-img(  309): module_imglib_port_handle_events:1137] Store session params fail
06-08 16:00:35.236 E/mm-camera(  309): af_port_send_legacy_status_update: Send AF Status Update! af_state=0
06-08 16:00:35.236 E/mm-camera(  309): af_port_send_legacy_status_update: Send AF Status update to af port: 3
06-08 16:00:35.236 E/mm-camera-sensor(  309): af_actuator_move_focus:125 error
06-08 16:00:35.246 F/ActivityManager(  801): Service ServiceRecord{4212db80 u0 com.android.gallery3d/.app.BatchService} in process ProcessRecord{4194c948 32637:com.android.gallery3d/u0a38} not same as in map: null
06-08 16:00:35.256 E/mm-camera(  309): port_isp_mct_ctrl_cmd: E, identity = 0x10003, STREAMOFF
06-08 16:00:35.256 E/mm-camera(  309): isp_streamoff: E, session_id = 1, stream_id = 3, active_count = 2
06-08 16:00:35.256 E/mm-camera(  309): isp_proc_streamoff: E,session_id = 1, stream_id= 3, stream_type= 3 meta 0
06-08 16:00:35.256 E/mm-camera(  309): isp_thread_proc_cmd: start/stop, thread_data = 0xb8422740, action_code = 2
06-08 16:00:35.256 E/mm-camera(  309): isp_ch_util_streamoff: session_id = 1, vfe_mask = 0x1, async streamoff, rc = 0
06-08 16:00:35.256 E/mm-camera(  309): isp_axi_util_subscribe_v4l2_event: event_type = 0x8000100, is_subscribe = 0
06-08 16:00:35.266 E/mm-camera(  309): isp_axi_unreg_buf: session_id = 1, stream_id = 2, buf_handle = 0x10000
06-08 16:00:35.266 E/mm-camera(  309): isp_axi_unreg_buf: session_id = 1, stream_id = 3, buf_handle = 0x20001
06-08 16:00:35.266 E/mm-camera(  309): isp_ch_util_streamoff: session_id = 1, sync ack done
06-08 16:00:35.266 E/mm-camera(  309): isp_thread_proc_cmd: start/stop ack done, thread_data = 0xb8422740, action_code = 3, rc = 0
06-08 16:00:35.266 E/mm-camera(  309): isp_streamoff: X, session_id = 1, rc = 0
06-08 16:00:35.266 E/mm-camera(  309): port_isp_mct_ctrl_cmd: X, identity = 0x10003, STREAMOFF, ret = 0
06-08 16:00:35.266 E/mm-camera(  309): port_isp_mct_ctrl_cmd: E, identity = 0x10002, STREAMOFF
06-08 16:00:35.276 E/mm-camera-CORE(  309): aec_set_fd_roi: invalid CPP width and height (0, 0)!
06-08 16:00:35.276 E/mm-camera(  309): isp_streamoff: E, session_id = 1, stream_id = 2, active_count = 0
06-08 16:00:35.276 E/mm-camera(  309): isp_proc_streamoff: E,session_id = 1, stream_id= 2, stream_type= 1 meta 0
06-08 16:00:35.276 E/mm-camera(  309): isp_streamoff: X, session_id = 1, rc = 0
06-08 16:00:35.276 E/mm-camera(  309): port_isp_mct_ctrl_cmd: X, identity = 0x10002, STREAMOFF, ret = 0
06-08 16:00:35.276 E/mm-camera-sensor(  309): module_sensor_module_process_event: Sending stop bus message
06-08 16:00:35.336 E/mm-camera-img(  309): faceproc_save_album:795] Error No album 
06-08 16:00:35.336 E/mm-camera-img(  309): faceproc_comp_eng_destroy: Album save failed -1
06-08 16:00:35.336 E/mm-camera(  309): q3a_thread_aecawb_stop:384 MSG_STOP_THREAD
06-08 16:00:35.336 E/mm-camera(  309): q3a_thread_af_stop:574 MSG_STOP_THREAD
06-08 16:00:35.336 E/mm-camera(  309): is_thread_handler: Exiting IS thread handler
06-08 16:00:35.356 E/qomx_image_core(  255): OMX_Deinit:118] Complete
06-08 16:00:35.366 E/QCameraPostProc(  255): int32_t qcamera::QCameraPostProcessor::deinit(): Jpeg closed, rc = 0, mJpegClientHandle = 3200
06-08 16:00:35.376 E/mm-camera-eztune(  309): vendor/qcom/proprietary/mm-camera/mm-camera2/server-tuning/tuning/eztune_cam_adapter.cpp(667): "mct_stream_t* eztune::get_mct_stream(mct_pipeline_t*, eztune::mct_pipeline_get_stream_info_t*): no children"
06-08 16:00:35.376 E/mm-camera-eztune(  309): vendor/qcom/proprietary/mm-camera/mm-camera2/server-tuning/tuning/eztune_cam_adapter.cpp(667): "mct_stream_t* eztune::get_mct_stream(mct_pipeline_t*, eztune::mct_pipeline_get_stream_info_t*): no children"
06-08 16:00:35.376 E/mm-camera-eztune(  309): vendor/qcom/proprietary/mm-camera/mm-camera2/server-tuning/tuning/eztune_cam_adapter.cpp(667): "mct_stream_t* eztune::get_mct_stream(mct_pipeline_t*, eztune::mct_pipeline_get_stream_info_t*): no children"
06-08 16:00:35.376 E/mm-camera-eztune(  309): vendor/qcom/proprietary/mm-camera/mm-camera2/server-tuning/tuning/eztune_process.cpp(443): "Process layer not initialized. just return"
06-08 16:00:35.386 E/mm-camera(  309): mct_pipeline_stop_session: left modules: 5
06-08 16:00:35.386 E/mm-camera(  309): mct_pipeline_stop_session: left modules: 4
06-08 16:00:35.396 E/mm-camera(  309): isp_tintless_bg_pca_close: Enter
06-08 16:00:35.396 E/mm-camera(  309): isp_tintless_bg_pca_close: tint_lib 0xb8122b08, deinit_func 0xb5f7d085 
06-08 16:00:35.396 E/        (  309): dmlroc_deinit
06-08 16:00:35.396 E/mm-camera(  309): isp_tintless_bg_pca_close: close/unload tintless lib 0
06-08 16:00:35.396 E/mm-camera(  309): mct_pipeline_stop_session: left modules: 3
06-08 16:00:35.396 E/mm-camera(  309): mct_pipeline_stop_session: left modules: 2
06-08 16:00:35.406 E/mm-camera(  309): mct_pipeline_stop_session: left modules: 1
06-08 16:00:35.436 E/mm-camera(  309): Got some events
06-08 16:00:35.446 E/mm-camera(  309): mct_pipeline_stop_session: left modules: 0
06-08 16:00:37.636 E/cutils  (  240): Failed to mkdirat(/storage/sdcard1/Android): Read-only file system
06-08 16:00:37.956 E/InstalledAppDetails(30751): external storage unmounted 
06-08 16:00:39.426 E/LocSvc_libulp(  801): I/===> int ulp_msg_process_phone_setting_update(const UlpPhoneContextSettings*) line 560 
06-08 16:00:39.426 E/LocSvc_libulp(  801): I/int ulp_msg_process_phone_setting_update(const UlpPhoneContextSettings*), context type: 0x0
06-08 16:00:39.426 E/LocSvc_libulp(  801):   gps enabled: 0
06-08 16:00:39.426 E/LocSvc_libulp(  801):  network position available 0
06-08 16:00:39.426 E/LocSvc_libulp(  801):  wifi setting enabled 0
06-08 16:00:39.426 E/LocSvc_libulp(  801):  battery charging 0, agps enabled 1, enh_location_services_enabled 0is_pip_user_setting_enabled 0
06-08 16:00:39.426 E/LocSvc_libulp(  801): I/===> int ulp_brain_process_phone_setting_update() line 244 
06-08 16:00:39.436 E/LocSvc_libulp(  801): I/===> int ulp_msg_process_system_update(UlpSystemEvent) line 1460 
06-08 16:00:39.436 E/LocSvc_libulp(  801): I/int ulp_msg_process_system_update(UlpSystemEvent): systemEvent:4 
06-08 16:00:39.436 E/LocSvc_libulp(  801): I/===> int ulp_brain_process_system_update(UlpSystemEvent) line 2345 
06-08 16:00:41.666 E/LocSvc_libulp(  801): I/===> int ulp_msg_process_system_update(UlpSystemEvent) line 1460 
06-08 16:00:41.666 E/LocSvc_libulp(  801): I/int ulp_msg_process_system_update(UlpSystemEvent): systemEvent:5 
06-08 16:00:41.666 E/LocSvc_libulp(  801): I/===> int ulp_brain_process_system_update(UlpSystemEvent) line 2345 
06-08 16:00:47.936 E/InstalledAppDetails(30751): external storage unmounted 
06-08 16:00:48.036 E/InstalledAppDetails(30751): external storage unmounted 
06-08 16:00:51.016 E/InputDispatcher(  801): channel '41ae5b08 com.android.music/com.android.music.TrackBrowserActivity (server)' ~ Channel is unrecoverably broken and will be disposed!
06-08 16:00:51.676 E/LocSvc_libulp(  801): I/===> int ulp_msg_process_system_update(UlpSystemEvent) line 1460 
06-08 16:00:51.676 E/LocSvc_libulp(  801): I/int ulp_msg_process_system_update(UlpSystemEvent): systemEvent:5 
06-08 16:00:51.676 E/LocSvc_libulp(  801): I/===> int ulp_brain_process_system_update(UlpSystemEvent) line 2345 
06-08 16:00:51.676 E/LocSvc_libulp(  801): I/===> int ulp_brain_select_providers() line 333 
06-08 16:00:51.676 E/LocSvc_libulp(  801): I/===> int ulp_brain_turn_onoff_quipc_provider() line 700 
06-08 16:00:51.676 E/LocSvc_libulp(  801): I/===> int ulp_quipc_stop_engine() line 238 
06-08 16:00:51.676 E/LocSvc_libulp(  801): I/===> bool ulp_quipc_engine_running() line 63 
06-08 16:00:51.676 E/LocSvc_libulp(  801): I/===> int ulp_brain_turn_onoff_gnss_provider() line 595 
06-08 16:00:51.676 E/LocSvc_libulp(  801): I/===> int ulp_gnss_stop_engine() line 262 
06-08 16:00:51.676 E/LocSvc_libulp(  801): I/===> bool ulp_quipc_engine_running() line 63 
06-08 16:00:51.676 E/LocSvc_libulp(  801): I/===> int ulp_brain_turn_onoff_gnp_provider() line 496 
06-08 16:00:51.676 E/LocSvc_libulp(  801): I/===> bool ulp_gnp_engine_running() line 59 
06-08 16:00:51.676 E/LocSvc_libulp(  801): I/===> int ulp_gnp_stop_engine() line 195 
06-08 16:00:51.676 E/LocSvc_libulp(  801): I/===> bool ulp_gnp_engine_running() line 59 
06-08 16:00:51.676 E/LocSvc_libulp(  801): I/===> bool ulp_gnp_engine_running() line 59 
06-08 16:00:51.676 E/LocSvc_libulp(  801): I/===> int ulp_brain_turn_onoff_zpp_provider() line 437 
06-08 16:00:51.676 E/LocSvc_libulp(  801): I/===> int ulp_zpp_stop_engine() line 174 
06-08 16:00:51.676 E/LocSvc_libulp(  801): I/===> bool ulp_zpp_engine_running() line 62 
06-08 16:00:51.676 E/LocSvc_libulp(  801): I/===> int ulp_msg_process_start_req() line 452 
06-08 16:00:51.676 E/LocSvc_libulp(  801): I/int ulp_msg_process_start_req(), at ulp state = 1
06-08 16:01:01.676 E/LocSvc_libulp(  801): I/===> int ulp_msg_process_system_update(UlpSystemEvent) line 1460 
06-08 16:01:01.676 E/LocSvc_libulp(  801): I/int ulp_msg_process_system_update(UlpSystemEvent): systemEvent:5 
06-08 16:01:01.676 E/LocSvc_libulp(  801): I/===> int ulp_brain_process_system_update(UlpSystemEvent) line 2345 
06-08 16:01:01.676 E/LocSvc_libulp(  801): I/===> int ulp_brain_select_providers() line 333 
06-08 16:01:01.676 E/LocSvc_libulp(  801): I/===> int ulp_brain_turn_onoff_quipc_provider() line 700 
06-08 16:01:01.676 E/LocSvc_libulp(  801): I/===> int ulp_quipc_stop_engine() line 238 
06-08 16:01:01.676 E/LocSvc_libulp(  801): I/===> bool ulp_quipc_engine_running() line 63 
06-08 16:01:01.676 E/LocSvc_libulp(  801): I/===> int ulp_brain_turn_onoff_gnss_provider() line 595 
06-08 16:01:01.676 E/LocSvc_libulp(  801): I/===> int ulp_gnss_stop_engine() line 262 
06-08 16:01:01.676 E/LocSvc_libulp(  801): I/===> bool ulp_quipc_engine_running() line 63 
06-08 16:01:01.676 E/LocSvc_libulp(  801): I/===> int ulp_brain_turn_onoff_gnp_provider() line 496 
06-08 16:01:01.676 E/LocSvc_libulp(  801): I/===> bool ulp_gnp_engine_running() line 59 
06-08 16:01:01.676 E/LocSvc_libulp(  801): I/===> int ulp_gnp_stop_engine() line 195 
06-08 16:01:01.676 E/LocSvc_libulp(  801): I/===> bool ulp_gnp_engine_running() line 59 
06-08 16:01:01.676 E/LocSvc_libulp(  801): I/===> bool ulp_gnp_engine_running() line 59 
06-08 16:01:01.676 E/LocSvc_libulp(  801): I/===> int ulp_brain_turn_onoff_zpp_provider() line 437 
06-08 16:01:01.676 E/LocSvc_libulp(  801): I/===> int ulp_zpp_stop_engine() line 174 
06-08 16:01:01.676 E/LocSvc_libulp(  801): I/===> bool ulp_zpp_engine_running() line 62 
06-08 16:01:01.676 E/LocSvc_libulp(  801): I/===> int ulp_msg_process_start_req() line 452 
06-08 16:01:01.676 E/LocSvc_libulp(  801): I/int ulp_msg_process_start_req(), at ulp state = 1
06-08 16:01:02.076 E/MediaPlayer-JNI( 1216): QCMediaPlayer mediaplayer NOT present
06-08 16:01:05.516 E/beacon  (27369):  url error
06-08 16:01:10.436 E/beacon  (27369):  url error
06-08 16:01:11.676 E/LocSvc_libulp(  801): I/===> int ulp_msg_process_system_update(UlpSystemEvent) line 1460 
06-08 16:01:11.676 E/LocSvc_libulp(  801): I/int ulp_msg_process_system_update(UlpSystemEvent): systemEvent:5 
06-08 16:01:11.676 E/LocSvc_libulp(  801): I/===> int ulp_brain_process_system_update(UlpSystemEvent) line 2345 
06-08 16:01:11.676 E/LocSvc_libulp(  801): I/===> int ulp_brain_select_providers() line 333 
06-08 16:01:11.676 E/LocSvc_libulp(  801): I/===> int ulp_brain_turn_onoff_quipc_provider() line 700 
06-08 16:01:11.676 E/LocSvc_libulp(  801): I/===> int ulp_quipc_stop_engine() line 238 
06-08 16:01:11.676 E/LocSvc_libulp(  801): I/===> bool ulp_quipc_engine_running() line 63 
06-08 16:01:11.676 E/LocSvc_libulp(  801): I/===> int ulp_brain_turn_onoff_gnss_provider() line 595 
06-08 16:01:11.676 E/LocSvc_libulp(  801): I/===> int ulp_gnss_stop_engine() line 262 
06-08 16:01:11.676 E/LocSvc_libulp(  801): I/===> bool ulp_quipc_engine_running() line 63 
06-08 16:01:11.676 E/LocSvc_libulp(  801): I/===> int ulp_brain_turn_onoff_gnp_provider() line 496 
06-08 16:01:11.676 E/LocSvc_libulp(  801): I/===> bool ulp_gnp_engine_running() line 59 
06-08 16:01:11.676 E/LocSvc_libulp(  801): I/===> int ulp_gnp_stop_engine() line 195 
06-08 16:01:11.676 E/LocSvc_libulp(  801): I/===> bool ulp_gnp_engine_running() line 59 
06-08 16:01:11.676 E/LocSvc_libulp(  801): I/===> bool ulp_gnp_engine_running() line 59 
06-08 16:01:11.676 E/LocSvc_libulp(  801): I/===> int ulp_brain_turn_onoff_zpp_provider() line 437 
06-08 16:01:11.676 E/LocSvc_libulp(  801): I/===> int ulp_zpp_stop_engine() line 174 
06-08 16:01:11.676 E/LocSvc_libulp(  801): I/===> bool ulp_zpp_engine_running() line 62 
06-08 16:01:11.676 E/LocSvc_libulp(  801): I/===> int ulp_msg_process_start_req() line 452 
06-08 16:01:11.676 E/LocSvc_libulp(  801): I/int ulp_msg_process_start_req(), at ulp state = 1
06-08 16:01:15.556 E/GpsXtraDownloader(  801): No XTRA servers were specified in the GPS configuration
06-08 16:01:21.676 E/LocSvc_libulp(  801): I/===> int ulp_msg_process_system_update(UlpSystemEvent) line 1460 
06-08 16:01:21.676 E/LocSvc_libulp(  801): I/int ulp_msg_process_system_update(UlpSystemEvent): systemEvent:5 
06-08 16:01:21.676 E/LocSvc_libulp(  801): I/===> int ulp_brain_process_system_update(UlpSystemEvent) line 2345 
06-08 16:01:21.676 E/LocSvc_libulp(  801): I/===> int ulp_brain_select_providers() line 333 
06-08 16:01:21.676 E/LocSvc_libulp(  801): I/===> int ulp_brain_turn_onoff_quipc_provider() line 700 
06-08 16:01:21.676 E/LocSvc_libulp(  801): I/===> int ulp_quipc_stop_engine() line 238 
06-08 16:01:21.676 E/LocSvc_libulp(  801): I/===> bool ulp_quipc_engine_running() line 63 
06-08 16:01:21.676 E/LocSvc_libulp(  801): I/===> int ulp_brain_turn_onoff_gnss_provider() line 595 
06-08 16:01:21.676 E/LocSvc_libulp(  801): I/===> int ulp_gnss_stop_engine() line 262 
06-08 16:01:21.676 E/LocSvc_libulp(  801): I/===> bool ulp_quipc_engine_running() line 63 
06-08 16:01:21.676 E/LocSvc_libulp(  801): I/===> int ulp_brain_turn_onoff_gnp_provider() line 496 
06-08 16:01:21.676 E/LocSvc_libulp(  801): I/===> bool ulp_gnp_engine_running() line 59 
06-08 16:01:21.676 E/LocSvc_libulp(  801): I/===> int ulp_gnp_stop_engine() line 195 
06-08 16:01:21.676 E/LocSvc_libulp(  801): I/===> bool ulp_gnp_engine_running() line 59 
06-08 16:01:21.676 E/LocSvc_libulp(  801): I/===> bool ulp_gnp_engine_running() line 59 
06-08 16:01:21.676 E/LocSvc_libulp(  801): I/===> int ulp_brain_turn_onoff_zpp_provider() line 437 
06-08 16:01:21.676 E/LocSvc_libulp(  801): I/===> int ulp_zpp_stop_engine() line 174 
06-08 16:01:21.676 E/LocSvc_libulp(  801): I/===> bool ulp_zpp_engine_running() line 62 
06-08 16:01:21.676 E/LocSvc_libulp(  801): I/===> int ulp_msg_process_start_req() line 452 
06-08 16:01:21.676 E/LocSvc_libulp(  801): I/int ulp_msg_process_start_req(), at ulp state = 1
06-08 16:01:23.456 E/qdutils (  250): int qdutils::getHDMINode(): Failed to open fb node 1
06-08 16:01:23.456 E/qdutils (  250): int qdutils::getHDMINode(): Failed to open fb node 2
06-08 16:01:23.456 E/qdutils (  250): int qdutils::getHDMINode(): Failed to find HDMI node
06-08 16:01:23.706 E/qdutils (  250): int qdutils::getHDMINode(): Failed to open fb node 1
06-08 16:01:23.706 E/qdutils (  250): int qdutils::getHDMINode(): Failed to open fb node 2
06-08 16:01:23.706 E/qdutils (  250): int qdutils::getHDMINode(): Failed to find HDMI node
06-08 16:01:31.676 E/LocSvc_libulp(  801): I/===> int ulp_msg_process_system_update(UlpSystemEvent) line 1460 
06-08 16:01:31.676 E/LocSvc_libulp(  801): I/int ulp_msg_process_system_update(UlpSystemEvent): systemEvent:5 
06-08 16:01:31.676 E/LocSvc_libulp(  801): I/===> int ulp_brain_process_system_update(UlpSystemEvent) line 2345 
06-08 16:01:41.676 E/LocSvc_libulp(  801): I/===> int ulp_msg_process_system_update(UlpSystemEvent) line 1460 
06-08 16:01:41.676 E/LocSvc_libulp(  801): I/int ulp_msg_process_system_update(UlpSystemEvent): systemEvent:5 
06-08 16:01:41.676 E/LocSvc_libulp(  801): I/===> int ulp_brain_process_system_update(UlpSystemEvent) line 2345 
06-08 16:01:41.676 E/LocSvc_libulp(  801): I/===> int ulp_brain_select_providers() line 333 
06-08 16:01:41.676 E/LocSvc_libulp(  801): I/===> int ulp_brain_turn_onoff_quipc_provider() line 700 
06-08 16:01:41.676 E/LocSvc_libulp(  801): I/===> int ulp_quipc_stop_engine() line 238 
06-08 16:01:41.676 E/LocSvc_libulp(  801): I/===> bool ulp_quipc_engine_running() line 63 
06-08 16:01:41.676 E/LocSvc_libulp(  801): I/===> int ulp_brain_turn_onoff_gnss_provider() line 595 
06-08 16:01:41.676 E/LocSvc_libulp(  801): I/===> int ulp_gnss_stop_engine() line 262 
06-08 16:01:41.676 E/LocSvc_libulp(  801): I/===> bool ulp_quipc_engine_running() line 63 
06-08 16:01:41.676 E/LocSvc_libulp(  801): I/===> int ulp_brain_turn_onoff_gnp_provider() line 496 
06-08 16:01:41.676 E/LocSvc_libulp(  801): I/===> bool ulp_gnp_engine_running() line 59 
06-08 16:01:41.676 E/LocSvc_libulp(  801): I/===> int ulp_gnp_stop_engine() line 195 
06-08 16:01:41.676 E/LocSvc_libulp(  801): I/===> bool ulp_gnp_engine_running() line 59 
06-08 16:01:41.676 E/LocSvc_libulp(  801): I/===> bool ulp_gnp_engine_running() line 59 
06-08 16:01:41.676 E/LocSvc_libulp(  801): I/===> int ulp_brain_turn_onoff_zpp_provider() line 437 
06-08 16:01:41.676 E/LocSvc_libulp(  801): I/===> int ulp_zpp_stop_engine() line 174 
06-08 16:01:41.676 E/LocSvc_libulp(  801): I/===> bool ulp_zpp_engine_running() line 62 
06-08 16:01:41.676 E/LocSvc_libulp(  801): I/===> int ulp_msg_process_start_req() line 452 
06-08 16:01:41.676 E/LocSvc_libulp(  801): I/int ulp_msg_process_start_req(), at ulp state = 1
06-08 16:01:51.676 E/LocSvc_libulp(  801): I/===> int ulp_msg_process_system_update(UlpSystemEvent) line 1460 
06-08 16:01:51.676 E/LocSvc_libulp(  801): I/int ulp_msg_process_system_update(UlpSystemEvent): systemEvent:5 
06-08 16:01:51.676 E/LocSvc_libulp(  801): I/===> int ulp_brain_process_system_update(UlpSystemEvent) line 2345 
06-08 16:01:51.676 E/LocSvc_libulp(  801): I/===> int ulp_brain_select_providers() line 333 
06-08 16:01:51.676 E/LocSvc_libulp(  801): I/===> int ulp_brain_turn_onoff_quipc_provider() line 700 
06-08 16:01:51.676 E/LocSvc_libulp(  801): I/===> int ulp_quipc_stop_engine() line 238 
06-08 16:01:51.676 E/LocSvc_libulp(  801): I/===> bool ulp_quipc_engine_running() line 63 
06-08 16:01:51.676 E/LocSvc_libulp(  801): I/===> int ulp_brain_turn_onoff_gnss_provider() line 595 
06-08 16:01:51.676 E/LocSvc_libulp(  801): I/===> int ulp_gnss_stop_engine() line 262 
06-08 16:01:51.676 E/LocSvc_libulp(  801): I/===> bool ulp_quipc_engine_running() line 63 
06-08 16:01:51.676 E/LocSvc_libulp(  801): I/===> int ulp_brain_turn_onoff_gnp_provider() line 496 
06-08 16:01:51.676 E/LocSvc_libulp(  801): I/===> bool ulp_gnp_engine_running() line 59 
06-08 16:01:51.676 E/LocSvc_libulp(  801): I/===> int ulp_gnp_stop_engine() line 195 
06-08 16:01:51.676 E/LocSvc_libulp(  801): I/===> bool ulp_gnp_engine_running() line 59 
06-08 16:01:51.676 E/LocSvc_libulp(  801): I/===> bool ulp_gnp_engine_running() line 59 
06-08 16:01:51.676 E/LocSvc_libulp(  801): I/===> int ulp_brain_turn_onoff_zpp_provider() line 437 
06-08 16:01:51.676 E/LocSvc_libulp(  801): I/===> int ulp_zpp_stop_engine() line 174 
06-08 16:01:51.676 E/LocSvc_libulp(  801): I/===> bool ulp_zpp_engine_running() line 62 
06-08 16:01:51.676 E/LocSvc_libulp(  801): I/===> int ulp_msg_process_start_req() line 452 
06-08 16:01:51.676 E/LocSvc_libulp(  801): I/int ulp_msg_process_start_req(), at ulp state = 1
06-08 16:02:01.676 E/LocSvc_libulp(  801): I/===> int ulp_msg_process_system_update(UlpSystemEvent) line 1460 
06-08 16:02:01.676 E/LocSvc_libulp(  801): I/int ulp_msg_process_system_update(UlpSystemEvent): systemEvent:5 
06-08 16:02:01.676 E/LocSvc_libulp(  801): I/===> int ulp_brain_process_system_update(UlpSystemEvent) line 2345 
06-08 16:02:01.676 E/LocSvc_libulp(  801): I/===> int ulp_brain_select_providers() line 333 
06-08 16:02:01.676 E/LocSvc_libulp(  801): I/===> int ulp_brain_turn_onoff_quipc_provider() line 700 
06-08 16:02:01.676 E/LocSvc_libulp(  801): I/===> int ulp_quipc_stop_engine() line 238 
06-08 16:02:01.676 E/LocSvc_libulp(  801): I/===> bool ulp_quipc_engine_running() line 63 
06-08 16:02:01.676 E/LocSvc_libulp(  801): I/===> int ulp_brain_turn_onoff_gnss_provider() line 595 
06-08 16:02:01.676 E/LocSvc_libulp(  801): I/===> int ulp_gnss_stop_engine() line 262 
06-08 16:02:01.676 E/LocSvc_libulp(  801): I/===> bool ulp_quipc_engine_running() line 63 
06-08 16:02:01.676 E/LocSvc_libulp(  801): I/===> int ulp_brain_turn_onoff_gnp_provider() line 496 
06-08 16:02:01.676 E/LocSvc_libulp(  801): I/===> bool ulp_gnp_engine_running() line 59 
06-08 16:02:01.676 E/LocSvc_libulp(  801): I/===> int ulp_gnp_stop_engine() line 195 
06-08 16:02:01.676 E/LocSvc_libulp(  801): I/===> bool ulp_gnp_engine_running() line 59 
06-08 16:02:01.676 E/LocSvc_libulp(  801): I/===> bool ulp_gnp_engine_running() line 59 
06-08 16:02:01.676 E/LocSvc_libulp(  801): I/===> int ulp_brain_turn_onoff_zpp_provider() line 437 
06-08 16:02:01.676 E/LocSvc_libulp(  801): I/===> int ulp_zpp_stop_engine() line 174 
06-08 16:02:01.676 E/LocSvc_libulp(  801): I/===> bool ulp_zpp_engine_running() line 62 
06-08 16:02:01.676 E/LocSvc_libulp(  801): I/===> int ulp_msg_process_start_req() line 452 
06-08 16:02:01.676 E/LocSvc_libulp(  801): I/int ulp_msg_process_start_req(), at ulp state = 1
06-08 16:02:11.676 E/LocSvc_libulp(  801): I/===> int ulp_msg_process_system_update(UlpSystemEvent) line 1460 
06-08 16:02:11.676 E/LocSvc_libulp(  801): I/int ulp_msg_process_system_update(UlpSystemEvent): systemEvent:5 
06-08 16:02:11.676 E/LocSvc_libulp(  801): I/===> int ulp_brain_process_system_update(UlpSystemEvent) line 2345 
06-08 16:02:11.676 E/LocSvc_libulp(  801): I/===> int ulp_brain_select_providers() line 333 
06-08 16:02:11.676 E/LocSvc_libulp(  801): I/===> int ulp_brain_turn_onoff_quipc_provider() line 700 
06-08 16:02:11.676 E/LocSvc_libulp(  801): I/===> int ulp_quipc_stop_engine() line 238 
06-08 16:02:11.676 E/LocSvc_libulp(  801): I/===> bool ulp_quipc_engine_running() line 63 
06-08 16:02:11.676 E/LocSvc_libulp(  801): I/===> int ulp_brain_turn_onoff_gnss_provider() line 595 
06-08 16:02:11.676 E/LocSvc_libulp(  801): I/===> int ulp_gnss_stop_engine() line 262 
06-08 16:02:11.676 E/LocSvc_libulp(  801): I/===> bool ulp_quipc_engine_running() line 63 
06-08 16:02:11.676 E/LocSvc_libulp(  801): I/===> int ulp_brain_turn_onoff_gnp_provider() line 496 
06-08 16:02:11.676 E/LocSvc_libulp(  801): I/===> bool ulp_gnp_engine_running() line 59 
06-08 16:02:11.676 E/LocSvc_libulp(  801): I/===> int ulp_gnp_stop_engine() line 195 
06-08 16:02:11.676 E/LocSvc_libulp(  801): I/===> bool ulp_gnp_engine_running() line 59 
06-08 16:02:11.676 E/LocSvc_libulp(  801): I/===> bool ulp_gnp_engine_running() line 59 
06-08 16:02:11.676 E/LocSvc_libulp(  801): I/===> int ulp_brain_turn_onoff_zpp_provider() line 437 
06-08 16:02:11.676 E/LocSvc_libulp(  801): I/===> int ulp_zpp_stop_engine() line 174 
06-08 16:02:11.676 E/LocSvc_libulp(  801): I/===> bool ulp_zpp_engine_running() line 62 
06-08 16:02:11.676 E/LocSvc_libulp(  801): I/===> int ulp_msg_process_start_req() line 452 
06-08 16:02:11.676 E/LocSvc_libulp(  801): I/int ulp_msg_process_start_req(), at ulp state = 1
06-08 16:02:21.686 E/LocSvc_libulp(  801): I/===> int ulp_msg_process_system_update(UlpSystemEvent) line 1460 
06-08 16:02:21.686 E/LocSvc_libulp(  801): I/int ulp_msg_process_system_update(UlpSystemEvent): systemEvent:5 
06-08 16:02:21.686 E/LocSvc_libulp(  801): I/===> int ulp_brain_process_system_update(UlpSystemEvent) line 2345 
06-08 16:02:21.686 E/LocSvc_libulp(  801): I/===> int ulp_brain_select_providers() line 333 
06-08 16:02:21.686 E/LocSvc_libulp(  801): I/===> int ulp_brain_turn_onoff_quipc_provider() line 700 
06-08 16:02:21.686 E/LocSvc_libulp(  801): I/===> int ulp_quipc_stop_engine() line 238 
06-08 16:02:21.686 E/LocSvc_libulp(  801): I/===> bool ulp_quipc_engine_running() line 63 
06-08 16:02:21.686 E/LocSvc_libulp(  801): I/===> int ulp_brain_turn_onoff_gnss_provider() line 595 
06-08 16:02:21.686 E/LocSvc_libulp(  801): I/===> int ulp_gnss_stop_engine() line 262 
06-08 16:02:21.686 E/LocSvc_libulp(  801): I/===> bool ulp_quipc_engine_running() line 63 
06-08 16:02:21.686 E/LocSvc_libulp(  801): I/===> int ulp_brain_turn_onoff_gnp_provider() line 496 
06-08 16:02:21.686 E/LocSvc_libulp(  801): I/===> bool ulp_gnp_engine_running() line 59 
06-08 16:02:21.686 E/LocSvc_libulp(  801): I/===> int ulp_gnp_stop_engine() line 195 
06-08 16:02:21.686 E/LocSvc_libulp(  801): I/===> bool ulp_gnp_engine_running() line 59 
06-08 16:02:21.686 E/LocSvc_libulp(  801): I/===> bool ulp_gnp_engine_running() line 59 
06-08 16:02:21.686 E/LocSvc_libulp(  801): I/===> int ulp_brain_turn_onoff_zpp_provider() line 437 
06-08 16:02:21.686 E/LocSvc_libulp(  801): I/===> int ulp_zpp_stop_engine() line 174 
06-08 16:02:21.686 E/LocSvc_libulp(  801): I/===> bool ulp_zpp_engine_running() line 62 
06-08 16:02:21.686 E/LocSvc_libulp(  801): I/===> int ulp_msg_process_start_req() line 452 
06-08 16:02:21.686 E/LocSvc_libulp(  801): I/int ulp_msg_process_start_req(), at ulp state = 1
06-08 16:02:31.676 E/LocSvc_libulp(  801): I/===> int ulp_msg_process_system_update(UlpSystemEvent) line 1460 
06-08 16:02:31.676 E/LocSvc_libulp(  801): I/int ulp_msg_process_system_update(UlpSystemEvent): systemEvent:5 
06-08 16:02:31.676 E/LocSvc_libulp(  801): I/===> int ulp_brain_process_system_update(UlpSystemEvent) line 2345 
06-08 16:02:31.676 E/LocSvc_libulp(  801): I/===> int ulp_brain_select_providers() line 333 
06-08 16:02:31.676 E/LocSvc_libulp(  801): I/===> int ulp_brain_turn_onoff_quipc_provider() line 700 
06-08 16:02:31.676 E/LocSvc_libulp(  801): I/===> int ulp_quipc_stop_engine() line 238 
06-08 16:02:31.676 E/LocSvc_libulp(  801): I/===> bool ulp_quipc_engine_running() line 63 
06-08 16:02:31.676 E/LocSvc_libulp(  801): I/===> int ulp_brain_turn_onoff_gnss_provider() line 595 
06-08 16:02:31.676 E/LocSvc_libulp(  801): I/===> int ulp_gnss_stop_engine() line 262 
06-08 16:02:31.676 E/LocSvc_libulp(  801): I/===> bool ulp_quipc_engine_running() line 63 
06-08 16:02:31.676 E/LocSvc_libulp(  801): I/===> int ulp_brain_turn_onoff_gnp_provider() line 496 
06-08 16:02:31.676 E/LocSvc_libulp(  801): I/===> bool ulp_gnp_engine_running() line 59 
06-08 16:02:31.676 E/LocSvc_libulp(  801): I/===> int ulp_gnp_stop_engine() line 195 
06-08 16:02:31.676 E/LocSvc_libulp(  801): I/===> bool ulp_gnp_engine_running() line 59 
06-08 16:02:31.676 E/LocSvc_libulp(  801): I/===> bool ulp_gnp_engine_running() line 59 
06-08 16:02:31.676 E/LocSvc_libulp(  801): I/===> int ulp_brain_turn_onoff_zpp_provider() line 437 
06-08 16:02:31.676 E/LocSvc_libulp(  801): I/===> int ulp_zpp_stop_engine() line 174 
06-08 16:02:31.676 E/LocSvc_libulp(  801): I/===> bool ulp_zpp_engine_running() line 62 
06-08 16:02:31.676 E/LocSvc_libulp(  801): I/===> int ulp_msg_process_start_req() line 452 
06-08 16:02:31.676 E/LocSvc_libulp(  801): I/int ulp_msg_process_start_req(), at ulp state = 1
06-08 16:02:41.676 E/LocSvc_libulp(  801): I/===> int ulp_msg_process_system_update(UlpSystemEvent) line 1460 
06-08 16:02:41.676 E/LocSvc_libulp(  801): I/int ulp_msg_process_system_update(UlpSystemEvent): systemEvent:5 
06-08 16:02:41.676 E/LocSvc_libulp(  801): I/===> int ulp_brain_process_system_update(UlpSystemEvent) line 2345 
06-08 16:02:41.676 E/LocSvc_libulp(  801): I/===> int ulp_brain_select_providers() line 333 
06-08 16:02:41.676 E/LocSvc_libulp(  801): I/===> int ulp_brain_turn_onoff_quipc_provider() line 700 
06-08 16:02:41.676 E/LocSvc_libulp(  801): I/===> int ulp_quipc_stop_engine() line 238 
06-08 16:02:41.676 E/LocSvc_libulp(  801): I/===> bool ulp_quipc_engine_running() line 63 
06-08 16:02:41.676 E/LocSvc_libulp(  801): I/===> int ulp_brain_turn_onoff_gnss_provider() line 595 
06-08 16:02:41.676 E/LocSvc_libulp(  801): I/===> int ulp_gnss_stop_engine() line 262 
06-08 16:02:41.676 E/LocSvc_libulp(  801): I/===> bool ulp_quipc_engine_running() line 63 
06-08 16:02:41.676 E/LocSvc_libulp(  801): I/===> int ulp_brain_turn_onoff_gnp_provider() line 496 
06-08 16:02:41.676 E/LocSvc_libulp(  801): I/===> bool ulp_gnp_engine_running() line 59 
06-08 16:02:41.676 E/LocSvc_libulp(  801): I/===> int ulp_gnp_stop_engine() line 195 
06-08 16:02:41.676 E/LocSvc_libulp(  801): I/===> bool ulp_gnp_engine_running() line 59 
06-08 16:02:41.676 E/LocSvc_libulp(  801): I/===> bool ulp_gnp_engine_running() line 59 
06-08 16:02:41.676 E/LocSvc_libulp(  801): I/===> int ulp_brain_turn_onoff_zpp_provider() line 437 
06-08 16:02:41.676 E/LocSvc_libulp(  801): I/===> int ulp_zpp_stop_engine() line 174 
06-08 16:02:41.676 E/LocSvc_libulp(  801): I/===> bool ulp_zpp_engine_running() line 62 
06-08 16:02:41.676 E/LocSvc_libulp(  801): I/===> int ulp_msg_process_start_req() line 452 
06-08 16:02:41.676 E/LocSvc_libulp(  801): I/int ulp_msg_process_start_req(), at ulp state = 1
06-08 16:02:51.676 E/LocSvc_libulp(  801): I/===> int ulp_msg_process_system_update(UlpSystemEvent) line 1460 
06-08 16:02:51.676 E/LocSvc_libulp(  801): I/int ulp_msg_process_system_update(UlpSystemEvent): systemEvent:5 
06-08 16:02:51.676 E/LocSvc_libulp(  801): I/===> int ulp_brain_process_system_update(UlpSystemEvent) line 2345 
06-08 16:02:51.676 E/LocSvc_libulp(  801): I/===> int ulp_brain_select_providers() line 333 
06-08 16:02:51.676 E/LocSvc_libulp(  801): I/===> int ulp_brain_turn_onoff_quipc_provider() line 700 
06-08 16:02:51.676 E/LocSvc_libulp(  801): I/===> int ulp_quipc_stop_engine() line 238 
06-08 16:02:51.676 E/LocSvc_libulp(  801): I/===> bool ulp_quipc_engine_running() line 63 
06-08 16:02:51.676 E/LocSvc_libulp(  801): I/===> int ulp_brain_turn_onoff_gnss_provider() line 595 
06-08 16:02:51.676 E/LocSvc_libulp(  801): I/===> int ulp_gnss_stop_engine() line 262 
06-08 16:02:51.676 E/LocSvc_libulp(  801): I/===> bool ulp_quipc_engine_running() line 63 
06-08 16:02:51.676 E/LocSvc_libulp(  801): I/===> int ulp_brain_turn_onoff_gnp_provider() line 496 
06-08 16:02:51.676 E/LocSvc_libulp(  801): I/===> bool ulp_gnp_engine_running() line 59 
06-08 16:02:51.676 E/LocSvc_libulp(  801): I/===> int ulp_gnp_stop_engine() line 195 
06-08 16:02:51.676 E/LocSvc_libulp(  801): I/===> bool ulp_gnp_engine_running() line 59 
06-08 16:02:51.676 E/LocSvc_libulp(  801): I/===> bool ulp_gnp_engine_running() line 59 
06-08 16:02:51.676 E/LocSvc_libulp(  801): I/===> int ulp_brain_turn_onoff_zpp_provider() line 437 
06-08 16:02:51.676 E/LocSvc_libulp(  801): I/===> int ulp_zpp_stop_engine() line 174 
06-08 16:02:51.686 E/LocSvc_libulp(  801): I/===> bool ulp_zpp_engine_running() line 62 
06-08 16:02:51.686 E/LocSvc_libulp(  801): I/===> int ulp_msg_process_start_req() line 452 
06-08 16:02:51.686 E/LocSvc_libulp(  801): I/int ulp_msg_process_start_req(), at ulp state = 1
06-08 16:03:01.686 E/LocSvc_libulp(  801): I/===> int ulp_msg_process_system_update(UlpSystemEvent) line 1460 
06-08 16:03:01.686 E/LocSvc_libulp(  801): I/int ulp_msg_process_system_update(UlpSystemEvent): systemEvent:5 
06-08 16:03:01.686 E/LocSvc_libulp(  801): I/===> int ulp_brain_process_system_update(UlpSystemEvent) line 2345 
06-08 16:03:01.686 E/LocSvc_libulp(  801): I/===> int ulp_brain_select_providers() line 333 
06-08 16:03:01.686 E/LocSvc_libulp(  801): I/===> int ulp_brain_turn_onoff_quipc_provider() line 700 
06-08 16:03:01.686 E/LocSvc_libulp(  801): I/===> int ulp_quipc_stop_engine() line 238 
06-08 16:03:01.686 E/LocSvc_libulp(  801): I/===> bool ulp_quipc_engine_running() line 63 
06-08 16:03:01.686 E/LocSvc_libulp(  801): I/===> int ulp_brain_turn_onoff_gnss_provider() line 595 
06-08 16:03:01.686 E/LocSvc_libulp(  801): I/===> int ulp_gnss_stop_engine() line 262 
06-08 16:03:01.686 E/LocSvc_libulp(  801): I/===> bool ulp_quipc_engine_running() line 63 
06-08 16:03:01.686 E/LocSvc_libulp(  801): I/===> int ulp_brain_turn_onoff_gnp_provider() line 496 
06-08 16:03:01.686 E/LocSvc_libulp(  801): I/===> bool ulp_gnp_engine_running() line 59 
06-08 16:03:01.686 E/LocSvc_libulp(  801): I/===> int ulp_gnp_stop_engine() line 195 
06-08 16:03:01.686 E/LocSvc_libulp(  801): I/===> bool ulp_gnp_engine_running() line 59 
06-08 16:03:01.686 E/LocSvc_libulp(  801): I/===> bool ulp_gnp_engine_running() line 59 
06-08 16:03:01.686 E/LocSvc_libulp(  801): I/===> int ulp_brain_turn_onoff_zpp_provider() line 437 
06-08 16:03:01.686 E/LocSvc_libulp(  801): I/===> int ulp_zpp_stop_engine() line 174 
06-08 16:03:01.686 E/LocSvc_libulp(  801): I/===> bool ulp_zpp_engine_running() line 62 
06-08 16:03:01.686 E/LocSvc_libulp(  801): I/===> int ulp_msg_process_start_req() line 452 
06-08 16:03:01.686 E/LocSvc_libulp(  801): I/int ulp_msg_process_start_req(), at ulp state = 1
06-08 16:03:11.676 E/LocSvc_libulp(  801): I/===> int ulp_msg_process_system_update(UlpSystemEvent) line 1460 
06-08 16:03:11.686 E/LocSvc_libulp(  801): I/int ulp_msg_process_system_update(UlpSystemEvent): systemEvent:5 
06-08 16:03:11.686 E/LocSvc_libulp(  801): I/===> int ulp_brain_process_system_update(UlpSystemEvent) line 2345 
06-08 16:03:11.686 E/LocSvc_libulp(  801): I/===> int ulp_brain_select_providers() line 333 
06-08 16:03:11.686 E/LocSvc_libulp(  801): I/===> int ulp_brain_turn_onoff_quipc_provider() line 700 
06-08 16:03:11.686 E/LocSvc_libulp(  801): I/===> int ulp_quipc_stop_engine() line 238 
06-08 16:03:11.686 E/LocSvc_libulp(  801): I/===> bool ulp_quipc_engine_running() line 63 
06-08 16:03:11.686 E/LocSvc_libulp(  801): I/===> int ulp_brain_turn_onoff_gnss_provider() line 595 
06-08 16:03:11.686 E/LocSvc_libulp(  801): I/===> int ulp_gnss_stop_engine() line 262 
06-08 16:03:11.686 E/LocSvc_libulp(  801): I/===> bool ulp_quipc_engine_running() line 63 
06-08 16:03:11.686 E/LocSvc_libulp(  801): I/===> int ulp_brain_turn_onoff_gnp_provider() line 496 
06-08 16:03:11.686 E/LocSvc_libulp(  801): I/===> bool ulp_gnp_engine_running() line 59 
06-08 16:03:11.686 E/LocSvc_libulp(  801): I/===> int ulp_gnp_stop_engine() line 195 
06-08 16:03:11.686 E/LocSvc_libulp(  801): I/===> bool ulp_gnp_engine_running() line 59 
06-08 16:03:11.686 E/LocSvc_libulp(  801): I/===> bool ulp_gnp_engine_running() line 59 
06-08 16:03:11.686 E/LocSvc_libulp(  801): I/===> int ulp_brain_turn_onoff_zpp_provider() line 437 
06-08 16:03:11.686 E/LocSvc_libulp(  801): I/===> int ulp_zpp_stop_engine() line 174 
06-08 16:03:11.686 E/LocSvc_libulp(  801): I/===> bool ulp_zpp_engine_running() line 62 
06-08 16:03:11.686 E/LocSvc_libulp(  801): I/===> int ulp_msg_process_start_req() line 452 
06-08 16:03:11.686 E/LocSvc_libulp(  801): I/int ulp_msg_process_start_req(), at ulp state = 1
06-08 16:03:21.686 E/LocSvc_libulp(  801): I/===> int ulp_msg_process_system_update(UlpSystemEvent) line 1460 
06-08 16:03:21.686 E/LocSvc_libulp(  801): I/int ulp_msg_process_system_update(UlpSystemEvent): systemEvent:5 
06-08 16:03:21.686 E/LocSvc_libulp(  801): I/===> int ulp_brain_process_system_update(UlpSystemEvent) line 2345 
06-08 16:03:21.686 E/LocSvc_libulp(  801): I/===> int ulp_brain_select_providers() line 333 
06-08 16:03:21.686 E/LocSvc_libulp(  801): I/===> int ulp_brain_turn_onoff_quipc_provider() line 700 
06-08 16:03:21.686 E/LocSvc_libulp(  801): I/===> int ulp_quipc_stop_engine() line 238 
06-08 16:03:21.686 E/LocSvc_libulp(  801): I/===> bool ulp_quipc_engine_running() line 63 
