06-08 15:59:01.076 E/cutils  (  240): Failed to mkdirat(/storage/sdcard1/Android): Read-only file system
06-08 15:59:01.176 E/NotificationService(  801): An error occurred profiling the notification.
06-08 15:59:01.176 E/NotificationService(  801): java.lang.NullPointerException
06-08 15:59:01.176 E/NotificationService(  801): 	at com.android.server.NotificationManagerService$6.run(NotificationManagerService.java:1856)
06-08 15:59:01.176 E/NotificationService(  801): 	at android.os.Handler.handleCallback(Handler.java:733)
06-08 15:59:01.176 E/NotificationService(  801): 	at android.os.Handler.dispatchMessage(Handler.java:95)
06-08 15:59:01.176 E/NotificationService(  801): 	at android.os.Looper.loop(Looper.java:136)
06-08 15:59:01.176 E/NotificationService(  801): 	at com.android.server.ServerThread.initAndLoop(SystemServer.java:1184)
06-08 15:59:01.176 E/NotificationService(  801): 	at com.android.server.SystemServer.main(SystemServer.java:1309)
06-08 15:59:01.176 E/NotificationService(  801): 	at java.lang.reflect.Method.invokeNative(Native Method)
06-08 15:59:01.176 E/NotificationService(  801): 	at java.lang.reflect.Method.invoke(Method.java:515)
06-08 15:59:01.176 E/NotificationService(  801): 	at com.android.internal.os.ZygoteInit$MethodAndArgsCaller.run(ZygoteInit.java:786)
06-08 15:59:01.176 E/NotificationService(  801): 	at com.android.internal.os.ZygoteInit.main(ZygoteInit.java:602)
06-08 15:59:01.176 E/NotificationService(  801): 	at dalvik.system.NativeStart.main(Native Method)
06-08 15:59:01.196 E/NotificationService(  801): An error occurred profiling the notification.
06-08 15:59:01.196 E/NotificationService(  801): java.lang.NullPointerException
06-08 15:59:01.196 E/NotificationService(  801): 	at com.android.server.NotificationManagerService$6.run(NotificationManagerService.java:1856)
06-08 15:59:01.196 E/NotificationService(  801): 	at android.os.Handler.handleCallback(Handler.java:733)
06-08 15:59:01.196 E/NotificationService(  801): 	at android.os.Handler.dispatchMessage(Handler.java:95)
06-08 15:59:01.196 E/NotificationService(  801): 	at android.os.Looper.loop(Looper.java:136)
06-08 15:59:01.196 E/NotificationService(  801): 	at com.android.server.ServerThread.initAndLoop(SystemServer.java:1184)
06-08 15:59:01.196 E/NotificationService(  801): 	at com.android.server.SystemServer.main(SystemServer.java:1309)
06-08 15:59:01.196 E/NotificationService(  801): 	at java.lang.reflect.Method.invokeNative(Native Method)
06-08 15:59:01.196 E/NotificationService(  801): 	at java.lang.reflect.Method.invoke(Method.java:515)
06-08 15:59:01.196 E/NotificationService(  801): 	at com.android.internal.os.ZygoteInit$MethodAndArgsCaller.run(ZygoteInit.java:786)
06-08 15:59:01.196 E/NotificationService(  801): 	at com.android.internal.os.ZygoteInit.main(ZygoteInit.java:602)
06-08 15:59:01.196 E/NotificationService(  801): 	at dalvik.system.NativeStart.main(Native Method)
06-08 15:59:01.396 E/NotificationService(  801): An error occurred profiling the notification.
06-08 15:59:01.396 E/NotificationService(  801): java.lang.NullPointerException
06-08 15:59:01.396 E/NotificationService(  801): 	at com.android.server.NotificationManagerService$6.run(NotificationManagerService.java:1856)
06-08 15:59:01.396 E/NotificationService(  801): 	at android.os.Handler.handleCallback(Handler.java:733)
06-08 15:59:01.396 E/NotificationService(  801): 	at android.os.Handler.dispatchMessage(Handler.java:95)
06-08 15:59:01.396 E/NotificationService(  801): 	at android.os.Looper.loop(Looper.java:136)
06-08 15:59:01.396 E/NotificationService(  801): 	at com.android.server.ServerThread.initAndLoop(SystemServer.java:1184)
06-08 15:59:01.396 E/NotificationService(  801): 	at com.android.server.SystemServer.main(SystemServer.java:1309)
06-08 15:59:01.396 E/NotificationService(  801): 	at java.lang.reflect.Method.invokeNative(Native Method)
06-08 15:59:01.396 E/NotificationService(  801): 	at java.lang.reflect.Method.invoke(Method.java:515)
06-08 15:59:01.396 E/NotificationService(  801): 	at com.android.internal.os.ZygoteInit$MethodAndArgsCaller.run(ZygoteInit.java:786)
06-08 15:59:01.396 E/NotificationService(  801): 	at com.android.internal.os.ZygoteInit.main(ZygoteInit.java:602)
06-08 15:59:01.396 E/NotificationService(  801): 	at dalvik.system.NativeStart.main(Native Method)
06-08 15:59:01.416 E/ActivityThread(31599): Performing stop of activity that is not resumed: {com.android.dialer/com.android.incallui.InCallActivity}
06-08 15:59:01.416 E/ActivityThread(31599): java.lang.RuntimeException: Performing stop of activity that is not resumed: {com.android.dialer/com.android.incallui.InCallActivity}
06-08 15:59:01.416 E/ActivityThread(31599): 	at android.app.ActivityThread.performStopActivityInner(ActivityThread.java:3136)
06-08 15:59:01.416 E/ActivityThread(31599): 	at android.app.ActivityThread.handleStopActivity(ActivityThread.java:3223)
06-08 15:59:01.416 E/ActivityThread(31599): 	at android.app.ActivityThread.access$1100(ActivityThread.java:138)
06-08 15:59:01.416 E/ActivityThread(31599): 	at android.app.ActivityThread$H.handleMessage(ActivityThread.java:1226)
06-08 15:59:01.416 E/ActivityThread(31599): 	at android.os.Handler.dispatchMessage(Handler.java:102)
06-08 15:59:01.416 E/ActivityThread(31599): 	at android.os.Looper.loop(Looper.java:136)
06-08 15:59:01.416 E/ActivityThread(31599): 	at android.app.ActivityThread.main(ActivityThread.java:5095)
06-08 15:59:01.416 E/ActivityThread(31599): 	at java.lang.reflect.Method.invokeNative(Native Method)
06-08 15:59:01.416 E/ActivityThread(31599): 	at java.lang.reflect.Method.invoke(Method.java:515)
06-08 15:59:01.416 E/ActivityThread(31599): 	at com.android.internal.os.ZygoteInit$MethodAndArgsCaller.run(ZygoteInit.java:786)
06-08 15:59:01.416 E/ActivityThread(31599): 	at com.android.internal.os.ZygoteInit.main(ZygoteInit.java:602)
06-08 15:59:01.416 E/ActivityThread(31599): 	at dalvik.system.NativeStart.main(Native Method)
06-08 15:59:01.656 E/LocSvc_libulp(  801): I/===> int ulp_msg_process_system_update(UlpSystemEvent) line 1460 
06-08 15:59:01.656 E/LocSvc_libulp(  801): I/int ulp_msg_process_system_update(UlpSystemEvent): systemEvent:5 
06-08 15:59:01.656 E/LocSvc_libulp(  801): I/===> int ulp_brain_process_system_update(UlpSystemEvent) line 2345 
06-08 15:59:01.656 E/LocSvc_libulp(  801): I/===> int ulp_brain_select_providers() line 333 
06-08 15:59:01.656 E/LocSvc_libulp(  801): I/===> int ulp_brain_turn_onoff_quipc_provider() line 700 
06-08 15:59:01.656 E/LocSvc_libulp(  801): I/===> int ulp_quipc_stop_engine() line 238 
06-08 15:59:01.656 E/LocSvc_libulp(  801): I/===> bool ulp_quipc_engine_running() line 63 
06-08 15:59:01.656 E/LocSvc_libulp(  801): I/===> int ulp_brain_turn_onoff_gnss_provider() line 595 
06-08 15:59:01.656 E/LocSvc_libulp(  801): I/===> int ulp_gnss_stop_engine() line 262 
06-08 15:59:01.656 E/LocSvc_libulp(  801): I/===> bool ulp_quipc_engine_running() line 63 
06-08 15:59:01.656 E/LocSvc_libulp(  801): I/===> int ulp_brain_turn_onoff_gnp_provider() line 496 
06-08 15:59:01.656 E/LocSvc_libulp(  801): I/===> bool ulp_gnp_engine_running() line 59 
06-08 15:59:01.656 E/LocSvc_libulp(  801): I/===> int ulp_gnp_stop_engine() line 195 
06-08 15:59:01.656 E/LocSvc_libulp(  801): I/===> bool ulp_gnp_engine_running() line 59 
06-08 15:59:01.656 E/LocSvc_libulp(  801): I/===> bool ulp_gnp_engine_running() line 59 
06-08 15:59:01.656 E/LocSvc_libulp(  801): I/===> int ulp_brain_turn_onoff_zpp_provider() line 437 
06-08 15:59:01.656 E/LocSvc_libulp(  801): I/===> int ulp_zpp_stop_engine() line 174 
06-08 15:59:01.656 E/LocSvc_libulp(  801): I/===> bool ulp_zpp_engine_running() line 62 
06-08 15:59:01.656 E/LocSvc_libulp(  801): I/===> int ulp_msg_process_start_req() line 452 
06-08 15:59:01.656 E/LocSvc_libulp(  801): I/int ulp_msg_process_start_req(), at ulp state = 1
06-08 15:59:02.566 E/ACDB-LOADER(  255): Error: ACDB AFE returned = -19
06-08 15:59:02.566 E/ACDB-LOADER(  255): Error: ACDB AFE returned = -19
06-08 15:59:02.706 E/DevelopmentSettings(30751): IO Exception when getting meta version
06-08 15:59:02.706 E/DevelopmentSettings(30751): java.io.FileNotFoundException: /firmware/verinfo/ver_info.txt: open failed: ENOENT (No such file or directory)
06-08 15:59:02.706 E/DevelopmentSettings(30751): 	at libcore.io.IoBridge.open(IoBridge.java:409)
06-08 15:59:02.706 E/DevelopmentSettings(30751): 	at java.io.FileInputStream.<init>(FileInputStream.java:78)
06-08 15:59:02.706 E/DevelopmentSettings(30751): 	at java.io.FileInputStream.<init>(FileInputStream.java:105)
06-08 15:59:02.706 E/DevelopmentSettings(30751): 	at java.io.FileReader.<init>(FileReader.java:66)
06-08 15:59:02.706 E/DevelopmentSettings(30751): 	at com.android.settings.DevelopmentSettings.readLine(DevelopmentSettings.java:1472)
06-08 15:59:02.706 E/DevelopmentSettings(30751): 	at com.android.settings.DevelopmentSettings.onCreate(DevelopmentSettings.java:252)
06-08 15:59:02.706 E/DevelopmentSettings(30751): 	at android.app.Fragment.performCreate(Fragment.java:1678)
06-08 15:59:02.706 E/DevelopmentSettings(30751): 	at android.app.FragmentManagerImpl.moveToState(FragmentManager.java:859)
06-08 15:59:02.706 E/DevelopmentSettings(30751): 	at android.app.FragmentManagerImpl.moveToState(FragmentManager.java:1062)
06-08 15:59:02.706 E/DevelopmentSettings(30751): 	at android.app.BackStackRecord.run(BackStackRecord.java:684)
06-08 15:59:02.706 E/DevelopmentSettings(30751): 	at android.app.FragmentManagerImpl.execPendingActions(FragmentManager.java:1447)
06-08 15:59:02.706 E/DevelopmentSettings(30751): 	at android.app.Activity.performStart(Activity.java:5283)
06-08 15:59:02.706 E/DevelopmentSettings(30751): 	at android.app.ActivityThread.performLaunchActivity(ActivityThread.java:2160)
06-08 15:59:02.706 E/DevelopmentSettings(30751): 	at android.app.ActivityThread.handleLaunchActivity(ActivityThread.java:2236)
06-08 15:59:02.706 E/DevelopmentSettings(30751): 	at android.app.ActivityThread.access$800(ActivityThread.java:138)
06-08 15:59:02.706 E/DevelopmentSettings(30751): 	at android.app.ActivityThread$H.handleMessage(ActivityThread.java:1199)
06-08 15:59:02.706 E/DevelopmentSettings(30751): 	at android.os.Handler.dispatchMessage(Handler.java:102)
06-08 15:59:02.706 E/DevelopmentSettings(30751): 	at android.os.Looper.loop(Looper.java:136)
06-08 15:59:02.706 E/DevelopmentSettings(30751): 	at android.app.ActivityThread.main(ActivityThread.java:5095)
06-08 15:59:02.706 E/DevelopmentSettings(30751): 	at java.lang.reflect.Method.invokeNative(Native Method)
06-08 15:59:02.706 E/DevelopmentSettings(30751): 	at java.lang.reflect.Method.invoke(Method.java:515)
06-08 15:59:02.706 E/DevelopmentSettings(30751): 	at com.android.internal.os.ZygoteInit$MethodAndArgsCaller.run(ZygoteInit.java:786)
06-08 15:59:02.706 E/DevelopmentSettings(30751): 	at com.android.internal.os.ZygoteInit.main(ZygoteInit.java:602)
06-08 15:59:02.706 E/DevelopmentSettings(30751): 	at dalvik.system.NativeStart.main(Native Method)
06-08 15:59:02.706 E/DevelopmentSettings(30751): Caused by: libcore.io.ErrnoException: open failed: ENOENT (No such file or directory)
06-08 15:59:02.706 E/DevelopmentSettings(30751): 	at libcore.io.Posix.open(Native Method)
06-08 15:59:02.706 E/DevelopmentSettings(30751): 	at libcore.io.BlockGuardOs.open(BlockGuardOs.java:110)
06-08 15:59:02.706 E/DevelopmentSettings(30751): 	at libcore.io.IoBridge.open(IoBridge.java:393)
06-08 15:59:02.706 E/DevelopmentSettings(30751): 	... 23 more
06-08 15:59:02.766 E/Cryptfs (  240): not running with encryption, aborting
06-08 15:59:04.936 E/cutils  (  240): Failed to mkdirat(/storage/sdcard1/Android): Read-only file system
06-08 15:59:05.786 E/Cryptfs (  240): not running with encryption, aborting
06-08 15:59:06.556 E/NotificationService(  801): An error occurred profiling the notification.
06-08 15:59:06.556 E/NotificationService(  801): java.lang.NullPointerException
06-08 15:59:06.556 E/NotificationService(  801): 	at com.android.server.NotificationManagerService$6.run(NotificationManagerService.java:1856)
06-08 15:59:06.556 E/NotificationService(  801): 	at android.os.Handler.handleCallback(Handler.java:733)
06-08 15:59:06.556 E/NotificationService(  801): 	at android.os.Handler.dispatchMessage(Handler.java:95)
06-08 15:59:06.556 E/NotificationService(  801): 	at android.os.Looper.loop(Looper.java:136)
06-08 15:59:06.556 E/NotificationService(  801): 	at com.android.server.ServerThread.initAndLoop(SystemServer.java:1184)
06-08 15:59:06.556 E/NotificationService(  801): 	at com.android.server.SystemServer.main(SystemServer.java:1309)
06-08 15:59:06.556 E/NotificationService(  801): 	at java.lang.reflect.Method.invokeNative(Native Method)
06-08 15:59:06.556 E/NotificationService(  801): 	at java.lang.reflect.Method.invoke(Method.java:515)
06-08 15:59:06.556 E/NotificationService(  801): 	at com.android.internal.os.ZygoteInit$MethodAndArgsCaller.run(ZygoteInit.java:786)
06-08 15:59:06.556 E/NotificationService(  801): 	at com.android.internal.os.ZygoteInit.main(ZygoteInit.java:602)
06-08 15:59:06.556 E/NotificationService(  801): 	at dalvik.system.NativeStart.main(Native Method)
06-08 15:59:08.546 E/WindowManager(  801): Starting window AppWindowToken{42032098 token=Token{41a6dd28 ActivityRecord{41e9df58 u0 com.android.dialer/com.android.incallui.InCallActivity t388}}} timed out
06-08 15:59:09.976 E/VEApiService(30847): Terminating IntentProcessor-VideoServiceThread
06-08 15:59:09.976 E/VEApiService(30847): Terminating IntentProcessor-ThumbnailServiceThread
06-08 15:59:09.986 E/VEApiService(30847): Terminating IntentProcessor-AudioServiceThread
06-08 15:59:11.666 E/LocSvc_libulp(  801): I/===> int ulp_msg_process_system_update(UlpSystemEvent) line 1460 
06-08 15:59:11.666 E/LocSvc_libulp(  801): I/int ulp_msg_process_system_update(UlpSystemEvent): systemEvent:5 
06-08 15:59:11.666 E/LocSvc_libulp(  801): I/===> int ulp_brain_process_system_update(UlpSystemEvent) line 2345 
06-08 15:59:11.666 E/LocSvc_libulp(  801): I/===> int ulp_brain_select_providers() line 333 
06-08 15:59:11.666 E/LocSvc_libulp(  801): I/===> int ulp_brain_turn_onoff_quipc_provider() line 700 
06-08 15:59:11.666 E/LocSvc_libulp(  801): I/===> int ulp_quipc_stop_engine() line 238 
06-08 15:59:11.666 E/LocSvc_libulp(  801): I/===> bool ulp_quipc_engine_running() line 63 
06-08 15:59:11.666 E/LocSvc_libulp(  801): I/===> int ulp_brain_turn_onoff_gnss_provider() line 595 
06-08 15:59:11.666 E/LocSvc_libulp(  801): I/===> int ulp_gnss_stop_engine() line 262 
06-08 15:59:11.666 E/LocSvc_libulp(  801): I/===> bool ulp_quipc_engine_running() line 63 
06-08 15:59:11.666 E/LocSvc_libulp(  801): I/===> int ulp_brain_turn_onoff_gnp_provider() line 496 
06-08 15:59:11.666 E/LocSvc_libulp(  801): I/===> bool ulp_gnp_engine_running() line 59 
06-08 15:59:11.666 E/LocSvc_libulp(  801): I/===> int ulp_gnp_stop_engine() line 195 
06-08 15:59:11.666 E/LocSvc_libulp(  801): I/===> bool ulp_gnp_engine_running() line 59 
06-08 15:59:11.666 E/LocSvc_libulp(  801): I/===> bool ulp_gnp_engine_running() line 59 
06-08 15:59:11.666 E/LocSvc_libulp(  801): I/===> int ulp_brain_turn_onoff_zpp_provider() line 437 
06-08 15:59:11.666 E/LocSvc_libulp(  801): I/===> int ulp_zpp_stop_engine() line 174 
06-08 15:59:11.666 E/LocSvc_libulp(  801): I/===> bool ulp_zpp_engine_running() line 62 
06-08 15:59:11.666 E/LocSvc_libulp(  801): I/===> int ulp_msg_process_start_req() line 452 
06-08 15:59:11.666 E/LocSvc_libulp(  801): I/int ulp_msg_process_start_req(), at ulp state = 1
06-08 15:59:12.316 E/ACDB-LOADER(  255): Error: ACDB AFE returned = -19
06-08 15:59:12.326 E/ACDB-LOADER(  255): Error: ACDB AFE returned = -19
06-08 15:59:13.326 E/cutils  (  240): Failed to mkdirat(/storage/sdcard1/Android): Read-only file system
06-08 15:59:14.036 E/MM_OSAL (  255): FileSource::FileSource
06-08 15:59:14.036 E/MM_OSAL (  255): FileSource::FileSource m_bEveryThingOK 1
06-08 15:59:14.036 E/MM_OSAL (  255): MM_File_Create failed .Efs Error No -1 , File Name /data/mmosal_logmask.cfg , Mode 0
06-08 15:59:14.036 E/MM_OSAL (  255): Open or read fail on /data/mmosal_logmask.cfg. Possible permission denied issue. Looking for /data/misc/media/mmosal_logmask.cfg
06-08 15:59:14.036 E/MM_OSAL (  255): MM_File_Create failed .Efs Error No -1 , File Name /data/misc/media/mmosal_logmask.cfg , Mode 0
06-08 15:59:14.066 E/mm-camera-intf(  255): mm_camera_open: dev name = /dev/video1, cam_idx = 1
06-08 15:59:14.066 E/mm-camera(  309): isp_tintless_bg_pca_open : Enter!
06-08 15:59:14.076 E/        (  309): dmlroc_get_version
06-08 15:59:14.076 E/mm-camera(  309): isp_tintless_bg_pca_get_version: lib returned version 2.53 err=0
06-08 15:59:14.086 E/mm-camera-img(  309): module_imglib_start_session:1446 ###Img_Loglevel 0
06-08 15:59:14.126 E/mm-camera-sensor(  309): eeprom_load_library:690 e_ctrl->eeprom_lib.func_tbl =0xb6cb8004
06-08 15:59:14.126 E/mm-camera-sensor(  309): ov8858_his_qtech_bj_format_calibration_data:405 jp********Enter
06-08 15:59:14.126 E/mm-camera-sensor(  309): ov8858_his_qtech_bj_format_calibration_data:423 jp********Exit
06-08 15:59:14.326 E/mm-camera-sensor(  309): actuator_load_lib:354 name=rohm_bu64243gwz, mode=camera
06-08 15:59:14.336 E/mm-camera-sensor(  309): actuator_load_lib:354 name=rohm_bu64243gwz, mode=camcorder
06-08 15:59:14.336 E/mm-camera-sensor(  309): eeprom_do_af_calibration:615 turn on Cal af(1)
06-08 15:59:14.446 E/mm-camera-intf(  255): mm_camera_open:  opened, break out while loop
06-08 15:59:14.526 E/qomx_image_core(  255): OMX_Init:94] Complete 2
06-08 15:59:14.536 E/QCameraHWI_Mem(  255): void qcamera::QCameraMemory::traceLogAllocStart(size_t, int, const char*):HeapMemsize 1048576
06-08 15:59:14.536 E/QCameraHWI_Mem(  255): void qcamera::QCameraMemory::traceLogAllocStart(size_t, int, const char*):Memsize 1048576
06-08 15:59:14.536 E/QCameraHWI_Mem(  255): void qcamera::QCameraMemory::traceLogAllocEnd(size_t) 1048576
06-08 15:59:14.536 E/QCameraHWI_Mem(  255): void qcamera::QCameraMemory::traceLogAllocEnd(size_t) 1048576
06-08 15:59:14.576 E/qomx_image_core(  255): OMX_Deinit:118] Complete
06-08 15:59:14.596 E/QCameraPostProc(  255): int32_t qcamera::QCameraPostProcessor::deinit(): Jpeg closed, rc = 0, mJpegClientHandle = 2e00
06-08 15:59:15.446 E/mm-camera-eztune(  309): vendor/qcom/proprietary/mm-camera/mm-camera2/server-tuning/tuning/eztune_cam_adapter.cpp(667): "mct_stream_t* eztune::get_mct_stream(mct_pipeline_t*, eztune::mct_pipeline_get_stream_info_t*): no children"
06-08 15:59:15.446 E/mm-camera-eztune(  309): vendor/qcom/proprietary/mm-camera/mm-camera2/server-tuning/tuning/eztune_cam_adapter.cpp(667): "mct_stream_t* eztune::get_mct_stream(mct_pipeline_t*, eztune::mct_pipeline_get_stream_info_t*): no children"
06-08 15:59:15.446 E/mm-camera-eztune(  309): vendor/qcom/proprietary/mm-camera/mm-camera2/server-tuning/tuning/eztune_cam_adapter.cpp(667): "mct_stream_t* eztune::get_mct_stream(mct_pipeline_t*, eztune::mct_pipeline_get_stream_info_t*): no children"
06-08 15:59:15.446 E/mm-camera-eztune(  309): vendor/qcom/proprietary/mm-camera/mm-camera2/server-tuning/tuning/eztune_cam_adapter.cpp(667): "mct_stream_t* eztune::get_mct_stream(mct_pipeline_t*, eztune::mct_pipeline_get_stream_info_t*): no children"
06-08 15:59:15.446 E/mm-camera-eztune(  309): vendor/qcom/proprietary/mm-camera/mm-camera2/server-tuning/tuning/eztune_cam_adapter.cpp(667): "mct_stream_t* eztune::get_mct_stream(mct_pipeline_t*, eztune::mct_pipeline_get_stream_info_t*): no children"
06-08 15:59:15.446 E/mm-camera-eztune(  309): vendor/qcom/proprietary/mm-camera/mm-camera2/server-tuning/tuning/eztune_cam_adapter.cpp(667): "mct_stream_t* eztune::get_mct_stream(mct_pipeline_t*, eztune::mct_pipeline_get_stream_info_t*): no children"
06-08 15:59:15.446 E/mm-camera-eztune(  309): vendor/qcom/proprietary/mm-camera/mm-camera2/server-tuning/tuning/eztune_cam_adapter.cpp(667): "mct_stream_t* eztune::get_mct_stream(mct_pipeline_t*, eztune::mct_pipeline_get_stream_info_t*): no children"
06-08 15:59:15.446 E/mm-camera-eztune(  309): vendor/qcom/proprietary/mm-camera/mm-camera2/server-tuning/tuning/eztune_cam_adapter.cpp(667): "mct_stream_t* eztune::get_mct_stream(mct_pipeline_t*, eztune::mct_pipeline_get_stream_info_t*): no children"
06-08 15:59:15.456 E/mm-camera-eztune(  309): vendor/qcom/proprietary/mm-camera/mm-camera2/server-tuning/tuning/eztune_process.cpp(443): "Process layer not initialized. just return"
06-08 15:59:15.466 E/mm-camera(  309): isp_tintless_bg_pca_close: Enter
06-08 15:59:15.466 E/mm-camera(  309): isp_tintless_bg_pca_close: tint_lib 0xb8122b08, deinit_func 0xb5f7f085 
06-08 15:59:15.466 E/        (  309): dmlroc_deinit
06-08 15:59:15.466 E/mm-camera(  309): isp_tintless_bg_pca_close: close/unload tintless lib 0
06-08 15:59:15.476 E/mm-camera(  309): mct_pipeline_stop_session: left modules: 5
06-08 15:59:15.476 E/mm-camera(  309): mct_pipeline_stop_session: left modules: 4
06-08 15:59:15.476 E/mm-camera(  309): mct_pipeline_stop_session: left modules: 3
06-08 15:59:15.476 E/mm-camera(  309): mct_pipeline_stop_session: left modules: 2
06-08 15:59:15.476 E/mm-camera(  309): mct_pipeline_stop_session: left modules: 1
06-08 15:59:15.496 E/mm-camera(  309): Got some events
06-08 15:59:15.506 E/mm-camera(  309): mct_pipeline_stop_session: left modules: 0
06-08 15:59:17.286 E/qdutils (  250): int qdutils::getHDMINode(): Failed to open fb node 1
06-08 15:59:17.286 E/qdutils (  250): int qdutils::getHDMINode(): Failed to open fb node 2
06-08 15:59:17.286 E/qdutils (  250): int qdutils::getHDMINode(): Failed to find HDMI node
06-08 15:59:17.526 E/qdutils (  250): int qdutils::getHDMINode(): Failed to open fb node 1
06-08 15:59:17.526 E/qdutils (  250): int qdutils::getHDMINode(): Failed to open fb node 2
06-08 15:59:17.526 E/qdutils (  250): int qdutils::getHDMINode(): Failed to find HDMI node
06-08 15:59:18.376 E/VEApiService(30847): Terminating IntentProcessor-ThumbnailServiceThread
06-08 15:59:18.376 E/VEApiService(30847): Terminating IntentProcessor-AudioServiceThread
06-08 15:59:18.376 E/VEApiService(30847): Terminating IntentProcessor-VideoServiceThread
06-08 15:59:18.536 E/RichInputConnection(15797): Unable to connect to the editor to retrieve text... will retry later
06-08 15:59:18.606 E/NotificationService(  801): An error occurred profiling the notification.
06-08 15:59:18.606 E/NotificationService(  801): java.lang.NullPointerException
06-08 15:59:18.606 E/NotificationService(  801): 	at com.android.server.NotificationManagerService$6.run(NotificationManagerService.java:1856)
06-08 15:59:18.606 E/NotificationService(  801): 	at android.os.Handler.handleCallback(Handler.java:733)
06-08 15:59:18.606 E/NotificationService(  801): 	at android.os.Handler.dispatchMessage(Handler.java:95)
06-08 15:59:18.606 E/NotificationService(  801): 	at android.os.Looper.loop(Looper.java:136)
06-08 15:59:18.606 E/NotificationService(  801): 	at com.android.server.ServerThread.initAndLoop(SystemServer.java:1184)
06-08 15:59:18.606 E/NotificationService(  801): 	at com.android.server.SystemServer.main(SystemServer.java:1309)
06-08 15:59:18.606 E/NotificationService(  801): 	at java.lang.reflect.Method.invokeNative(Native Method)
06-08 15:59:18.606 E/NotificationService(  801): 	at java.lang.reflect.Method.invoke(Method.java:515)
06-08 15:59:18.606 E/NotificationService(  801): 	at com.android.internal.os.ZygoteInit$MethodAndArgsCaller.run(ZygoteInit.java:786)
06-08 15:59:18.606 E/NotificationService(  801): 	at com.android.internal.os.ZygoteInit.main(ZygoteInit.java:602)
06-08 15:59:18.606 E/NotificationService(  801): 	at dalvik.system.NativeStart.main(Native Method)
06-08 15:59:18.846 E/NotificationService(  801): An error occurred profiling the notification.
06-08 15:59:18.846 E/NotificationService(  801): java.lang.NullPointerException
06-08 15:59:18.846 E/NotificationService(  801): 	at com.android.server.NotificationManagerService$6.run(NotificationManagerService.java:1856)
06-08 15:59:18.846 E/NotificationService(  801): 	at android.os.Handler.handleCallback(Handler.java:733)
06-08 15:59:18.846 E/NotificationService(  801): 	at android.os.Handler.dispatchMessage(Handler.java:95)
06-08 15:59:18.846 E/NotificationService(  801): 	at android.os.Looper.loop(Looper.java:136)
06-08 15:59:18.846 E/NotificationService(  801): 	at com.android.server.ServerThread.initAndLoop(SystemServer.java:1184)
06-08 15:59:18.846 E/NotificationService(  801): 	at com.android.server.SystemServer.main(SystemServer.java:1309)
06-08 15:59:18.846 E/NotificationService(  801): 	at java.lang.reflect.Method.invokeNative(Native Method)
06-08 15:59:18.846 E/NotificationService(  801): 	at java.lang.reflect.Method.invoke(Method.java:515)
06-08 15:59:18.846 E/NotificationService(  801): 	at com.android.internal.os.ZygoteInit$MethodAndArgsCaller.run(ZygoteInit.java:786)
06-08 15:59:18.846 E/NotificationService(  801): 	at com.android.internal.os.ZygoteInit.main(ZygoteInit.java:602)
06-08 15:59:18.846 E/NotificationService(  801): 	at dalvik.system.NativeStart.main(Native Method)
06-08 15:59:19.436 E/NotificationService(  801): An error occurred profiling the notification.
06-08 15:59:19.436 E/NotificationService(  801): java.lang.NullPointerException
06-08 15:59:19.436 E/NotificationService(  801): 	at com.android.server.NotificationManagerService$6.run(NotificationManagerService.java:1856)
06-08 15:59:19.436 E/NotificationService(  801): 	at android.os.Handler.handleCallback(Handler.java:733)
06-08 15:59:19.436 E/NotificationService(  801): 	at android.os.Handler.dispatchMessage(Handler.java:95)
06-08 15:59:19.436 E/NotificationService(  801): 	at android.os.Looper.loop(Looper.java:136)
06-08 15:59:19.436 E/NotificationService(  801): 	at com.android.server.ServerThread.initAndLoop(SystemServer.java:1184)
06-08 15:59:19.436 E/NotificationService(  801): 	at com.android.server.SystemServer.main(SystemServer.java:1309)
06-08 15:59:19.436 E/NotificationService(  801): 	at java.lang.reflect.Method.invokeNative(Native Method)
06-08 15:59:19.436 E/NotificationService(  801): 	at java.lang.reflect.Method.invoke(Method.java:515)
06-08 15:59:19.436 E/NotificationService(  801): 	at com.android.internal.os.ZygoteInit$MethodAndArgsCaller.run(ZygoteInit.java:786)
06-08 15:59:19.436 E/NotificationService(  801): 	at com.android.internal.os.ZygoteInit.main(ZygoteInit.java:602)
06-08 15:59:19.436 E/NotificationService(  801): 	at dalvik.system.NativeStart.main(Native Method)
06-08 15:59:19.686 E/qdutils (  250): int qdutils::getHDMINode(): Failed to open fb node 1
06-08 15:59:19.686 E/qdutils (  250): int qdutils::getHDMINode(): Failed to open fb node 2
06-08 15:59:19.686 E/qdutils (  250): int qdutils::getHDMINode(): Failed to find HDMI node
06-08 15:59:19.896 E/PPDaemon(  339): ProcessAbaWorker: outCmap() failed
06-08 15:59:19.896 E/qdutils (  250): int qdutils::getHDMINode(): Failed to open fb node 1
06-08 15:59:19.896 E/qdutils (  250): int qdutils::getHDMINode(): Failed to open fb node 2
06-08 15:59:19.896 E/qdutils (  250): int qdutils::getHDMINode(): Failed to find HDMI node
06-08 15:59:20.536 E/audio_a2dp_hw(  255): adev_set_parameters: ERROR: set param called even when stream out is null
06-08 15:59:20.666 E/QcConnectivityService(  801): net.tcp.usercfg.default not found in system properties. Using defaults
06-08 15:59:20.666 E/QcConnectivityService(  801): net.tcp.delack.default not found in system properties. Using defaults
06-08 15:59:20.686 E/CallDetails( 3177): list is null in setConfUriList
06-08 15:59:21.346 E/msm8916_platform(  255): platform_switch_voice_call_device_post: Incorrect ACDB IDs (rx: 7 tx: -1)
06-08 15:59:21.476 E/audio_hw_primary(  255): disable_snd_device: Invalid sound device 0
06-08 15:59:21.486 E/ACDB-LOADER(  255): Error: ACDB AFE returned = -19
06-08 15:59:21.496 E/ACDB-LOADER(  255): Error: ACDB AFE returned = -19
06-08 15:59:21.506 E/HeadsetStateMachine(30050): terminateScoUsingVirtualVoiceCall:No present call to terminate
06-08 15:59:21.526 E/BluetoothPhoneService( 3177): Could not get a handle on Connection object for the call
06-08 15:59:21.536 E/HeadsetStateMachine(30050): terminateScoUsingVirtualVoiceCall:No present call to terminate
06-08 15:59:21.626 E/BluetoothPhoneService( 3177): Could not get a handle on Connection object for the call
06-08 15:59:21.626 E/BluetoothPhoneService( 3177): Could not get a handle on Connection object for the call
06-08 15:59:21.656 E/LocSvc_libulp(  801): I/===> int ulp_msg_process_system_update(UlpSystemEvent) line 1460 
06-08 15:59:21.656 E/LocSvc_libulp(  801): I/int ulp_msg_process_system_update(UlpSystemEvent): systemEvent:5 
06-08 15:59:21.666 E/LocSvc_libulp(  801): I/===> int ulp_brain_process_system_update(UlpSystemEvent) line 2345 
06-08 15:59:21.676 E/JavaBinder(  801): !!! FAILED BINDER TRANSACTION !!!
06-08 15:59:22.376 E/MM_OSAL (  255): FileSource::FileSource
06-08 15:59:22.376 E/MM_OSAL (  255): FileSource::FileSource m_bEveryThingOK 1
06-08 15:59:22.376 E/MM_OSAL (  255): MM_File_Create failed .Efs Error No -1 , File Name /data/mmosal_logmask.cfg , Mode 0
06-08 15:59:22.376 E/MM_OSAL (  255): Open or read fail on /data/mmosal_logmask.cfg. Possible permission denied issue. Looking for /data/misc/media/mmosal_logmask.cfg
06-08 15:59:22.376 E/MM_OSAL (  255): MM_File_Create failed .Efs Error No -1 , File Name /data/misc/media/mmosal_logmask.cfg , Mode 0
06-08 15:59:22.446 E/mm-camera-intf(  255): mm_camera_open: dev name = /dev/video1, cam_idx = 1
06-08 15:59:22.456 E/mm-camera(  309): isp_tintless_bg_pca_open : Enter!
06-08 15:59:22.456 E/        (  309): dmlroc_get_version
06-08 15:59:22.456 E/mm-camera(  309): isp_tintless_bg_pca_get_version: lib returned version 2.53 err=0
06-08 15:59:22.466 E/mm-camera-img(  309): module_imglib_start_session:1446 ###Img_Loglevel 0
06-08 15:59:22.496 E/mm-camera-sensor(  309): eeprom_load_library:690 e_ctrl->eeprom_lib.func_tbl =0xb6cb8004
06-08 15:59:22.496 E/mm-camera-sensor(  309): ov8858_his_qtech_bj_format_calibration_data:405 jp********Enter
06-08 15:59:22.496 E/mm-camera-sensor(  309): ov8858_his_qtech_bj_format_calibration_data:423 jp********Exit
06-08 15:59:22.766 E/mm-camera-sensor(  309): actuator_load_lib:354 name=rohm_bu64243gwz, mode=camera
06-08 15:59:22.766 E/mm-camera-sensor(  309): actuator_load_lib:354 name=rohm_bu64243gwz, mode=camcorder
06-08 15:59:22.766 E/mm-camera-sensor(  309): eeprom_do_af_calibration:615 turn on Cal af(1)
06-08 15:59:22.866 E/mm-camera-intf(  255): mm_camera_open:  opened, break out while loop
06-08 15:59:22.936 E/qomx_image_core(  255): OMX_Init:94] Complete 2
06-08 15:59:22.936 E/QCameraHWI_Mem(  255): void qcamera::QCameraMemory::traceLogAllocStart(size_t, int, const char*):HeapMemsize 1048576
06-08 15:59:22.936 E/QCameraHWI_Mem(  255): void qcamera::QCameraMemory::traceLogAllocStart(size_t, int, const char*):Memsize 1048576
06-08 15:59:22.936 E/QCameraHWI_Mem(  255): void qcamera::QCameraMemory::traceLogAllocEnd(size_t) 1048576
06-08 15:59:22.936 E/QCameraHWI_Mem(  255): void qcamera::QCameraMemory::traceLogAllocEnd(size_t) 1048576
06-08 15:59:23.016 E/QCameraParameters(  255): int32_t qcamera::QCameraParameters::setAEBracket(const qcamera::QCameraParameters&): scene mode is HDR, overwrite AE bracket setting to off
06-08 15:59:23.056 E/CAM_PhotoModule(31118):  advancedFeature value =none
06-08 15:59:23.056 E/QCameraParameters(  255): int32_t qcamera::QCameraParameters::setAEBracket(const qcamera::QCameraParameters&): scene mode is HDR, overwrite AE bracket setting to off
06-08 15:59:23.096 E/CAM_PhotoModule(31118):  advancedFeature value =none
06-08 15:59:23.116 E/QCameraParameters(  255): int32_t qcamera::QCameraParameters::setAEBracket(const qcamera::QCameraParameters&): scene mode is HDR, overwrite AE bracket setting to off
06-08 15:59:23.136 E/mm-camera-intf(  255): mm_stream_get_v4l2_fmt: Unknown fmt=99
06-08 15:59:23.136 E/mm-camera(  309): isp_util_find_matched_existing_src_port#186: X
06-08 15:59:23.136 E/CAM_PhotoModule(31118):  advancedFeature value =none
06-08 15:59:23.146 E/mm-camera(  309): module_faceproc_client_create:977] Face proc feature mask e 0
06-08 15:59:23.146 E/mm-camera(  309): is_thread_handler thread_id is 32069
06-08 15:59:23.146 E/mm-camera(  309): is_thread_handler: Starting IS thread handler
06-08 15:59:23.146 E/mm-camera(  309): mct_pipeline_send_ctrl_events: Send Set Parm events
06-08 15:59:23.146 E/mm-camera(  309): af_port_handle_module_event: HFR Mode: 0!
06-08 15:59:23.146 E/mm-camera(  309): stats_port_proc_downstream_set_parm Enable AEC & AWB subsampling optimizations
06-08 15:59:23.156 E/mm-camera(  309): mct_pipeline_send_ctrl_events: Send Set Parm events
06-08 15:59:23.156 E/mm-camera(  309): module_faceproc_port_event_func:541] Invalid type for reprocess 10002 10002
06-08 15:59:23.166 E/QCameraHWI_Mem(  255): void qcamera::QCameraMemory::traceLogAllocStart(size_t, int, const char*):StreamMemsize 454112
06-08 15:59:23.166 E/QCameraHWI_Mem(  255): void qcamera::QCameraMemory::traceLogAllocStart(size_t, int, const char*):Memsize 454112
06-08 15:59:23.166 E/QCameraHWI_Mem(  255): int qcamera::QCameraMemoryPool::allocateBuffer(qcamera::QCameraMemory::QCameraMemInfo&, unsigned int, size_t, bool, cam_stream_type_t) : Buffer not found!
06-08 15:59:23.166 E/QCameraHWI_Mem(  255): int qcamera::QCameraMemoryPool::allocateBuffer(qcamera::QCameraMemory::QCameraMemInfo&, unsigned int, size_t, bool, cam_stream_type_t) : Buffer not found!
06-08 15:59:23.166 E/QCameraHWI_Mem(  255): int qcamera::QCameraMemoryPool::allocateBuffer(qcamera::QCameraMemory::QCameraMemInfo&, unsigned int, size_t, bool, cam_stream_type_t) : Buffer not found!
06-08 15:59:23.166 E/QCameraHWI_Mem(  255): int qcamera::QCameraMemoryPool::allocateBuffer(qcamera::QCameraMemory::QCameraMemInfo&, unsigned int, size_t, bool, cam_stream_type_t) : Buffer not found!
06-08 15:59:23.166 E/QCameraHWI_Mem(  255): int qcamera::QCameraMemoryPool::allocateBuffer(qcamera::QCameraMemory::QCameraMemInfo&, unsigned int, size_t, bool, cam_stream_type_t) : Buffer not found!
06-08 15:59:23.166 E/QCameraHWI_Mem(  255): int qcamera::QCameraMemoryPool::allocateBuffer(qcamera::QCameraMemory::QCameraMemInfo&, unsigned int, size_t, bool, cam_stream_type_t) : Buffer not found!
06-08 15:59:23.166 E/QCameraHWI_Mem(  255): int qcamera::QCameraMemoryPool::allocateBuffer(qcamera::QCameraMemory::QCameraMemInfo&, unsigned int, size_t, bool, cam_stream_type_t) : Buffer not found!
06-08 15:59:23.166 E/QCameraHWI_Mem(  255): int qcamera::QCameraMemoryPool::allocateBuffer(qcamera::QCameraMemory::QCameraMemInfo&, unsigned int, size_t, bool, cam_stream_type_t) : Buffer not found!
06-08 15:59:23.166 E/QCameraHWI_Mem(  255): int qcamera::QCameraMemoryPool::allocateBuffer(qcamera::QCameraMemory::QCameraMemInfo&, unsigned int, size_t, bool, cam_stream_type_t) : Buffer not found!
06-08 15:59:23.166 E/QCameraHWI_Mem(  255): int qcamera::QCameraMemoryPool::allocateBuffer(qcamera::QCameraMemory::QCameraMemInfo&, unsigned int, size_t, bool, cam_stream_type_t) : Buffer not found!
06-08 15:59:23.166 E/QCameraHWI_Mem(  255): void qcamera::QCameraMemory::traceLogAllocEnd(size_t) 4541120
06-08 15:59:23.166 E/QCameraHWI_Mem(  255): void qcamera::QCameraMemory::traceLogAllocEnd(size_t) 4541120
06-08 15:59:23.186 E/mm-camera-intf(  255): mm_stream_request_buf: buf_num = 10, stream type = 7
06-08 15:59:23.336 E/mm-camera-intf(  255): mm_stream_request_buf: buf_num = 11, stream type = 1
06-08 15:59:23.346 E/mm-camera-sensor(  309): sensor_set_resolution:1795 set_fps=30.000000 > max_fps=15.000000, capping to max
06-08 15:59:23.356 E/mm-camera(  309): decide_isp_nums_camif: num_isp = 1
06-08 15:59:23.356 E/mm-camera(  309): decide_isp_nums_camif: num_isp = 1
06-08 15:59:23.356 E/mm-camera(  309): isp_sink_port_stream_config: E, session_id = 1, stream_id = 2, stream_type = 1
06-08 15:59:23.356 E/mm-camera(  309): isp_sink_port_stream_config: session_id = 1, stream_id = 2, is_split = 0
06-08 15:59:23.356 E/mm-camera(  309): isp_sink_port_stream_config: old vfe_id_mask = 0x0, new vfe_id_mask = 0x1
06-08 15:59:23.366 E/mm-camera(  309): isp_pipeline_get_table_size: ISP_HW_MOD_GET_TABLE_SIZE error, module_id = 1, rc = -1
06-08 15:59:23.366 E/mm-camera(  309): isp_hw_proc_init_meta_dump: get ISP_PIX_GET_ROLLOFF_TABLE_SIZE error
06-08 15:59:23.366 E/mm-camera(  309): isp_sink_port_stream_config: E, session_id = 1, stream_id = 3, stream_type = 3
06-08 15:59:23.366 E/mm-camera(  309): isp_sink_port_stream_config: session_id = 1, stream_id = 3, is_split = 0
06-08 15:59:23.366 E/mm-camera(  309): isp_sink_port_stream_config: old vfe_id_mask = 0x1, new vfe_id_mask = 0x1
06-08 15:59:23.366 E/mm-camera(  309): is_port_handle_stream_config_event: w = 3264, h = 2448, ma = 90, p = 0
06-08 15:59:23.386 E/mm-camera-sensor(  309): eeprom_do_chroma_calibration:567 turn on Cal wb(1) ls(1) dp(1)
06-08 15:59:23.386 E/mm-camera-sensor(  309): af_actuator_set_params:268 E
06-08 15:59:23.386 E/mm-camera(  309): is_port_handle_set_is_enable: IS enable = 0
06-08 15:59:23.386 E/mm-camera-CORE(  309): aec_set_bestshot_mode: Invalid bestshot mode, setting it to default
06-08 15:59:23.386 E/mm-camera-CORE(  309): awb_set_bestshot_mode: Invalid bestshot mode, setting it to default
06-08 15:59:23.386 E/mm-camera(  309): isp_tintless_bg_pca_update_chromatix_params: chromatix : strength 4
06-08 15:59:23.386 E/mm-camera(  309): isp_tintless_config: tint_correction_strength updated to 4
06-08 15:59:23.386 E/mm-camera(  309): isp_tintless_bg_pca_update_chromatix_params: lib returned config err=0
06-08 15:59:23.386 E/mm-camera(  309): is_port_handle_set_is_enable: IS enable = 0
06-08 15:59:23.386 E/mm-camera-CORE(  309): aec_set_bestshot_mode: Invalid bestshot mode, setting it to default
06-08 15:59:23.386 E/mm-camera-CORE(  309): awb_set_bestshot_mode: Invalid bestshot mode, setting it to default
06-08 15:59:23.386 E/mm-camera(  309): port_isp_mct_ctrl_cmd: E, identity = 0x10002, STREAMON
06-08 15:59:23.386 E/mm-camera(  309): awb_port_update_awb_data r_gain; 1.243781, g_gain: 1.000000, b_gain: 2.028398, cct: 4100
06-08 15:59:23.386 E/mm-camera-img(  309): Face Album FILE EXISTS
06-08 15:59:23.396 E/mm-camera(  309): isp_streamon: E, session_id = 1, stream_id = 2, active_count = 0 flash=FALSE
06-08 15:59:23.396 E/mm-camera(  309): isp_proc_streamon: E, session_id = 1, stream_id = 2, stream_type = 1
06-08 15:59:23.396 E/mm-camera(  309): isp_streamon: X, session_id = 1, rc = 0
06-08 15:59:23.396 E/mm-camera(  309): port_isp_send_streamon_done_event_downstream: ignore this streamon, hal_bundling_mask = 0x3, streamon_mask = 0x1
06-08 15:59:23.396 E/mm-camera(  309): port_isp_mct_ctrl_cmd: X, identity = 0x10002, STREAMON, ret = 0
06-08 15:59:23.396 E/AEC_PORT(  309): ddd exp 0.032124 iso 55
06-08 15:59:23.396 E/AEC_PORT(  309): #### aec_port_get_aec_data runs
06-08 15:59:23.396 E/AEC_PORT(  309): aec_port_proc_get_aec_data exp 0.032124 iso 55, exp-idx: 240, lc: 1195, gain: 1.000000
06-08 15:59:23.396 E/QCameraHWI_Mem(  255): void qcamera::QCameraMemory::traceLogAllocStart(size_t, int, const char*):StreamMemsize 12066816
06-08 15:59:23.396 E/QCameraHWI_Mem(  255): void qcamera::QCameraMemory::traceLogAllocStart(size_t, int, const char*):Memsize 12066816
06-08 15:59:23.396 E/QCameraHWI_Mem(  255): int qcamera::QCameraMemoryPool::allocateBuffer(qcamera::QCameraMemory::QCameraMemInfo&, unsigned int, size_t, bool, cam_stream_type_t) : Buffer not found!
06-08 15:59:23.456 E/QCameraHWI_Mem(  255): int qcamera::QCameraMemoryPool::allocateBuffer(qcamera::QCameraMemory::QCameraMemInfo&, unsigned int, size_t, bool, cam_stream_type_t) : Buffer not found!
06-08 15:59:23.526 E/QCameraHWI_Mem(  255): int qcamera::QCameraMemoryPool::allocateBuffer(qcamera::QCameraMemory::QCameraMemInfo&, unsigned int, size_t, bool, cam_stream_type_t) : Buffer not found!
06-08 15:59:23.586 E/QCameraHWI_Mem(  255): void qcamera::QCameraMemory::traceLogAllocEnd(size_t) 36200448
06-08 15:59:23.596 E/QCameraHWI_Mem(  255): void qcamera::QCameraMemory::traceLogAllocEnd(size_t) 36200448
06-08 15:59:23.606 E/mm-camera-intf(  255): mm_stream_request_buf: buf_num = 6, stream type = 3
06-08 15:59:23.616 E/mm-camera-sensor(  309): sensor_set_resolution:1768 set_fps=30.000000 > max_fps=15.000000, capping to max
06-08 15:59:23.616 E/mm-camera(  309): isp_sink_port_stream_config: E, session_id = 1, stream_id = 2, stream_type = 1
06-08 15:59:23.616 E/mm-camera(  309): isp_sink_port_stream_config: session_id = 1, stream_id = 2, is_split = 0
06-08 15:59:23.616 E/mm-camera(  309): isp_sink_port_stream_config: old vfe_id_mask = 0x1, new vfe_id_mask = 0x1
06-08 15:59:23.616 E/mm-camera(  309): isp_sink_port_stream_config: E, session_id = 1, stream_id = 3, stream_type = 3
06-08 15:59:23.616 E/mm-camera(  309): isp_sink_port_stream_config: session_id = 1, stream_id = 3, is_split = 0
06-08 15:59:23.616 E/mm-camera(  309): isp_sink_port_stream_config: old vfe_id_mask = 0x1, new vfe_id_mask = 0x1
06-08 15:59:23.616 E/mm-camera(  309): is_port_handle_stream_config_event: w = 3264, h = 2448, ma = 90, p = 0
06-08 15:59:23.616 E/mm-camera-sensor(  309): eeprom_do_chroma_calibration:567 turn on Cal wb(1) ls(1) dp(1)
06-08 15:59:23.616 E/mm-camera-CORE(  309): aec_set_bestshot_mode: Invalid bestshot mode, setting it to default
06-08 15:59:23.616 E/mm-camera(  309): is_port_handle_set_is_enable: IS enable = 0
06-08 15:59:23.616 E/mm-camera-CORE(  309): awb_set_bestshot_mode: Invalid bestshot mode, setting it to default
06-08 15:59:23.616 E/mm-camera(  309): isp_tintless_bg_pca_update_chromatix_params: chromatix : strength 4
06-08 15:59:23.616 E/mm-camera(  309): isp_tintless_config: same cfg as current
06-08 15:59:23.616 E/mm-camera(  309): isp_tintless_bg_pca_update_chromatix_params: lib returned config err=0
06-08 15:59:23.616 E/mm-camera-CORE(  309): aec_set_bestshot_mode: Invalid bestshot mode, setting it to default
06-08 15:59:23.616 E/mm-camera(  309): is_port_handle_set_is_enable: IS enable = 0
06-08 15:59:23.616 E/mm-camera-CORE(  309): awb_set_bestshot_mode: Invalid bestshot mode, setting it to default
06-08 15:59:23.616 E/mm-camera(  309): port_isp_mct_ctrl_cmd: E, identity = 0x10003, STREAMON
06-08 15:59:23.616 E/mm-camera(  309): awb_port_update_awb_data r_gain; 1.243781, g_gain: 1.000000, b_gain: 2.028398, cct: 4100
06-08 15:59:23.616 E/mm-camera(  309): isp_streamon: E, session_id = 1, stream_id = 3, active_count = 0 flash=FALSE
06-08 15:59:23.626 E/mm-camera(  309): isp_proc_streamon: E, session_id = 1, stream_id = 3, stream_type = 3
06-08 15:59:23.626 E/mm-camera(  309): isp_ch_util_sync_stream_cfg_to_channel: cannot find channel, Adding new channel for stream id 2
06-08 15:59:23.626 E/mm-camera(  309): isp_add_meta_channel: no meta data, session_id = 1, stream_id = 2
06-08 15:59:23.626 E/mm-camera(  309): isp_ch_util_sync_stream_cfg_to_channel: cannot find channel, Adding new channel for stream id 3
06-08 15:59:23.626 E/mm-camera(  309): isp_add_meta_channel: no meta data, session_id = 1, stream_id = 3
06-08 15:59:23.626 E/mm-camera(  309): is_port_event:610 id = 10002, steam_type = 1, w = 1280, h = 960, IS mode = 0
06-08 15:59:23.626 E/mm-camera(  309): isp_thread_proc_cmd: start/stop, thread_data = 0xb844d648, action_code = 0
06-08 15:59:23.626 E/mm-camera(  309): linearization_set_params: param_id is not supported in this module
06-08 15:59:23.626 E/mm-camera(  309): isp_ch_util_streamon: session_id = 1, vfe_mask = 0x1, async streamon, rc = 0
06-08 15:59:23.626 E/mm-camera(  309): pca_rolloff_set_params: param_id is not supported in this module
06-08 15:59:23.626 E/mm-camera(  309): wb_set_params: param_id is not supported in this module
06-08 15:59:23.626 E/mm-camera(  309): demosaic_set_params: param_id 7, is not supported in this module
06-08 15:59:23.626 E/mm-camera(  309): demux_set_params: param_id 7, is not supported in this module
06-08 15:59:23.626 E/mm-camera(  309): clf_set_params: param_id 7, is not supported in this module
06-08 15:59:23.626 E/mm-camera(  309): mce_set_params: param_id is not supported in this module
06-08 15:59:23.626 E/mm-camera(  309): sce_set_params: param_id is not supported in this module
06-08 15:59:23.626 E/mm-camera(  309): isp_tintless_bg_pca_stat_config: Enter 
06-08 15:59:23.626 E/mm-camera(  309): isp_tintless_bg_pca_stat_config: stats : camif hxw 2448 x 3264, hxw 50 x 50, type 1
06-08 15:59:23.626 E/mm-camera(  309): isp_tintless_bg_pca_stat_config: pointer okay 
06-08 15:59:23.626 E/mm-camera(  309): isp_tintless_config: cfg: camif 3264x2448, elem sz 50x50,
06-08 15:59:23.626 E/        (  309): dmlroc_init
06-08 15:59:23.626 E/mm-camera(  309): isp_tintless_bg_pca_stat_config: lib returned config err=0
06-08 15:59:23.636 E/mm-camera(  309): isp_pipeline_reset_hist_dmi, Enter
06-08 15:59:23.636 E/mm-camera(  309): isp_pipeline_reset_hist_dmi, Enter
06-08 15:59:23.636 E/mm-camera(  309): isp_pipeline_reset_hist_dmi, Enter
06-08 15:59:23.656 E/mm-camera(  309): isp_axi_util_subscribe_v4l2_event: event_type = 0x8000100, is_subscribe = 1
06-08 15:59:23.656 E/mm-camera(  309): isp_thread_proc_cmd: start/stop ack done, thread_data = 0xb844d648, action_code = 1, rc = 0
06-08 15:59:23.656 E/mm-camera(  309): isp_ch_util_streamon: session_id = 1, sync ack done
06-08 15:59:23.656 E/mm-camera(  309): isp_pipeline32_get_roi_map: ROI: first pix 0, last pix 3263, first ln 0, last line 2447
06-08 15:59:23.656 E/mm-camera(  309): isp_streamon: X, session_id = 1, rc = 0
06-08 15:59:23.656 E/mm-camera(  309): port_isp_send_streamon_done_event_downstream: notify stream done downstream
06-08 15:59:23.656 E/mm-camera(  309): port_isp_mct_ctrl_cmd: X, identity = 0x10003, STREAMON, ret = 0
06-08 15:59:23.666 E/mm-camera-sensor(  309): module_sensor_stream_on: Sending start bus message
06-08 15:59:23.666 E/mm-camera(  309): mct_bus_sof_thread_run thread_id is 32084
06-08 15:59:23.666 E/QCameraHWI_Mem(  255): void qcamera::QCameraMemory::traceLogAllocStart(size_t, int, const char*):StreamMemsize 12066816
06-08 15:59:23.666 E/QCameraHWI_Mem(  255): void qcamera::QCameraMemory::traceLogAllocStart(size_t, int, const char*):Memsize 12066816
06-08 15:59:23.666 E/QCameraHWI_Mem(  255): int qcamera::QCameraMemoryPool::allocateBuffer(qcamera::QCameraMemory::QCameraMemInfo&, unsigned int, size_t, bool, cam_stream_type_t) : Buffer not found!
06-08 15:59:23.666 E/mm-camera-sensor(  309): port_sensor_handle_upstream_module_event:982 Reset previously set LED state!
06-08 15:59:23.666 E/AEC_PORT(  309): aec_port_proc_downstream_event: Received LED state timeout. Reset LED state!
06-08 15:59:23.666 E/mm-camera-img(  309): module_imglib_store_session_params:433 Invalid param type 
06-08 15:59:23.666 E/mm-camera-img(  309): module_imglib_port_handle_events:1137] Store session params fail
06-08 15:59:23.676 E/QCameraParameters(  255): int32_t qcamera::QCameraParameters::setAEBracket(const qcamera::QCameraParameters&): scene mode is HDR, overwrite AE bracket setting to off
06-08 15:59:23.676 E/mm-camera(  309): mct_pipeline_send_ctrl_events: Send Set Parm events
06-08 15:59:23.676 E/mm-camera(  309): stats_port_proc_downstream_set_parm Enable AEC & AWB subsampling optimizations
06-08 15:59:23.736 E/mm-camera(  309): invalid stats mask. Return back
06-08 15:59:23.746 E/QCameraHWI_Mem(  255): int qcamera::QCameraMemoryPool::allocateBuffer(qcamera::QCameraMemory::QCameraMemInfo&, unsigned int, size_t, bool, cam_stream_type_t) : Buffer not found!
06-08 15:59:23.746 E/mm-camera-sensor(  309): port_sensor_handle_upstream_module_event:982 Reset previously set LED state!
06-08 15:59:23.746 E/AEC_PORT(  309): aec_port_proc_downstream_event: Received LED state timeout. Reset LED state!
06-08 15:59:23.746 E/mm-camera-img(  309): module_imglib_store_session_params:433 Invalid param type 
06-08 15:59:23.746 E/mm-camera-img(  309): module_imglib_port_handle_events:1137] Store session params fail
06-08 15:59:23.756 E/mm-camera(  309): port_isp_mct_ctrl_cmd: E, identity = 0x10003, STREAMOFF
06-08 15:59:23.756 E/mm-camera(  309): isp_streamoff: E, session_id = 1, stream_id = 3, active_count = 2
06-08 15:59:23.756 E/mm-camera(  309): isp_proc_streamoff: E,session_id = 1, stream_id= 3, stream_type= 3 meta 0
06-08 15:59:23.756 E/mm-camera(  309): isp_thread_proc_cmd: start/stop, thread_data = 0xb844d648, action_code = 2
06-08 15:59:23.756 E/mm-camera(  309): isp_ch_util_streamoff: session_id = 1, vfe_mask = 0x1, async streamoff, rc = 0
06-08 15:59:23.756 E/mm-camera(  309): isp_axi_util_subscribe_v4l2_event: event_type = 0x8000100, is_subscribe = 0
06-08 15:59:23.756 E/mm-camera(  309): isp_axi_unreg_buf: session_id = 1, stream_id = 2, buf_handle = 0x10000
06-08 15:59:23.756 E/mm-camera(  309): isp_axi_unreg_buf: session_id = 1, stream_id = 3, buf_handle = 0x20001
06-08 15:59:23.766 E/mm-camera(  309): isp_thread_proc_cmd: start/stop ack done, thread_data = 0xb844d648, action_code = 3, rc = 0
06-08 15:59:23.766 E/mm-camera(  309): isp_ch_util_streamoff: session_id = 1, sync ack done
06-08 15:59:23.766 E/mm-camera(  309): isp_streamoff: X, session_id = 1, rc = 0
06-08 15:59:23.766 E/mm-camera(  309): port_isp_mct_ctrl_cmd: X, identity = 0x10003, STREAMOFF, ret = 0
06-08 15:59:23.766 E/mm-camera(  309): port_isp_mct_ctrl_cmd: E, identity = 0x10002, STREAMOFF
06-08 15:59:23.766 E/mm-camera-CORE(  309): aec_set_fd_roi: invalid CPP width and height (0, 0)!
06-08 15:59:23.766 E/mm-camera(  309): isp_streamoff: E, session_id = 1, stream_id = 2, active_count = 0
06-08 15:59:23.766 E/mm-camera(  309): isp_proc_streamoff: E,session_id = 1, stream_id= 2, stream_type= 1 meta 0
06-08 15:59:23.766 E/mm-camera(  309): isp_streamoff: X, session_id = 1, rc = 0
06-08 15:59:23.766 E/mm-camera(  309): port_isp_mct_ctrl_cmd: X, identity = 0x10002, STREAMOFF, ret = 0
06-08 15:59:23.766 E/mm-camera-sensor(  309): module_sensor_module_process_event: Sending stop bus message
