--------- beginning of /dev/log/system
D/StatusBar.MSimNetworkController(  933): refreshViews mMSimDataActivity =0
D/StatusBar.MSimNetworkController(  933): refreshViews connected={ } level=0 mMSimcombinedSignalIconId=0x7f0202eb/com.android.systemui:drawable/stat_sys_signal_null mMSimcombinedActivityIconId=0x0 mAirplaneMode=false mMSimDataActivity=0 mMSimPhoneSignalIconId=0x7f0202eb mMSimDataDirectionIconId=0x0 mMSimDataSignalIconId=0x7f0202eb mMSimDataTypeIconId=0x0 mNoMSimIconId=0x7f02015e mWifiIconId=0x0 mBluetoothTetherIconId=0x1080575
W/BackupManagerService(  817): dataChanged but no participant pkg='com.lenovo.xlauncher' uid=10038
D/CountryDetector(  817): The first listener is added
W/ActivityManager(  817): Unable to start service Intent { act=com.lenovo.safecenter.intent.action.UPDATE_NOTIFICATION (has extras) } U=0: not found
I/ActivityManager(  817): Start proc com.lenovo.lewea for broadcast com.lenovo.lewea/.widget.ThemeReceiver: pid=1452 uid=10042 gids={50042, 3003, 1015, 1028}
I/ActivityManager(  817): Start proc com.lenovo.themecenter for broadcast com.lenovo.themecenter/.ThemeChangeReceiver: pid=1475 uid=10041 gids={50041, 3003, 1015, 1028}
I/ActivityManager(  817): Start proc com.lenovo.ota for broadcast com.lenovo.ota/.ui.LenovoOTAReceiver: pid=1492 uid=10037 gids={50037, 1023, 1007, 1015, 2001, 3003, 1028}
W/ContextImpl(  817): Calling a method in the system process without a qualified user: android.app.ContextImpl.startService:1396 android.content.ContextWrapper.startService:473 android.content.ContextWrapper.startService:473 com.dsi.ant.server.AntService.startService:125 com.dsi.ant.server.startup.BootCompletedReceiver.onReceive:41 
I/ActivityManager(  817): Start proc com.android.calendar for broadcast com.android.calendar/.alerts.AlertReceiver: pid=1514 uid=10007 gids={50007, 3003, 1028}
I/BootReceiver(  817): Copying audit failures to DropBox
I/ActivityManager(  817): Start proc com.android.providers.calendar for broadcast com.android.providers.calendar/.CalendarReceiver: pid=1533 uid=10008 gids={50008, 3003, 1015, 1028}
I/ActivityManager(  817): Start proc com.android.cellbroadcastreceiver for broadcast com.android.cellbroadcastreceiver/.CellBroadcastReceiver: pid=1550 uid=10011 gids={50011, 1028}
I/ActivityManager(  817): Start proc com.android.deskclock for broadcast com.android.deskclock/.AlarmInitReceiver: pid=1565 uid=10015 gids={50015, 1028}
I/ActivityManager(  817): Start proc com.android.email for broadcast com.android.email/.service.EmailBroadcastReceiver: pid=1584 uid=10018 gids={50018, 3003, 1015, 1028}
D/ActivityThread( 1584): Loading provider com.android.email.provider;com.android.email.notifier: com.android.email.provider.EmailProvider
I/ActivityManager(  817): Start proc com.android.exchange for service com.android.exchange/.ExchangeService: pid=1606 uid=10020 gids={50020, 3003, 1015, 1028}
I/ActivityManager(  817): Start proc com.caf.fmradio for broadcast com.caf.fmradio/.FMTransmitterConfigReceiver: pid=1638 uid=1000 gids={41000, 3001, 3002, 3003, 1015, 1028, 1023, 1007, 3006}
I/ActivityManager(  817): Start proc com.qualcomm.factory for broadcast com.qualcomm.factory/.Framework.EventReceiver: pid=1675 uid=1000 gids={41000, 3001, 3002, 3003, 1015, 1028, 1023, 1007, 3006}
I/ActivityManager(  817): Start proc com.android.inputmethod.latin for broadcast com.android.inputmethod.latin/.setup.LauncherIconVisibilityManager: pid=1724 uid=10035 gids={50035, 1015, 1028}
I/ActivityManager(  817): Process com.android.inputmethod.latin (pid 1724) has died.
W/ActivityManager(  817): Unable to start service Intent { cmp=com.android.email/.service.AttachmentDownloadService } U=0: not found
I/ActivityManager(  817): No longer want com.android.settings (pid 1005): empty #14
W/ActivityManager(  817): Unable to start service Intent { cmp=com.android.email/.service.AttachmentDownloadService } U=0: not found
W/ActivityManager(  817): Unable to start service Intent { cmp=com.android.email/.service.AttachmentDownloadService } U=0: not found
I/ActivityManager(  817): No longer want com.android.music (pid 1217): empty #14
W/ActivityManager(  817): Unable to start service Intent { cmp=com.android.email/.service.AttachmentDownloadService } U=0: not found
W/BackupManagerService(  817): dataChanged but no participant pkg='com.lenovo.xlauncher' uid=10038
W/BackupManagerService(  817): dataChanged but no participant pkg='com.lenovo.xlauncher' uid=10038
D/StatusBar.MSimNetworkController(  933): Received SPN update on sub :1
D/StatusBar.MSimNetworkController(  933): updateNetworkName showSpn=false spn= showPlmn=false plmn=null
I/MSimTelephonyRegistry(  817): notifyServiceState: 1 1 home null null null  Unknown Unknown CSS not supported -1 -1 RoamInd=-1 DefRoamInd=-1 EmergOnly=false
D/StatusBar.MSimNetworkController(  933): SPN name is not displayed
D/StatusBar.MSimNetworkController(  933): Sub 1 networkName: 无服务
D/StatusBar.MSimNetworkController(  933): updateCarrierText for sub:1 simState =ABSENT
D/StatusBar.MSimNetworkController(  933): refreshViews subscription =1mMSimDataConnected =false
D/StatusBar.MSimNetworkController(  933): refreshViews mMSimDataActivity =0
D/StatusBar.MSimNetworkController(  933): refreshViews connected={ } level=0 mMSimcombinedSignalIconId=0x7f0202eb/com.android.systemui:drawable/stat_sys_signal_null mMSimcombinedActivityIconId=0x0 mAirplaneMode=false mMSimDataActivity=0 mMSimPhoneSignalIconId=0x7f0202eb mMSimDataDirectionIconId=0x0 mMSimDataSignalIconId=0x7f0202eb mMSimDataTypeIconId=0x0 mNoMSimIconId=0x7f02015e mWifiIconId=0x0 mBluetoothTetherIconId=0x1080575
D/StatusBar.MSimNetworkController(  933): onServiceStateChanged received on subscription :1state=1
D/StatusBar.MSimNetworkController(  933): Combining data service state 1 for signal
D/StatusBar.MSimNetworkController(  933): updateTelephonySignalStrength: subscription =1
D/StatusBar.MSimNetworkController(  933): updateTelephonySignalStrength: sub =0
D/StatusBar.MSimNetworkController(  933): updateTelephonySignalStrength: callState =0
D/StatusBar.MSimNetworkController(  933): updateTelephonySignalStrength: sub =1
D/StatusBar.MSimNetworkController(  933): updateTelephonySignalStrength: callState =0
D/StatusBar.MSimNetworkController(  933):  No service
D/StatusBar.MSimNetworkController(  933): updateDataNetType: SUB1 is not DDS(=SUB0)!
D/StatusBar.MSimNetworkController(  933): updateDataIcon subscription =1
D/StatusBar.MSimNetworkController(  933): updateDataIcon dataSub =0
D/StatusBar.MSimNetworkController(  933): updateDataIconi: SUB1 is not DDS.  Clear the mMSimDataConnected Flag and return
D/StatusBar.MSimNetworkController(  933): updateNetworkName showSpn=false spn=null showPlmn=false plmn=null
D/StatusBar.MSimNetworkController(  933): SPN name is not displayed
D/StatusBar.MSimNetworkController(  933): Sub 1 networkName: 无服务
D/StatusBar.MSimNetworkController(  933): updateCarrierText for sub:1 simState =ABSENT
D/StatusBar.MSimNetworkController(  933): refreshViews subscription =1mMSimDataConnected =false
D/StatusBar.MSimNetworkController(  933): refreshViews mMSimDataActivity =0
D/StatusBar.MSimNetworkController(  933): refreshViews connected={ } level=0 mMSimcombinedSignalIconId=0x7f0202eb/com.android.systemui:drawable/stat_sys_signal_null mMSimcombinedActivityIconId=0x0 mAirplaneMode=false mMSimDataActivity=0 mMSimPhoneSignalIconId=0x7f0202eb mMSimDataDirectionIconId=0x0 mMSimDataSignalIconId=0x7f0202eb mMSimDataTypeIconId=0x0 mNoMSimIconId=0x7f02015e mWifiIconId=0x0 mBluetoothTetherIconId=0x1080575
W/BroadcastQueue(  817): Permission Denial: receiving Intent { act=android.intent.action.BOOT_COMPLETED flg=0x10 (has extras) } to com.lenovo.themecenter/.downloads.DownloadReceiver requires android.permission.RECEIVE_BOOT_COMPLETED due to sender null (uid 1000)
W/ActivityManager(  817): Unable to start service Intent { act=com.lenovo.weatherserver.TimeTickService } U=0: not found
I/ActivityManager(  817): Start proc com.qualcomm.qct.dlt for broadcast com.qualcomm.qct.dlt/.proximity.ProximityBroadcastReceiver: pid=1778 uid=10051 gids={50051, 1015, 3003, 1028}
E/AndroidRuntime( 1778): FATAL EXCEPTION: main
E/AndroidRuntime( 1778): java.lang.NoClassDefFoundError: com.qualcomm.qmapbridge.MapBridgeMapActivity
E/AndroidRuntime( 1778): 	at com.qualcomm.qct.dlt.DLTApplication.initialize(DLTApplication.java:355)
E/AndroidRuntime( 1778): 	at com.qualcomm.qct.dlt.DLTApplication.onCreate(DLTApplication.java:610)
E/AndroidRuntime( 1778): 	at android.app.Instrumentation.callApplicationOnCreate(Instrumentation.java:1007)
E/AndroidRuntime( 1778): 	at android.app.ActivityThread.handleBindApplication(ActivityThread.java:4477)
E/AndroidRuntime( 1778): 	at android.app.ActivityThread.access$1300(ActivityThread.java:144)
E/AndroidRuntime( 1778): 	at android.app.ActivityThread$H.handleMessage(ActivityThread.java:1319)
E/AndroidRuntime( 1778): 	at android.os.Handler.dispatchMessage(Handler.java:99)
E/AndroidRuntime( 1778): 	at android.os.Looper.loop(Looper.java:137)
E/AndroidRuntime( 1778): 	at android.app.ActivityThread.main(ActivityThread.java:5136)
E/AndroidRuntime( 1778): 	at java.lang.reflect.Method.invokeNative(Native Method)
E/AndroidRuntime( 1778): 	at java.lang.reflect.Method.invoke(Method.java:525)
E/AndroidRuntime( 1778): 	at com.android.internal.os.ZygoteInit$MethodAndArgsCaller.run(ZygoteInit.java:737)
E/AndroidRuntime( 1778): 	at com.android.internal.os.ZygoteInit.main(ZygoteInit.java:553)
E/AndroidRuntime( 1778): 	at dalvik.system.NativeStart.main(Native Method)
I/ActivityManager(  817): Notify an ApplicationCrash
W/ContextImpl(  817): Calling a method in the system process without a qualified user: android.app.ContextImpl.sendBroadcast:1053 com.android.server.am.ActivityManagerService.handleApplicationCrashInner:8511 com.android.server.am.ActivityManagerService.handleApplicationCrash:8490 android.app.ActivityManagerNative.onTransact:1211 com.android.server.am.ActivityManagerService.onTransact:1741 
I/PowerManagerService(  817): Going to sleep due to screen timeout...
I/WindowManager(  817): Lock screen displayed!
I/WindowManager(  817): Screenshot max retries 4 of Token{41ff13e8 ActivityRecord{41fcb648 u0 com.lenovo.xlauncher/com.lenovo.launcher.Launcher}} appWin=Window{41ea4348 u0 com.lenovo.xlauncher/com.lenovo.launcher.Launcher} drawState=4
W/WindowManager(  817): Screenshot failure taking screenshot for (480x800) to layer 21005
D/StatusBar.MSimNetworkController(  933): onSignalStrengthsChanged received on subscription :0signalStrength=SignalStrength: 0 0 -120 -160 -120 0 -1 0 2147483647 2147483647 0 0 2147483647 cdma level=0
D/StatusBar.MSimNetworkController(  933): updateTelephonySignalStrength: subscription =0
D/StatusBar.MSimNetworkController(  933): updateTelephonySignalStrength: sub =0
D/StatusBar.MSimNetworkController(  933): updateTelephonySignalStrength: callState =0
D/StatusBar.MSimNetworkController(  933): updateTelephonySignalStrength: sub =1
D/StatusBar.MSimNetworkController(  933): updateTelephonySignalStrength: callState =0
D/StatusBar.MSimNetworkController(  933):  No service
D/StatusBar.MSimNetworkController(  933): refreshViews subscription =0mMSimDataConnected =false
D/StatusBar.MSimNetworkController(  933): refreshViews mMSimDataActivity =0
D/StatusBar.MSimNetworkController(  933): refreshViews connected={ } level=0 mMSimcombinedSignalIconId=0x7f0202eb/com.android.systemui:drawable/stat_sys_signal_null mMSimcombinedActivityIconId=0x0 mAirplaneMode=false mMSimDataActivity=0 mMSimPhoneSignalIconId=0x7f0202eb mMSimDataDirectionIconId=0x0 mMSimDataSignalIconId=0x7f0202eb mMSimDataTypeIconId=0x0 mNoMSimIconId=0x7f02015e mWifiIconId=0x0 mBluetoothTetherIconId=0x1080575
I/ActivityManager(  817): No longer want com.lenovo.lsf (pid 1230): empty #14
I/PackageManager(  817): Adding preferred activity ComponentInfo{com.lenovo.safecenter/com.lenovo.safecenter.defense.fragment.install.UninstallerActivity} for user 0 :
I/PackageManager(  817): Adding preferred activity ComponentInfo{com.lenovo.safecenter/com.lenovo.safecenter.defense.fragment.install.UninstallerActivity} for user 0 :
I/ActivityManager(  817): No longer want com.lenovo.themecenter (pid 1475): empty #14
I/ActivityManager(  817): Start proc com.android.onetimeinitializer for broadcast com.android.onetimeinitializer/.OneTimeInitializerReceiver: pid=1892 uid=10052 gids={50052, 1028}
I/ActivityManager(  817): Start proc com.qualcomm.qualcommsettings for broadcast com.qualcomm.qualcommsettings/.Dun_Autoboot: pid=1907 uid=1000 gids={41000, 3001, 3002, 3003, 1015, 1028, 1023, 1007, 3006}
I/ActivityManager(  817): No longer want com.lenovo.ota (pid 1492): empty #14
W/ContextImpl( 1907): Calling a method in the system process without a qualified user: android.app.ContextImpl.startService:1396 android.content.ContextWrapper.startService:473 android.content.ContextWrapper.startService:473 com.qualcomm.qualcommsettings.Dun_Autoboot.onReceive:57 android.app.ActivityThread.handleReceiver:2427 
W/ContextImpl( 1907): Calling a method in the system process without a qualified user: android.app.ContextImpl.startService:1396 android.content.ContextWrapper.startService:473 android.content.ContextWrapper.startService:473 com.qualcomm.qualcommsettings.Diag_Autoboot.onReceive:45 android.app.ActivityThread.handleReceiver:2427 
I/ActivityManager(  817): Start proc com.android.settings for broadcast com.android.settings/.timerpower.AlarmInitReceiver: pid=1921 uid=1000 gids={41000, 3001, 3002, 3003, 1015, 1028, 1023, 1007, 3006}
I/ActivityManager(  817): No longer want com.android.calendar (pid 1514): empty #14
I/ActivityManager(  817): Start proc com.qualcomm.universaldownload for broadcast com.qualcomm.universaldownload/.BootcompleteReceiver: pid=1934 uid=10068 gids={50068, 3003, 1028}
I/ActivityManager(  817): Start proc com.qualcomm.atfwd for broadcast com.qualcomm.atfwd/.AtFwdAutoboot: pid=1949 uid=1000 gids={41000, 3001, 3002, 3003, 1015, 1028, 1023, 1007, 3006}
I/ActivityManager(  817): Start proc com.qualcomm.atuner for broadcast com.qualcomm.atuner/.ATunerAutoboot: pid=1968 uid=10073 gids={50073, 1028}
I/ActivityManager(  817): No longer want com.android.cellbroadcastreceiver (pid 1550): empty #14
I/ActivityManager(  817): Start proc com.qualcomm.embms for broadcast com.qualcomm.embms/.EmbmsBootReceiver: pid=1992 uid=10074 gids={50074, 3003, 1028}
I/ActivityManager(  817): Start proc com.qualcomm.fastdormancy for broadcast com.qualcomm.fastdormancy/.FastDormancyReceiver: pid=2005 uid=10075 gids={50075, 1028}
I/ActivityManager(  817): No longer want com.android.deskclock (pid 1565): empty #14
W/ActivityManager(  817): Unable to start service Intent { act=com.lenovo.weatherserver.TimeTickService } U=0: not found
I/ActivityManager(  817): Start proc com.lenovo.lsf for broadcast com.lenovo.lsf/.account.service.IDServiceReceiver: pid=2024 uid=10034 gids={50034, 3003, 1015, 1028}
I/ActivityManager(  817): No longer want com.caf.fmradio (pid 1638): empty #14
W/ActivityManager(  817): Unable to start service Intent { act=com.lenovo.safecenter.intent.action.UPDATE_NOTIFICATION (has extras) } U=0: not found
W/ActivityManager(  817): Unable to start service Intent { act=com.lenovo.safecenter.intent.action.UPDATE_NOTIFICATION (has extras) } U=0: not found
I/ActivityManager(  817): Start proc com.lenovo.ota for broadcast com.lenovo.ota/.ui.LenovoOTAReceiver: pid=2041 uid=10037 gids={50037, 1023, 1007, 1015, 2001, 3003, 1028}
I/ActivityManager(  817): Start proc com.android.calendar for broadcast com.android.calendar/.alerts.AlertReceiver: pid=2055 uid=10007 gids={50007, 3003, 1028}
I/ActivityManager(  817): No longer want com.qualcomm.factory (pid 1675): empty #14
I/ActivityManager(  817): No longer want com.android.gallery3d (pid 1154): empty #14
I/ActivityManager(  817): No longer want com.lenovo.lsf.device (pid 1085): empty #14
I/PowerManagerService(  817): Waking up from sleep...
I/WindowManager(  817): Lock screen displayed!
D/PhoneStatusBar(  933): disable: < expand icons alerts ticker system_info BACK* HOME* RECENT CLOCK* search >
W/AppOps  (  817): Finishing op nesting under-run: uid 1000 pkg android code 3 time=0 duration=0 nesting=0
W/AppOps  (  817): Finishing op nesting under-run: uid 1000 pkg android code 3 time=0 duration=0 nesting=0
W/ContextImpl(  817): Calling a method in the system process without a qualified user: android.app.ContextImpl.sendBroadcast:1053 com.android.internal.policy.impl.keyguard.KeyguardViewManager.hide:552 com.android.internal.policy.impl.keyguard.KeyguardViewMediator.handleHide:1349 com.android.internal.policy.impl.keyguard.KeyguardViewMediator.handleKeyguardDone:1208 com.android.internal.policy.impl.keyguard.KeyguardViewMediator.access$2300:104 
I/ActivityManager(  817): Start proc com.lenovo.safecenter:fore for broadcast com.lenovo.safecenter/.update.LesafeUpdaterBroadcastReceiver: pid=2155 uid=10039 gids={50039, 3003, 1015, 3006, 1007, 3001, 3002, 1023, 1028}
D/PhoneStatusBar(  933): disable: < expand icons alerts ticker system_info BACK HOME recent* CLOCK search >
D/PhoneStatusBar(  933): disable: < expand icons alerts ticker system_info back* home* recent clock* search >
I/ActivityManager(  817): No longer want android.process.media (pid 1134): empty #14
I/ActivityManager(  817): Start proc com.lenovo.leos.cloud.sync for broadcast com.lenovo.leos.cloud.sync/.common.auto.FirstNotifyBroadcastReceiver: pid=2177 uid=10040 gids={50040, 3003, 1015, 1023, 1028}
I/ActivityManager(  817): Process com.qualcomm.qct.dlt (pid 1778) has died.
W/ActivityManager(  817): Unable to start service Intent { act=com.lenovo.weatherserver.TimeTickService } U=0: not found
I/ActivityManager(  817): START u0 {act=android.intent.action.MAIN cat=[android.intent.category.LAUNCHER] flg=0x10200000 cmp=com.android.settings/.Settings bnds=[360,339][480,487]} from pid 1053
W/ContextImpl( 1921): Calling a method in the system process without a qualified user: android.app.ContextImpl.bindService:1450 android.content.ContextWrapper.bindService:496 android.bluetooth.BluetoothInputDevice.<init>:251 android.bluetooth.BluetoothAdapter.getProfileProxy:1169 com.android.settings.bluetooth.LocalBluetoothAdapter.getProfileProxy:94 
W/ContextImpl( 1921): Calling a method in the system process without a qualified user: android.app.ContextImpl.bindService:1450 android.content.ContextWrapper.bindService:496 android.bluetooth.BluetoothPan.<init>:141 android.bluetooth.BluetoothAdapter.getProfileProxy:1172 com.android.settings.bluetooth.PanProfile.<init>:73 
W/ContextImpl( 1921): Calling a method in the system process without a qualified user: android.app.ContextImpl.bindService:1450 android.content.ContextWrapper.bindService:496 android.bluetooth.BluetoothSap.<init>:101 android.bluetooth.BluetoothAdapter.getProfileProxy:1175 com.android.settings.bluetooth.SapServerProfile.<init>:81 
W/ContextImpl( 1921): Calling a method in the system process without a qualified user: android.app.ContextImpl.bindService:1450 android.content.ContextWrapper.bindService:496 android.bluetooth.BluetoothPbap.<init>:161 com.android.settings.bluetooth.PbapServerProfile.<init>:68 com.android.settings.bluetooth.LocalBluetoothProfileManager.<init>:143 
D/QcConnectivityService(  817): getMobileDataEnabled returning false
W/ContextImpl( 1921): Calling a method in the system process without a qualified user: android.app.ContextImpl.sendBroadcast:1053 android.content.ContextWrapper.sendBroadcast:344 android.app.Activity.onResume:1107 com.android.settings.Settings.onResume:217 android.app.Instrumentation.callActivityOnResume:1192 
D/QcConnectivityService(  817): getMobileDataEnabled returning false
I/ActivityManager(  817): Killing proc 2177:com.lenovo.leos.cloud.sync/u0a10040: kill background
I/ActivityManager(  817): START u0 {act=android.intent.action.MAIN cmp=com.android.settings/.SubSettings (has extras)} from pid 1921
W/ContextImpl( 1921): Calling a method in the system process without a qualified user: android.app.ContextImpl.sendBroadcast:1053 android.content.ContextWrapper.sendBroadcast:344 android.app.Activity.onResume:1107 com.android.settings.Settings.onResume:217 android.app.Instrumentation.callActivityOnResume:1192 
I/ActivityManager(  817): Process com.lenovo.safecenter:fore (pid 2155) has died.
W/SocketClient(  257): write error (Broken pipe)
I/ActivityManager(  817): No longer want com.hipad.logkit (pid 1190): empty for 1801s
W/ActivityManager(  817): Scheduling restart of crashed service com.hipad.logkit/.LogKitService in 5000ms
I/ActivityManager(  817): Start proc com.hipad.logkit for service com.hipad.logkit/.LogKitService: pid=2481 uid=1000 gids={41000, 3001, 3002, 3003, 1015, 1028, 1023, 1007, 3006}
I/ActivityManager(  817): No longer want com.android.email (pid 1584): empty for 1813s
I/ActivityManager(  817): No longer want com.android.exchange (pid 1606): empty for 1813s
I/ActivityManager(  817): No longer want com.lenovo.ideafriend (pid 1384): empty for 1813s
I/ActivityManager(  817): No longer want com.lenovo.ota (pid 2041): empty for 1813s
I/ActivityManager(  817): No longer want com.qualcomm.simcontacts (pid 1309): empty for 1813s
I/ActivityManager(  817): No longer want com.qualcomm.fastdormancy (pid 2005): empty for 1814s
I/ActivityManager(  817): No longer want com.qualcomm.embms (pid 1992): empty for 1814s
I/ActivityManager(  817): No longer want com.qualcomm.atuner (pid 1968): empty for 1814s
I/ActivityManager(  817): No longer want com.qualcomm.atfwd (pid 1949): empty for 1814s
I/ActivityManager(  817): No longer want com.qualcomm.universaldownload (pid 1934): empty for 1814s
I/ActivityManager(  817): No longer want com.qualcomm.qualcommsettings (pid 1907): empty for 1815s
I/ActivityManager(  817): No longer want com.android.onetimeinitializer (pid 1892): empty for 1815s
W/ActivityManager(  817): Scheduling restart of crashed service com.qualcomm.simcontacts/.SimContactsService in 5000ms
W/ActivityManager(  817): Scheduling restart of crashed service com.qualcomm.qualcommsettings/.DunService in 14994ms
W/ActivityManager(  817): Scheduling restart of crashed service com.qualcomm.qualcommsettings/.DiagService in 24994ms
W/ActivityManager(  817): Scheduling restart of crashed service com.qualcomm.fastdormancy/.FastDormancyService in 34992ms
W/ActivityManager(  817): Scheduling restart of crashed service com.lenovo.ideafriend/.contacts.simcontact.StartSIMService2 in 44980ms
W/ActivityManager(  817): Scheduling restart of crashed service com.lenovo.ideafriend/.utils.contactscache.ContactsCacheSyncService in 54980ms
D/CountryDetector(  817): No listener is left
W/ActivityManager(  817): Scheduling restart of crashed service com.lenovo.ideafriend/.contacts.simcontact.StartSIMService in 64979ms
W/ActivityManager(  817): Scheduling restart of crashed service com.qualcomm.universaldownload/.DownloadService in 74973ms
I/ActivityManager(  817): Start proc com.qualcomm.simcontacts for service com.qualcomm.simcontacts/.SimContactsService: pid=2532 uid=10063 gids={50063, 1028}
I/ActivityManager(  817): No longer want com.android.providers.calendar (pid 1533): empty for 1818s
I/ActivityManager(  817): Start proc com.qualcomm.qualcommsettings for service com.qualcomm.qualcommsettings/.DunService: pid=2561 uid=1000 gids={41000, 3001, 3002, 3003, 1015, 1028, 1023, 1007, 3006}
I/PowerManagerService(  817): Going to sleep due to screen timeout...
W/ContextImpl(  817): Calling a method in the system process without a qualified user: android.app.ContextImpl.sendBroadcast:1053 com.android.internal.policy.impl.keyguard.KeyguardViewManager.show:195 com.android.internal.policy.impl.keyguard.KeyguardViewMediator.handleShow:1313 com.android.internal.policy.impl.keyguard.KeyguardViewMediator.access$1600:104 com.android.internal.policy.impl.keyguard.KeyguardViewMediator$4.handleMessage:1158 
D/PhoneStatusBar(  933): disable: < expand icons alerts ticker system_info back home RECENT* clock search >
D/PhoneStatusBar(  933): disable: < expand icons alerts ticker system_info BACK* HOME* RECENT CLOCK* search >
I/PowerManagerService(  817): Waking up from sleep...
I/EntropyMixer(  817): Writing entropy...
I/ActivityManager(  817): Start proc com.lenovo.lsf.device for broadcast com.lenovo.lsf.device/com.lenovo.lsf.push.receiver.PushReceiver: pid=2632 uid=10031 gids={50031, 3002, 3001, 3003, 1007, 1015, 1028}
I/WindowManager(  817): Lock screen displayed!
W/PowerUI (  933): unknown intent: Intent { act=android.intent.action.ACTION_POWER_CONNECTED flg=0x8000010 }
I/ActivityManager(  817): No longer want com.android.calendar (pid 2055): empty for 1843s
I/ActivityManager(  817): Start proc android.process.media for broadcast com.android.providers.media/.MtpReceiver: pid=2659 uid=10017 gids={50017, 1015, 1023, 1024, 1028, 2001, 3003, 3007}
I/ActivityManager(  817): No longer want com.lenovo.safecenter (pid 1243): empty for 1829s
W/ActivityManager(  817): Scheduling restart of crashed service com.lenovo.safecenter/.permission.services.SafeCenterService in 54219ms
W/ActivityManager(  817): Scheduling restart of crashed service com.lenovo.safecenter/.services.MainService in 54218ms
W/AppOps  (  817): Finishing op nesting under-run: uid 1000 pkg android code 3 time=0 duration=0 nesting=0
W/AppOps  (  817): Finishing op nesting under-run: uid 1000 pkg android code 3 time=0 duration=0 nesting=0
W/ContextImpl(  817): Calling a method in the system process without a qualified user: android.app.ContextImpl.sendBroadcast:1053 com.android.internal.policy.impl.keyguard.KeyguardViewManager.hide:552 com.android.internal.policy.impl.keyguard.KeyguardViewMediator.handleHide:1349 com.android.internal.policy.impl.keyguard.KeyguardViewMediator.handleKeyguardDone:1208 com.android.internal.policy.impl.keyguard.KeyguardViewMediator.access$2300:104 
W/ContextImpl( 1921): Calling a method in the system process without a qualified user: android.app.ContextImpl.sendBroadcast:1053 android.content.ContextWrapper.sendBroadcast:344 android.app.Activity.onResume:1107 com.android.settings.Settings.onResume:217 android.app.Instrumentation.callActivityOnResume:1192 
D/PhoneStatusBar(  933): disable: < expand icons alerts ticker system_info BACK HOME recent* CLOCK search >
I/ActivityManager(  817): Start proc com.lenovo.safecenter:fore for broadcast com.lenovo.safecenter/.update.LesafeUpdaterBroadcastReceiver: pid=2679 uid=10039 gids={50039, 3003, 1015, 3006, 1007, 3001, 3002, 1023, 1028}
W/InputMethodManagerService(  817): Window already focused, ignoring focus gain of: com.android.internal.view.IInputMethodClient$Stub$Proxy@41fd1b60 attribute=android.view.inputmethod.EditorInfo@41fe22c8, token = android.os.BinderProxy@41ee65d0
D/PhoneStatusBar(  933): disable: < expand icons alerts ticker system_info back* home* recent clock* search >
I/ActivityManager(  817): Start proc com.lenovo.safecenter for content provider com.lenovo.safecenter/.providers.SharedPrefsProvider: pid=2696 uid=10039 gids={50039, 3003, 1015, 3006, 1007, 3001, 3002, 1023, 1028}
I/ActivityManager(  817): Start proc com.lenovo.leos.cloud.sync for broadcast com.lenovo.leos.cloud.sync/.common.auto.FirstNotifyBroadcastReceiver: pid=2723 uid=10040 gids={50040, 3003, 1015, 1023, 1028}
W/ActivityManager(  817): Unable to start service Intent { act=com.lenovo.weatherserver.TimeTickService } U=0: not found
I/ActivityManager(  817): Start proc com.qualcomm.fastdormancy for service com.qualcomm.fastdormancy/.FastDormancyService: pid=2810 uid=10075 gids={50075, 1028}
I/ActivityManager(  817): Killing proc 2723:com.lenovo.leos.cloud.sync/u0a10040: kill background
I/ActivityManager(  817): Start proc com.lenovo.ideafriend for service com.lenovo.ideafriend/.contacts.simcontact.StartSIMService2: pid=2824 uid=10076 gids={50076, 3003, 1015, 1023, 1028}
D/CountryDetector(  817): The first listener is added
I/ActivityManager(  817): Process com.lenovo.safecenter:fore (pid 2679) has died.
I/PackageManager(  817): Adding preferred activity ComponentInfo{com.lenovo.safecenter/com.lenovo.safecenter.defense.fragment.install.UninstallerActivity} for user 0 :
I/PackageManager(  817): Adding preferred activity ComponentInfo{com.lenovo.safecenter/com.lenovo.safecenter.defense.fragment.install.UninstallerActivity} for user 0 :
I/ActivityManager(  817): Start proc com.qualcomm.universaldownload for service com.qualcomm.universaldownload/.DownloadService: pid=2896 uid=10068 gids={50068, 3003, 1028}
W/SocketClient(  257): write error (Broken pipe)
W/AppOps  (  817): Finishing op nesting under-run: uid 1000 pkg android code 3 time=0 duration=0 nesting=0
W/AppOps  (  817): Finishing op nesting under-run: uid 1000 pkg android code 3 time=0 duration=0 nesting=0
W/AppOps  (  817): Finishing op nesting under-run: uid 1000 pkg android code 3 time=0 duration=0 nesting=0
W/AppOps  (  817): Finishing op nesting under-run: uid 1000 pkg android code 3 time=0 duration=0 nesting=0
W/AppOps  (  817): Finishing op nesting under-run: uid 1000 pkg android code 3 time=0 duration=0 nesting=0
W/AppOps  (  817): Finishing op nesting under-run: uid 1000 pkg android code 3 time=0 duration=0 nesting=0
W/AppOps  (  817): Finishing op nesting under-run: uid 1000 pkg android code 3 time=0 duration=0 nesting=0
W/AppOps  (  817): Finishing op nesting under-run: uid 1000 pkg android code 3 time=0 duration=0 nesting=0
W/AppOps  (  817): Finishing op nesting under-run: uid 1000 pkg android code 3 time=0 duration=0 nesting=0
W/AppOps  (  817): Finishing op nesting under-run: uid 1000 pkg android code 3 time=0 duration=0 nesting=0
W/AppOps  (  817): Finishing op nesting under-run: uid 1000 pkg android code 3 time=0 duration=0 nesting=0
W/AppOps  (  817): Finishing op nesting under-run: uid 1000 pkg android code 3 time=0 duration=0 nesting=0
W/AppOps  (  817): Finishing op nesting under-run: uid 1000 pkg android code 3 time=0 duration=0 nesting=0
W/AppOps  (  817): Finishing op nesting under-run: uid 1000 pkg android code 3 time=0 duration=0 nesting=0
W/AppOps  (  817): Finishing op nesting under-run: uid 1000 pkg android code 3 time=0 duration=0 nesting=0
W/AppOps  (  817): Finishing op nesting under-run: uid 1000 pkg android code 3 time=0 duration=0 nesting=0
W/AppOps  (  817): Finishing op nesting under-run: uid 1000 pkg android code 3 time=0 duration=0 nesting=0
W/AppOps  (  817): Finishing op nesting under-run: uid 1000 pkg android code 3 time=0 duration=0 nesting=0
W/AppOps  (  817): Finishing op nesting under-run: uid 1000 pkg android code 3 time=0 duration=0 nesting=0
W/AppOps  (  817): Finishing op nesting under-run: uid 1000 pkg android code 3 time=0 duration=0 nesting=0
W/AppOps  (  817): Finishing op nesting under-run: uid 1000 pkg android code 3 time=0 duration=0 nesting=0
W/AppOps  (  817): Finishing op nesting under-run: uid 1000 pkg android code 3 time=0 duration=0 nesting=0
W/AppOps  (  817): Finishing op nesting under-run: uid 1000 pkg android code 3 time=0 duration=0 nesting=0
W/AppOps  (  817): Finishing op nesting under-run: uid 1000 pkg android code 3 time=0 duration=0 nesting=0
W/AppOps  (  817): Finishing op nesting under-run: uid 1000 pkg android code 3 time=0 duration=0 nesting=0
W/AppOps  (  817): Finishing op nesting under-run: uid 1000 pkg android code 3 time=0 duration=0 nesting=0
W/AppOps  (  817): Finishing op nesting under-run: uid 1000 pkg android code 3 time=0 duration=0 nesting=0
W/AppOps  (  817): Finishing op nesting under-run: uid 1000 pkg android code 3 time=0 duration=0 nesting=0
W/AppOps  (  817): Finishing op nesting under-run: uid 1000 pkg android code 3 time=0 duration=0 nesting=0
W/AppOps  (  817): Finishing op nesting under-run: uid 1000 pkg android code 3 time=0 duration=0 nesting=0
V/PanelView(  933): animationTick called with dtms=0; nothing to do (h=565.3434 v=0.0)
V/PanelView(  933): animationTick called with dtms=0; nothing to do (h=370.5368 v=-1638.0001)
W/InputMethodManagerService(  817): Window already focused, ignoring focus gain of: com.android.internal.view.IInputMethodClient$Stub$Proxy@41fd4990 attribute=null, token = android.os.BinderProxy@41ee65d0
V/PanelView(  933): animationTick called with dtms=0; nothing to do (h=176.77902 v=-1234.3008)
W/InputMethodManagerService(  817): Window already focused, ignoring focus gain of: com.android.internal.view.IInputMethodClient$Stub$Proxy@41fe9790 attribute=null, token = android.os.BinderProxy@41ee65d0
W/AppOps  (  817): Finishing op nesting under-run: uid 1000 pkg android code 3 time=0 duration=0 nesting=0
W/AppOps  (  817): Finishing op nesting under-run: uid 1000 pkg android code 3 time=0 duration=0 nesting=0
W/AppOps  (  817): Finishing op nesting under-run: uid 1000 pkg android code 3 time=0 duration=0 nesting=0
W/ContextImpl( 1921): Calling a method in the system process without a qualified user: android.app.ContextImpl.sendBroadcast:1053 android.content.ContextWrapper.sendBroadcast:344 android.app.Activity.onResume:1107 com.android.settings.Settings.onResume:217 android.app.Instrumentation.callActivityOnResume:1192 
W/ActivityManager(  817): Duplicate finish request for ActivityRecord{41d4ba70 u0 com.android.settings/.SubSettings}
W/AppOps  (  817): Finishing op nesting under-run: uid 1000 pkg android code 3 time=0 duration=0 nesting=0
I/ActivityManager(  817): No longer want com.qualcomm.simcontacts (pid 2532): empty for 1825s
I/ActivityManager(  817): No longer want com.hipad.logkit (pid 2481): empty for 1873s
W/ActivityManager(  817): Scheduling restart of crashed service com.hipad.logkit/.LogKitService in 5000ms
W/ActivityManager(  817): Scheduling restart of crashed service com.qualcomm.simcontacts/.SimContactsService in 14998ms
I/ActivityManager(  817): Start proc com.hipad.logkit for service com.hipad.logkit/.LogKitService: pid=3128 uid=1000 gids={41000, 3001, 3002, 3003, 1015, 1028, 1023, 1007, 3006}
I/ActivityManager(  817): No longer want android.process.media (pid 2659): empty for 1804s
I/ActivityManager(  817): No longer want com.lenovo.lsf.device (pid 2632): empty for 1805s
I/ActivityManager(  817): No longer want com.qualcomm.qualcommsettings (pid 2561): empty for 1820s
W/ActivityManager(  817): Scheduling restart of crashed service com.qualcomm.qualcommsettings/.DunService in 19897ms
W/ActivityManager(  817): Scheduling restart of crashed service com.qualcomm.qualcommsettings/.DiagService in 29897ms
I/ActivityManager(  817): Start proc com.qualcomm.simcontacts for service com.qualcomm.simcontacts/.SimContactsService: pid=3160 uid=10063 gids={50063, 1028}
I/ActivityManager(  817): No longer want com.lenovo.safecenter (pid 2696): empty for 1813s
W/ActivityManager(  817): Scheduling restart of crashed service com.lenovo.safecenter/.permission.services.SafeCenterService in 29859ms
W/ActivityManager(  817): Scheduling restart of crashed service com.lenovo.safecenter/.services.MainService in 29859ms
I/ActivityManager(  817): Start proc com.qualcomm.qualcommsettings for service com.qualcomm.qualcommsettings/.DunService: pid=3178 uid=1000 gids={41000, 3001, 3002, 3003, 1015, 1028, 1023, 1007, 3006}
I/ActivityManager(  817): Start proc com.lenovo.safecenter for service com.lenovo.safecenter/.services.MainService: pid=3193 uid=10039 gids={50039, 3003, 1015, 3006, 1007, 3001, 3002, 1023, 1028}
I/ActivityManager(  817): No longer want com.qualcomm.fastdormancy (pid 2810): empty for 1840s
W/ActivityManager(  817): Scheduling restart of crashed service com.qualcomm.fastdormancy/.FastDormancyService in 5000ms
I/ActivityManager(  817): Start proc com.qualcomm.fastdormancy for service com.qualcomm.fastdormancy/.FastDormancyService: pid=3290 uid=10075 gids={50075, 1028}
W/SocketClient(  257): write error (Broken pipe)
I/PackageManager(  817): Adding preferred activity ComponentInfo{com.lenovo.safecenter/com.lenovo.safecenter.defense.fragment.install.UninstallerActivity} for user 0 :
I/PackageManager(  817): Adding preferred activity ComponentInfo{com.lenovo.safecenter/com.lenovo.safecenter.defense.fragment.install.UninstallerActivity} for user 0 :
I/PowerManagerService(  817): Going to sleep due to screen timeout...
W/ContextImpl(  817): Calling a method in the system process without a qualified user: android.app.ContextImpl.sendBroadcast:1053 com.android.internal.policy.impl.keyguard.KeyguardViewManager.show:195 com.android.internal.policy.impl.keyguard.KeyguardViewMediator.handleShow:1313 com.android.internal.policy.impl.keyguard.KeyguardViewMediator.access$1600:104 com.android.internal.policy.impl.keyguard.KeyguardViewMediator$4.handleMessage:1158 
D/PhoneStatusBar(  933): disable: < expand icons alerts ticker system_info back home RECENT* clock search >
D/PhoneStatusBar(  933): disable: < expand icons alerts ticker system_info BACK* HOME* RECENT CLOCK* search >
I/ActivityManager(  817): No longer want com.qualcomm.universaldownload (pid 2896): empty for 3579s
I/ActivityManager(  817): No longer want com.lenovo.ideafriend (pid 2824): empty for 3608s
W/ActivityManager(  817): Scheduling restart of crashed service com.qualcomm.universaldownload/.DownloadService in 5000ms
W/ActivityManager(  817): Scheduling restart of crashed service com.lenovo.ideafriend/.contacts.simcontact.StartSIMService2 in 14931ms
W/ActivityManager(  817): Scheduling restart of crashed service com.lenovo.ideafriend/.utils.contactscache.ContactsCacheSyncService in 24930ms
W/ActivityManager(  817): Scheduling restart of crashed service com.lenovo.ideafriend/.contacts.simcontact.StartSIMService in 34929ms
D/CountryDetector(  817): No listener is left
I/ActivityManager(  817): Start proc com.qualcomm.universaldownload for service com.qualcomm.universaldownload/.DownloadService: pid=3505 uid=10068 gids={50068, 3003, 1028}
I/ActivityManager(  817): No longer want com.hipad.logkit (pid 3128): empty for 1824s
W/ActivityManager(  817): Scheduling restart of crashed service com.hipad.logkit/.LogKitService in 39753ms
I/ActivityManager(  817): Start proc com.lenovo.ideafriend for service com.lenovo.ideafriend/.contacts.simcontact.StartSIMService2: pid=3519 uid=10076 gids={50076, 3003, 1015, 1023, 1028}
D/CountryDetector(  817): The first listener is added
I/ActivityManager(  817): No longer want com.qualcomm.qualcommsettings (pid 3178): empty for 1826s
I/ActivityManager(  817): No longer want com.qualcomm.simcontacts (pid 3160): empty for 1836s
W/ActivityManager(  817): Scheduling restart of crashed service com.qualcomm.simcontacts/.SimContactsService in 5000ms
W/ActivityManager(  817): Scheduling restart of crashed service com.qualcomm.qualcommsettings/.DunService in 27474ms
W/ActivityManager(  817): Scheduling restart of crashed service com.qualcomm.qualcommsettings/.DiagService in 37474ms
I/ActivityManager(  817): Start proc com.qualcomm.simcontacts for service com.qualcomm.simcontacts/.SimContactsService: pid=3614 uid=10063 gids={50063, 1028}
I/ActivityManager(  817): Start proc com.hipad.logkit for service com.hipad.logkit/.LogKitService: pid=3628 uid=1000 gids={41000, 3001, 3002, 3003, 1015, 1028, 1023, 1007, 3006}
I/ActivityManager(  817): Start proc com.qualcomm.qualcommsettings for service com.qualcomm.qualcommsettings/.DunService: pid=3643 uid=1000 gids={41000, 3001, 3002, 3003, 1015, 1028, 1023, 1007, 3006}
I/PowerManagerService(  817): Waking up from sleep...
I/WindowManager(  817): Lock screen displayed!
W/AppOps  (  817): Finishing op nesting under-run: uid 1000 pkg android code 3 time=0 duration=0 nesting=0
W/AppOps  (  817): Finishing op nesting under-run: uid 1000 pkg android code 3 time=0 duration=0 nesting=0
W/ContextImpl(  817): Calling a method in the system process without a qualified user: android.app.ContextImpl.sendBroadcast:1053 com.android.internal.policy.impl.keyguard.KeyguardViewManager.hide:552 com.android.internal.policy.impl.keyguard.KeyguardViewMediator.handleHide:1349 com.android.internal.policy.impl.keyguard.KeyguardViewMediator.handleKeyguardDone:1208 com.android.internal.policy.impl.keyguard.KeyguardViewMediator.access$2300:104 
W/ContextImpl( 1921): Calling a method in the system process without a qualified user: android.app.ContextImpl.sendBroadcast:1053 android.content.ContextWrapper.sendBroadcast:344 android.app.Activity.onResume:1107 com.android.settings.Settings.onResume:217 android.app.Instrumentation.callActivityOnResume:1192 
I/ActivityManager(  817): Start proc com.lenovo.safecenter:fore for broadcast com.lenovo.safecenter/.update.LesafeUpdaterBroadcastReceiver: pid=3712 uid=10039 gids={50039, 3003, 1015, 3006, 1007, 3001, 3002, 1023, 1028}
D/PhoneStatusBar(  933): disable: < expand icons alerts ticker system_info BACK HOME recent* CLOCK search >
W/InputMethodManagerService(  817): Window already focused, ignoring focus gain of: com.android.internal.view.IInputMethodClient$Stub$Proxy@41fb65e0 attribute=android.view.inputmethod.EditorInfo@4239ba08, token = android.os.BinderProxy@41e02308
D/PhoneStatusBar(  933): disable: < expand icons alerts ticker system_info back* home* recent clock* search >
I/ActivityManager(  817): Start proc com.lenovo.leos.cloud.sync for broadcast com.lenovo.leos.cloud.sync/.common.auto.FirstNotifyBroadcastReceiver: pid=3734 uid=10040 gids={50040, 3003, 1015, 1023, 1028}
I/ActivityManager(  817): No longer want com.qualcomm.fastdormancy (pid 3290): empty for 2937s
W/ActivityManager(  817): Scheduling restart of crashed service com.qualcomm.fastdormancy/.FastDormancyService in 5000ms
W/ActivityManager(  817): Unable to start service Intent { act=com.lenovo.weatherserver.TimeTickService } U=0: not found
W/AppOps  (  817): Finishing op nesting under-run: uid 1000 pkg android code 3 time=0 duration=0 nesting=0
W/AppOps  (  817): Finishing op nesting under-run: uid 1000 pkg android code 3 time=0 duration=0 nesting=0
I/ActivityManager(  817): No longer want com.lenovo.lsf (pid 2024): empty for 2882s
I/ActivityManager(  817): Killing proc 3734:com.lenovo.leos.cloud.sync/u0a10040: kill background
I/ActivityManager(  817): START u0 {act=android.intent.action.MAIN cat=[android.intent.category.LAUNCHER] flg=0x10200000 cmp=com.lenovo.ideafriend/.alias.MmsActivity bnds=[120,675][240,800]} from pid 1053
I/ActivityManager(  817): Start proc com.qualcomm.fastdormancy for service com.qualcomm.fastdormancy/.FastDormancyService: pid=3803 uid=10075 gids={50075, 1028}
I/ActivityManager(  817): START u0 {cmp=com.lenovo.ideafriend/.mms.android.ui.ComposeMessageActivity} from pid 3519
W/AppOps  (  817): Finishing op nesting under-run: uid 1000 pkg android code 3 time=0 duration=0 nesting=0
W/AppOps  (  817): Finishing op nesting under-run: uid 1000 pkg android code 3 time=0 duration=0 nesting=0
W/AppOps  (  817): Finishing op nesting under-run: uid 1000 pkg android code 3 time=0 duration=0 nesting=0
W/AppOps  (  817): Finishing op nesting under-run: uid 1000 pkg android code 3 time=0 duration=0 nesting=0
W/AppOps  (  817): Finishing op nesting under-run: uid 1000 pkg android code 3 time=0 duration=0 nesting=0
W/AppOps  (  817): Finishing op nesting under-run: uid 1000 pkg android code 3 time=0 duration=0 nesting=0
I/ActivityManager(  817): moveTaskToBack: 4
W/AppOps  (  817): Finishing op nesting under-run: uid 1000 pkg android code 3 time=0 duration=0 nesting=0
W/AppOps  (  817): Finishing op nesting under-run: uid 1000 pkg android code 3 time=0 duration=0 nesting=0
W/AppOps  (  817): Finishing op nesting under-run: uid 1000 pkg android code 3 time=0 duration=0 nesting=0
W/AppOps  (  817): Finishing op nesting under-run: uid 1000 pkg android code 3 time=0 duration=0 nesting=0
W/AppOps  (  817): Finishing op nesting under-run: uid 1000 pkg android code 3 time=0 duration=0 nesting=0
W/AppOps  (  817): Finishing op nesting under-run: uid 1000 pkg android code 3 time=0 duration=0 nesting=0
W/AppOps  (  817): Finishing op nesting under-run: uid 1000 pkg android code 3 time=0 duration=0 nesting=0
W/AppOps  (  817): Finishing op nesting under-run: uid 1000 pkg android code 3 time=0 duration=0 nesting=0
W/AppOps  (  817): Finishing op nesting under-run: uid 1000 pkg android code 3 time=0 duration=0 nesting=0
W/AppOps  (  817): Finishing op nesting under-run: uid 1000 pkg android code 3 time=0 duration=0 nesting=0
I/ActivityManager(  817): Process com.lenovo.safecenter:fore (pid 3712) has died.
I/ActivityManager(  817): Start proc com.lenovo.lsf.device for broadcast com.lenovo.lsf.device/com.lenovo.lsf.push.receiver.PushReceiver: pid=3911 uid=10031 gids={50031, 3002, 3001, 3003, 1007, 1015, 1028}
I/ActivityManager(  817): Start proc android.process.media for broadcast com.android.providers.media/.MtpReceiver: pid=3937 uid=10017 gids={50017, 1015, 1023, 1024, 1028, 2001, 3003, 3007}
I/ActivityManager(  817): No longer want com.qualcomm.universaldownload (pid 3505): empty for 1822s
W/ActivityManager(  817): Scheduling restart of crashed service com.qualcomm.universaldownload/.DownloadService in 5000ms
I/ActivityManager(  817): Start proc com.qualcomm.universaldownload for service com.qualcomm.universaldownload/.DownloadService: pid=4124 uid=10068 gids={50068, 3003, 1028}
I/ActivityManager(  817): No longer want com.qualcomm.qualcommsettings (pid 3643): empty for 1804s
I/ActivityManager(  817): No longer want com.hipad.logkit (pid 3628): empty for 1814s
I/ActivityManager(  817): No longer want com.qualcomm.simcontacts (pid 3614): empty for 1827s
W/ActivityManager(  817): Scheduling restart of crashed service com.qualcomm.qualcommsettings/.DunService in 5000ms
W/ActivityManager(  817): Scheduling restart of crashed service com.qualcomm.qualcommsettings/.DiagService in 15000ms
W/ActivityManager(  817): Scheduling restart of crashed service com.hipad.logkit/.LogKitService in 25000ms
W/ActivityManager(  817): Scheduling restart of crashed service com.qualcomm.simcontacts/.SimContactsService in 34985ms
I/ActivityManager(  817): Start proc com.qualcomm.qualcommsettings for service com.qualcomm.qualcommsettings/.DunService: pid=4149 uid=1000 gids={41000, 3001, 3002, 3003, 1015, 1028, 1023, 1007, 3006}
I/ActivityManager(  817): Start proc com.hipad.logkit for service com.hipad.logkit/.LogKitService: pid=4181 uid=1000 gids={41000, 3001, 3002, 3003, 1015, 1028, 1023, 1007, 3006}
I/ActivityManager(  817): Start proc com.qualcomm.simcontacts for service com.qualcomm.simcontacts/.SimContactsService: pid=4199 uid=10063 gids={50063, 1028}
I/ActivityManager(  817): No longer want com.lenovo.safecenter (pid 3193): empty for 1835s
I/ActivityManager(  817): No longer want com.android.settings (pid 1921): empty for 1835s
W/ActivityManager(  817): Scheduling restart of crashed service com.lenovo.safecenter/.permission.services.SafeCenterService in 5000ms
W/ActivityManager(  817): Scheduling restart of crashed service com.lenovo.safecenter/.services.MainService in 5000ms
I/ActivityManager(  817): Start proc com.lenovo.safecenter for service com.lenovo.safecenter/.services.MainService: pid=4394 uid=10039 gids={50039, 3003, 1015, 3006, 1007, 3001, 3002, 1023, 1028}
I/PackageManager(  817): Adding preferred activity ComponentInfo{com.lenovo.safecenter/com.lenovo.safecenter.defense.fragment.install.UninstallerActivity} for user 0 :
I/PackageManager(  817): Adding preferred activity ComponentInfo{com.lenovo.safecenter/com.lenovo.safecenter.defense.fragment.install.UninstallerActivity} for user 0 :
I/PowerManagerService(  817): Going to sleep due to screen timeout...
W/ContextImpl(  817): Calling a method in the system process without a qualified user: android.app.ContextImpl.sendBroadcast:1053 com.android.internal.policy.impl.keyguard.KeyguardViewManager.show:195 com.android.internal.policy.impl.keyguard.KeyguardViewMediator.handleShow:1313 com.android.internal.policy.impl.keyguard.KeyguardViewMediator.access$1600:104 com.android.internal.policy.impl.keyguard.KeyguardViewMediator$4.handleMessage:1158 
D/PhoneStatusBar(  933): disable: < expand icons alerts ticker system_info back home RECENT* clock search >
D/PhoneStatusBar(  933): disable: < expand icons alerts ticker system_info BACK* HOME* RECENT CLOCK* search >
W/SocketClient(  257): write error (Broken pipe)
I/PowerManagerService(  817): Waking up from sleep...
I/WindowManager(  817): Lock screen displayed!
I/ActivityManager(  817): Start proc com.android.calendar for broadcast com.android.calendar/.widget.CalendarAppWidgetService$CalendarFactory: pid=4664 uid=10007 gids={50007, 3003, 1028}
I/ActivityManager(  817): No longer want com.qualcomm.fastdormancy (pid 3803): empty for 1877s
I/ActivityManager(  817): Start proc com.android.providers.calendar for content provider com.android.providers.calendar/.CalendarProvider2: pid=4691 uid=10008 gids={50008, 3003, 1015, 1028}
W/ActivityManager(  817): Scheduling restart of crashed service com.qualcomm.fastdormancy/.FastDormancyService in 5000ms
I/ActivityManager(  817): No longer want com.lenovo.lsf.device (pid 3911): empty for 1814s
D/PhoneStatusBar(  933): disable: < expand icons alerts ticker system_info back* home* RECENT clock* search >
V/PanelView(  933): animationTick called with dtms=0; nothing to do (h=715.10614 v=322.72543)
V/PanelView(  933): animationTick called with dtms=-3; nothing to do (h=715.10614 v=322.72543)
I/ActivityManager(  817): Start proc com.qualcomm.fastdormancy for service com.qualcomm.fastdormancy/.FastDormancyService: pid=4744 uid=10075 gids={50075, 1028}
V/PanelView(  933): animationTick called with dtms=0; nothing to do (h=479.40076 v=-1482.7634)
V/PanelView(  933): animationTick called with dtms=-4; nothing to do (h=479.40076 v=-1482.7634)
D/PhoneStatusBar(  933): disable: < expand icons alerts ticker system_info BACK* HOME* RECENT CLOCK* search >
