V/PanelView(  933): animationTick called with dtms=0; nothing to do (h=218.7266 v=1397.0857)
V/PanelView(  933): animationTick called with dtms=-10; nothing to do (h=218.7266 v=1397.0857)
D/PhoneStatusBar(  933): disable: < expand icons alerts ticker system_info back* home* RECENT clock* search >
V/PanelView(  933): animationTick called with dtms=0; nothing to do (h=542.3221 v=-1858.4509)
V/PanelView(  933): animationTick called with dtms=-8; nothing to do (h=542.3221 v=-1858.4509)
D/PhoneStatusBar(  933): disable: < expand icons alerts ticker system_info BACK* HOME* RECENT CLOCK* search >
I/PowerManagerService(  817): Going to sleep due to screen timeout...
I/ActivityManager(  817): Start proc com.lenovo.lsf for broadcast com.lenovo.lsf/.account.service.IDServiceReceiver: pid=4822 uid=10034 gids={50034, 3003, 1015, 1028}
I/ActivityManager(  817): No longer want android.process.media (pid 3937): empty for 1835s
I/PowerManagerService(  817): Waking up from sleep...
I/WindowManager(  817): Lock screen displayed!
I/PowerManagerService(  817): Going to sleep by user request...
I/ActivityManager(  817): Start proc com.qualcomm.calendarwidget for broadcast com.qualcomm.calendarwidget/.CalendarWidget: pid=4936 uid=10009 gids={50009, 1028}
I/ActivityManager(  817): Start proc com.android.lunar for service com.android.lunar/.LunarService: pid=4949 uid=10046 gids={50046, 1028}
I/ActivityManager(  817): Start proc com.lenovo.lsf.device for broadcast com.lenovo.lsf.device/com.lenovo.lsf.upgrade.UpgradeReceiver: pid=4955 uid=10031 gids={50031, 3002, 3001, 3003, 1007, 1015, 1028}
I/ActivityManager(  817): Start proc com.android.inputmethod.latin for broadcast com.android.inputmethod.latin/com.android.inputmethod.dictionarypack.EventHandler: pid=4983 uid=10035 gids={50035, 1015, 1028}
I/ActivityManager(  817): Start proc com.qualcomm.timeservice for broadcast com.qualcomm.timeservice/.TimeServiceBroadcastReceiver: pid=4999 uid=10067 gids={50067, 1028}
W/SocketClient(  257): write error (Broken pipe)
I/fstrim  (  251): Starting fstrim work...
I/fstrim  (  251): Invoking FITRIM ioctl on /data
I/fstrim  (  251): Trimmed 2420576256 bytes on /data
I/fstrim  (  251): Finished fstrim work.
W/ProcessStats(  817): Skipping unknown process pid 5196
W/ProcessStats(  817): Skipping unknown process pid 5197
W/ProcessStats(  817): Skipping unknown process pid 5198
W/ProcessStats(  817): Skipping unknown process pid 5199
W/ProcessStats(  817): Skipping unknown process pid 5200
W/ProcessStats(  817): Skipping unknown process pid 5201
W/ProcessStats(  817): Skipping unknown process pid 5202
W/ProcessStats(  817): Skipping unknown process pid 5203
W/ProcessStats(  817): Skipping unknown process pid 5205
I/PowerManagerService(  817): Waking up from sleep...
I/WindowManager(  817): Lock screen displayed!
I/PowerManagerService(  817): Going to sleep by user request...
I/PowerManagerService(  817): Waking up from sleep...
I/WindowManager(  817): Lock screen displayed!
I/PowerManagerService(  817): Going to sleep due to screen timeout...
W/ProcessStats(  817): Skipping unknown process pid 5524
W/ProcessStats(  817): Skipping unknown process pid 5525
W/ProcessStats(  817): Skipping unknown process pid 5528
W/ProcessStats(  817): Skipping unknown process pid 5529
W/ProcessStats(  817): Skipping unknown process pid 5532
W/ProcessStats(  817): Skipping unknown process pid 5533
W/ProcessStats(  817): Skipping unknown process pid 5535
W/SocketClient(  257): write error (Broken pipe)
W/SocketClient(  257): write error (Broken pipe)
W/SocketClient(  257): write error (Broken pipe)
W/SocketClient(  257): write error (Broken pipe)
W/SocketClient(  257): write error (Broken pipe)
W/SocketClient(  257): write error (Broken pipe)
W/SocketClient(  257): write error (Broken pipe)
W/SocketClient(  257): write error (Broken pipe)
W/SocketClient(  257): write error (Broken pipe)
W/SocketClient(  257): write error (Broken pipe)
W/SocketClient(  257): write error (Broken pipe)
W/SocketClient(  257): write error (Broken pipe)
W/SocketClient(  257): write error (Broken pipe)
W/SocketClient(  257): write error (Broken pipe)
--------- beginning of /dev/log/main
D/LenovoWeatherApp( 1452): CommonReceiver action=com.lenovo.weather.action.TIME_TICK
D/LenovoWeatherApp( 1452): WeatherWidget action = com.lenovo.weather.action.TIME_TICK
W/Parcel  (  817): Attempt to read object from Parcel 0x62fbb73c at offset 68 that is not in the object list
E/Parcel  (  817): Reading a NULL string not supported here.
W/Parcel  (  817): Attempt to read object from Parcel 0x643de73c at offset 68 that is not in the object list
E/Parcel  (  817): Reading a NULL string not supported here.
D/LenovoWeatherApp( 1452): UpdateAppWidgetService ids.length = 1
D/LenovoWeatherApp( 1452): UpdateAppWidgetService update normal mIsAnim:1
V/LenovoWeatherApp( 1452): layoutId:0
V/LenovoWeatherApp( 1452): themeCenter:false
D/LenovoWeatherApp( 1452): UpdateAppWidgetService update end
D/LenovoWeatherApp( 1452): TimeTickService action = android.intent.action.TIME_TICK
D/LenovoWeatherApp( 1452): CommonReceiver action=com.lenovo.weather.action.TIME_TICK
D/LenovoWeatherApp( 1452): WeatherWidget action = com.lenovo.weather.action.TIME_TICK
W/Parcel  (  817): Attempt to read object from Parcel 0xbe9cac84 at offset 68 that is not in the object list
E/Parcel  (  817): Reading a NULL string not supported here.
W/Parcel  (  817): Attempt to read object from Parcel 0x6257f73c at offset 68 that is not in the object list
E/Parcel  (  817): Reading a NULL string not supported here.
D/LenovoWeatherApp( 1452): UpdateAppWidgetService ids.length = 1
D/LenovoWeatherApp( 1452): UpdateAppWidgetService update normal mIsAnim:1
V/LenovoWeatherApp( 1452): layoutId:0
V/LenovoWeatherApp( 1452): themeCenter:false
D/LenovoWeatherApp( 1452): UpdateAppWidgetService update end
D/LenovoWeatherApp( 1452): TimeTickService action = android.intent.action.TIME_TICK
D/LenovoWeatherApp( 1452): CommonReceiver action=com.lenovo.weather.action.TIME_TICK
D/LenovoWeatherApp( 1452): WeatherWidget action = com.lenovo.weather.action.TIME_TICK
W/Parcel  (  817): Attempt to read object from Parcel 0xbe9cac84 at offset 68 that is not in the object list
E/Parcel  (  817): Reading a NULL string not supported here.
W/Parcel  (  817): Attempt to read object from Parcel 0x6257f73c at offset 68 that is not in the object list
E/Parcel  (  817): Reading a NULL string not supported here.
D/LenovoWeatherApp( 1452): UpdateAppWidgetService ids.length = 1
D/LenovoWeatherApp( 1452): UpdateAppWidgetService update normal mIsAnim:1
V/LenovoWeatherApp( 1452): layoutId:0
V/LenovoWeatherApp( 1452): themeCenter:false
D/IBINDER_HOOK_SYSTEM(  817): ------- request_type=31,uid =10007
D/LenovoWeatherApp( 1452): UpdateAppWidgetService update end
D/LenovoWeatherApp( 1452): TimeTickService action = android.intent.action.TIME_TICK
D/LenovoWeatherApp( 1452): CommonReceiver action=com.lenovo.weather.action.TIME_TICK
D/LenovoWeatherApp( 1452): WeatherWidget action = com.lenovo.weather.action.TIME_TICK
W/Parcel  (  817): Attempt to read object from Parcel 0x6291873c at offset 68 that is not in the object list
E/Parcel  (  817): Reading a NULL string not supported here.
D/LenovoWeatherApp( 1452): UpdateAppWidgetService ids.length = 1
D/LenovoWeatherApp( 1452): UpdateAppWidgetService update normal mIsAnim:1
V/LenovoWeatherApp( 1452): layoutId:0
V/LenovoWeatherApp( 1452): themeCenter:false
D/dalvikvm(  817): GC_CONCURRENT freed 1992K, 19% free 14673K/18052K, paused 5ms+7ms, total 73ms
D/LenovoWeatherApp( 1452): UpdateAppWidgetService update end
W/Parcel  (  817): Attempt to read object from Parcel 0x5d1f473c at offset 68 that is not in the object list
E/Parcel  (  817): Reading a NULL string not supported here.
D/LenovoWeatherApp( 1452): TimeTickService action = android.intent.action.TIME_TICK
D/LenovoWeatherApp( 1452): CommonReceiver action=com.lenovo.weather.action.TIME_TICK
D/LenovoWeatherApp( 1452): WeatherWidget action = com.lenovo.weather.action.TIME_TICK
W/Parcel  (  817): Attempt to read object from Parcel 0x644de73c at offset 68 that is not in the object list
E/Parcel  (  817): Reading a NULL string not supported here.
D/LenovoWeatherApp( 1452): UpdateAppWidgetService ids.length = 1
D/LenovoWeatherApp( 1452): UpdateAppWidgetService update normal mIsAnim:1
V/LenovoWeatherApp( 1452): layoutId:0
V/LenovoWeatherApp( 1452): themeCenter:false
D/LenovoWeatherApp( 1452): UpdateAppWidgetService update end
W/Parcel  (  817): Attempt to read object from Parcel 0x62fbb73c at offset 68 that is not in the object list
E/Parcel  (  817): Reading a NULL string not supported here.
D/LenovoWeatherApp( 1452): TimeTickService action = android.intent.action.TIME_TICK
D/LenovoWeatherApp( 1452): CommonReceiver action=com.lenovo.weather.action.TIME_TICK
D/LenovoWeatherApp( 1452): WeatherWidget action = com.lenovo.weather.action.TIME_TICK
W/Parcel  (  817): Attempt to read object from Parcel 0x5d0f473c at offset 68 that is not in the object list
E/Parcel  (  817): Reading a NULL string not supported here.
W/Parcel  (  817): Attempt to read object from Parcel 0x643de73c at offset 68 that is not in the object list
E/Parcel  (  817): Reading a NULL string not supported here.
D/LenovoWeatherApp( 1452): UpdateAppWidgetService ids.length = 1
D/LenovoWeatherApp( 1452): UpdateAppWidgetService update normal mIsAnim:1
V/LenovoWeatherApp( 1452): layoutId:0
V/LenovoWeatherApp( 1452): themeCenter:false
D/LenovoWeatherApp( 1452): UpdateAppWidgetService update end
D/LenovoWeatherApp( 1452): TimeTickService action = android.intent.action.TIME_TICK
D/CallerInfoCacheUpdateReceiver( 1015): CallerInfoCacheUpdateReceiver#onReceive(). Intent: Intent { act=com.android.phone.UPDATE_CALLER_INFO_CACHE flg=0x14 cmp=com.android.phone/.CallerInfoCacheUpdateReceiver (has extras) }
D/CallerInfoCache( 1015): startAsyncCache
W/CallerInfoCache( 1015): Previous cache task is remaining.
D/CallerInfoCache( 1015): Start refreshing cache.
D/LenovoWeatherApp( 1452): CommonReceiver action=com.lenovo.weather.action.TIME_TICK
D/LenovoWeatherApp( 1452): WeatherWidget action = com.lenovo.weather.action.TIME_TICK
W/Parcel  (  817): Attempt to read object from Parcel 0x641de73c at offset 68 that is not in the object list
E/Parcel  (  817): Reading a NULL string not supported here.
D/ContactsProvider( 1030): revised match: 3011
D/ContactsProvider( 1030): ContactsProvider query:uri=content://com.android.contacts/data/callables,selection=((custom_ringtone IS NOT NULL OR send_to_voicemail=1) AND data1 IS NOT NULL),selectionArgs=null,sortOrder=null,directoryId=-1,match=3011
D/LenovoWeatherApp( 1452): UpdateAppWidgetService ids.length = 1
D/LenovoWeatherApp( 1452): UpdateAppWidgetService update normal mIsAnim:1
D/ContactsProvider( 1030): ContactsProvider query finished
V/LenovoWeatherApp( 1452): layoutId:0
V/LenovoWeatherApp( 1452): themeCenter:false
D/CallerInfoCache( 1015): Caching entries are done. Total: 0
D/LenovoWeatherApp( 1452): UpdateAppWidgetService update end
W/Parcel  (  817): Attempt to read object from Parcel 0xbe9cac84 at offset 68 that is not in the object list
E/Parcel  (  817): Reading a NULL string not supported here.
D/LenovoWeatherApp( 1452): TimeTickService action = android.intent.action.TIME_TICK
D/LenovoWeatherApp( 1452): CommonReceiver action=com.lenovo.weather.action.TIME_TICK
D/LenovoWeatherApp( 1452): WeatherWidget action = com.lenovo.weather.action.TIME_TICK
W/Parcel  (  817): Attempt to read object from Parcel 0x6257f73c at offset 68 that is not in the object list
E/Parcel  (  817): Reading a NULL string not supported here.
D/LenovoWeatherApp( 1452): UpdateAppWidgetService ids.length = 1
D/LenovoWeatherApp( 1452): UpdateAppWidgetService update normal mIsAnim:1
V/LenovoWeatherApp( 1452): layoutId:0
V/LenovoWeatherApp( 1452): themeCenter:false
D/LenovoWeatherApp( 1452): UpdateAppWidgetService update end
W/Parcel  (  817): Attempt to read object from Parcel 0x6144673c at offset 68 that is not in the object list
E/Parcel  (  817): Reading a NULL string not supported here.
D/LenovoWeatherApp( 1452): TimeTickService action = android.intent.action.TIME_TICK
D/LenovoWeatherApp( 1452): CommonReceiver action=com.lenovo.weather.action.TIME_TICK
D/LenovoWeatherApp( 1452): WeatherWidget action = com.lenovo.weather.action.TIME_TICK
W/Parcel  (  817): Attempt to read object from Parcel 0x642de73c at offset 68 that is not in the object list
E/Parcel  (  817): Reading a NULL string not supported here.
D/LenovoWeatherApp( 1452): UpdateAppWidgetService ids.length = 1
D/LenovoWeatherApp( 1452): UpdateAppWidgetService update normal mIsAnim:1
V/LenovoWeatherApp( 1452): layoutId:0
V/LenovoWeatherApp( 1452): themeCenter:false
D/LenovoWeatherApp( 1452): UpdateAppWidgetService update end
W/Parcel  (  817): Attempt to read object from Parcel 0x5d1f473c at offset 68 that is not in the object list
E/Parcel  (  817): Reading a NULL string not supported here.
D/LenovoWeatherApp( 1452): TimeTickService action = android.intent.action.TIME_TICK
D/LenovoWeatherApp( 1452): CommonReceiver action=com.lenovo.weather.action.TIME_TICK
D/LenovoWeatherApp( 1452): WeatherWidget action = com.lenovo.weather.action.TIME_TICK
W/Parcel  (  817): Attempt to read object from Parcel 0x644de73c at offset 68 that is not in the object list
E/Parcel  (  817): Reading a NULL string not supported here.
D/LenovoWeatherApp( 1452): UpdateAppWidgetService ids.length = 1
D/LenovoWeatherApp( 1452): UpdateAppWidgetService update normal mIsAnim:1
V/LenovoWeatherApp( 1452): layoutId:0
V/LenovoWeatherApp( 1452): themeCenter:false
D/LenovoWeatherApp( 1452): UpdateAppWidgetService update end
W/Parcel  (  817): Attempt to read object from Parcel 0x6376073c at offset 68 that is not in the object list
E/Parcel  (  817): Reading a NULL string not supported here.
D/IBINDER_HOOK_SYSTEM(  817): ------- request_type=49,uid =10008
D/LenovoWeatherApp( 1452): TimeTickService action = android.intent.action.TIME_TICK
D/LenovoWeatherApp( 1452): CommonReceiver action=com.lenovo.weather.action.TIME_TICK
D/LenovoWeatherApp( 1452): WeatherWidget action = com.lenovo.weather.action.TIME_TICK
W/Parcel  (  817): Attempt to read object from Parcel 0x642de73c at offset 68 that is not in the object list
E/Parcel  (  817): Reading a NULL string not supported here.
W/Parcel  (  817): Attempt to read object from Parcel 0xbe9cac84 at offset 68 that is not in the object list
E/Parcel  (  817): Reading a NULL string not supported here.
D/LenovoWeatherApp( 1452): UpdateAppWidgetService ids.length = 1
D/LenovoWeatherApp( 1452): UpdateAppWidgetService update normal mIsAnim:1
V/LenovoWeatherApp( 1452): layoutId:0
I/Choreographer(  817): Skipped 35 frames!  The application may be doing too much work on its main thread.
V/LenovoWeatherApp( 1452): themeCenter:false
D/LenovoWeatherApp( 1452): UpdateAppWidgetService update end
D/IBINDER_HOOK_SYSTEM(  817): ------- request_type=49,uid =10008
W/Parcel  (  817): Attempt to read object from Parcel 0x5d0f473c at offset 68 that is not in the object list
D/LenovoWeatherApp( 1452): TimeTickService action = android.intent.action.TIME_TICK
D/LenovoWeatherApp( 1452): CommonReceiver action=com.lenovo.weather.action.TIME_TICK
D/LenovoWeatherApp( 1452): WeatherWidget action = com.lenovo.weather.action.TIME_TICK
W/Parcel  (  817): Attempt to read object from Parcel 0x62fbb73c at offset 68 that is not in the object list
E/Parcel  (  817): Reading a NULL string not supported here.
W/Parcel  (  817): Attempt to read object from Parcel 0x643de73c at offset 68 that is not in the object list
E/Parcel  (  817): Reading a NULL string not supported here.
D/LenovoWeatherApp( 1452): UpdateAppWidgetService ids.length = 1
D/LenovoWeatherApp( 1452): UpdateAppWidgetService update normal mIsAnim:1
V/LenovoWeatherApp( 1452): layoutId:0
V/LenovoWeatherApp( 1452): themeCenter:false
D/LenovoWeatherApp( 1452): UpdateAppWidgetService update end
D/LenovoWeatherApp( 1452): TimeTickService action = android.intent.action.TIME_TICK
D/LenovoWeatherApp( 1452): CommonReceiver action=com.lenovo.weather.action.TIME_TICK
D/LenovoWeatherApp( 1452): WeatherWidget action = com.lenovo.weather.action.TIME_TICK
W/Parcel  (  817): Attempt to read object from Parcel 0x6134673c at offset 68 that is not in the object list
E/Parcel  (  817): Reading a NULL string not supported here.
W/Parcel  (  817): Attempt to read object from Parcel 0x6376073c at offset 68 that is not in the object list
E/Parcel  (  817): Reading a NULL string not supported here.
D/LenovoWeatherApp( 1452): UpdateAppWidgetService ids.length = 1
D/LenovoWeatherApp( 1452): UpdateAppWidgetService update normal mIsAnim:1
V/LenovoWeatherApp( 1452): layoutId:0
V/LenovoWeatherApp( 1452): themeCenter:false
D/LenovoWeatherApp( 1452): UpdateAppWidgetService update end
D/LenovoWeatherApp( 1452): TimeTickService action = android.intent.action.TIME_TICK
D/LenovoWeatherApp( 1452): CommonReceiver action=com.lenovo.weather.action.TIME_TICK
D/LenovoWeatherApp( 1452): WeatherWidget action = com.lenovo.weather.action.TIME_TICK
W/Parcel  (  817): Attempt to read object from Parcel 0x5d0f473c at offset 68 that is not in the object list
E/Parcel  (  817): Reading a NULL string not supported here.
D/LenovoWeatherApp( 1452): UpdateAppWidgetService ids.length = 1
D/LenovoWeatherApp( 1452): UpdateAppWidgetService update normal mIsAnim:1
V/LenovoWeatherApp( 1452): layoutId:0
V/LenovoWeatherApp( 1452): themeCenter:false
D/LenovoWeatherApp( 1452): UpdateAppWidgetService update end
W/Parcel  (  817): Attempt to read object from Parcel 0x645de73c at offset 68 that is not in the object list
E/Parcel  (  817): Reading a NULL string not supported here.
D/AlarmManagerService(  817): Kernel timezone updated to -480 minutes west of GMT
D/IBINDER_HOOK_SYSTEM(  817): ------- request_type=31,uid =10007
W/Parcel  (  817): Attempt to read object from Parcel 0x6134673c at offset 68 that is not in the object list
D/IBINDER_HOOK_SYSTEM(  817): ------- request_type=31,uid =10009
D/TimeService( 4999): Receivedandroid.intent.action.DATE_CHANGED intent. Current Time is 1389413166491
D/        ( 4999): TimeServiceNative: User Time to be set is 1389413166491
D/QC-time-services( 4999): Lib:time_genoff_operation: pargs->base = 2
D/QC-time-services( 4999): Lib:time_genoff_operation: pargs->operation = 0
D/QC-time-services( 4999): Lib:time_genoff_operation: pargs->ts_val = 1389413166491
D/QC-time-services(  378): Daemon: Connection accepted:time_genoff
D/QC-time-services(  378): Daemon:Received base = 2, unit = 1, operation = 0,value = 1389413166491
D/QC-time-services(  378): Daemon:genoff_opr: Base = 2, val = 1389413166491, operation = 0
D/QC-time-services(  378): Daemon:rtc_get: Time read from RTC -- MM/DD/YY HH:MM:SS1/15/70 14:15:29
D/QC-time-services(  378): Daemon:Value read from RTC seconds = 3939329000
D/QC-time-services(  378): Daemon:new time 1389413166491 
D/QC-time-services(  378): Daemon: delta 1385473837491 genoff 1385473837491 
D/QC-time-services(  378): Daemon:genoff_persistent_update: Writing genoff = 1385473837491 to memory
D/QC-time-services(  378): Daemon:Opening File: /data/time/ats_2
D/QC-time-services(  378): Daemon:time_persistent_memory_opr:Genoff write operation 
D/QC-time-services( 4999): Lib:time_genoff_operation: Send to server  passed!!
D/QC-time-services(  378): Updating the TOD offset
D/QC-time-services(  378): Daemon:genoff_persistent_update: Writing genoff = 1385473837491 to memory
D/QC-time-services(  378): Daemon:Opening File: /data/time/ats_1
D/QC-time-services(  378): Daemon:time_persistent_memory_opr:Genoff write operation 
E/QC-time-services(  378): Daemon:Update to modem bit set
D/QC-time-services(  378): Daemon:genoff_send_modem: Sending data to MODEM !
D/QC-time-services(  378): Daemon: Base = 2, Value being sent to MODEM = 1073448366491
E/QC-time-services( 4999): Receive Passed == base = 2, unit = 1, operation = 0, result = 0
E/QC-time-services(  378): Daemon:tod_update_ind_cb: Got Update from modem msg_id 40
E/QC-time-services(  378): Daemon: Time-services: Waiting to acceptconnection
I/Mms/WapPush( 3519): onReceiveTimeChange
I/Mms/WapPush( 3519): onTimeChanged
D/LenovoWeatherApp( 1452): TimeTickService action = android.intent.action.TIME_TICK
W/EventLoader( 4936): get the event cursor is null or it's count is 0
D/CallerInfoCacheUpdateReceiver( 1015): CallerInfoCacheUpdateReceiver#onReceive(). Intent: Intent { act=com.android.phone.UPDATE_CALLER_INFO_CACHE flg=0x14 cmp=com.android.phone/.CallerInfoCacheUpdateReceiver (has extras) }
D/CallerInfoCache( 1015): startAsyncCache
W/CallerInfoCache( 1015): Previous cache task is remaining.
D/CallerInfoCache( 1015): Start refreshing cache.
D/LenovoWeatherApp( 1452): CommonReceiver action=com.lenovo.weather.action.TIME_TICK
D/LenovoWeatherApp( 1452): WeatherWidget action = com.lenovo.weather.action.TIME_TICK
W/Parcel  (  817): Attempt to read object from Parcel 0x642de73c at offset 68 that is not in the object list
E/Parcel  (  817): Reading a NULL string not supported here.
D/ContactsProvider( 1030): revised match: 3011
D/ContactsProvider( 1030): ContactsProvider query:uri=content://com.android.contacts/data/callables,selection=((custom_ringtone IS NOT NULL OR send_to_voicemail=1) AND data1 IS NOT NULL),selectionArgs=null,sortOrder=null,directoryId=-1,match=3011
D/ContactsProvider( 1030): ContactsProvider query finished
W/Parcel  (  817): Attempt to read object from Parcel 0x6134673c at offset 68 that is not in the object list
E/Parcel  (  817): Reading a NULL string not supported here.
D/LenovoWeatherApp( 1452): UpdateAppWidgetService ids.length = 1
D/CallerInfoCache( 1015): Caching entries are done. Total: 0
D/LenovoWeatherApp( 1452): UpdateAppWidgetService update normal mIsAnim:1
V/LenovoWeatherApp( 1452): layoutId:0
V/LenovoWeatherApp( 1452): themeCenter:false
I/rmt_storage(  386): rmt_storage_connect_cb: clnt_h=0x10 conn_h=0xb87238b0
I/rmt_storage(  386): rmt_storage_rw_iovec_cb: /boot/modem_fs2: clnt_h=0x2: req_h=0x14 msg_id=3: R/W request received
I/rmt_storage(  386): wakelock acquired: 1, error no: 42
I/rmt_storage(  386): rmt_storage_client_thread: /boot/modem_fs2: clnt_h=0x2 Unblock worker thread (th_id: -1200473744)
D/IBINDER_HOOK_UTILS( 1015): ioctl not change
D/IBINDER_HOOK_UTILS( 1030): ioctl not change
D/IBINDER_HOOK_UTILS(  817): ioctl not change
D/LenovoWeatherApp( 1452): UpdateAppWidgetService update end
D/LenovoWeatherApp( 1452): TimeTickService action = android.intent.action.TIME_TICK
D/LenovoWeatherApp( 1452): CommonReceiver action=com.lenovo.weather.action.TIME_TICK
D/LenovoWeatherApp( 1452): WeatherWidget action = com.lenovo.weather.action.TIME_TICK
W/Parcel  (  817): Attempt to read object from Parcel 0x5d0f473c at offset 68 that is not in the object list
E/Parcel  (  817): Reading a NULL string not supported here.
D/dalvikvm( 1452): GC_CONCURRENT freed 1936K, 24% free 6368K/8348K, paused 5ms+13ms, total 140ms
D/LenovoWeatherApp( 1452): UpdateAppWidgetService ids.length = 1
I/rmt_storage(  386): rmt_storage_client_thread: /boot/modem_fs2: clnt_h=0x2: req_h=0x14 msg_id=3: Bytes written = 1572864
I/rmt_storage(  386): rmt_storage_client_thread: /boot/modem_fs2: clnt_h=0x2: req_h=0x14 msg_id=3: Send response: res=0 err=0
I/rmt_storage(  386): rmt_storage_client_thread: /boot/modem_fs2: clnt_h=0x2 About to block rmt_storage client thread (th_id: -1200473744) wakelock released: 1, error no: 0
I/rmt_storage(  386): 
I/rmt_storage(  386): rmt_storage_disconnect_cb: clnt_h=0x0x10 conn_h=0x0xb87238b0
D/LenovoWeatherApp( 1452): UpdateAppWidgetService update normal mIsAnim:1
V/LenovoWeatherApp( 1452): layoutId:0
V/LenovoWeatherApp( 1452): themeCenter:false
D/LenovoWeatherApp( 1452): UpdateAppWidgetService update end
W/Parcel  (  817): Attempt to read object from Parcel 0x5d1f473c at offset 68 that is not in the object list
E/Parcel  (  817): Reading a NULL string not supported here.
D/LenovoWeatherApp( 1452): TimeTickService action = android.intent.action.TIME_TICK
D/LenovoWeatherApp( 1452): CommonReceiver action=com.lenovo.weather.action.TIME_TICK
D/LenovoWeatherApp( 1452): WeatherWidget action = com.lenovo.weather.action.TIME_TICK
W/Parcel  (  817): Attempt to read object from Parcel 0x6134673c at offset 68 that is not in the object list
E/Parcel  (  817): Reading a NULL string not supported here.
W/Parcel  (  817): Attempt to read object from Parcel 0x641de73c at offset 68 that is not in the object list
E/Parcel  (  817): Reading a NULL string not supported here.
D/LenovoWeatherApp( 1452): UpdateAppWidgetService ids.length = 1
D/LenovoWeatherApp( 1452): UpdateAppWidgetService update normal mIsAnim:1
V/LenovoWeatherApp( 1452): layoutId:0
V/LenovoWeatherApp( 1452): themeCenter:false
D/LenovoWeatherApp( 1452): UpdateAppWidgetService update end
D/LenovoWeatherApp( 1452): TimeTickService action = android.intent.action.TIME_TICK
D/LenovoWeatherApp( 1452): CommonReceiver action=com.lenovo.weather.action.TIME_TICK
D/LenovoWeatherApp( 1452): WeatherWidget action = com.lenovo.weather.action.TIME_TICK
W/Parcel  (  817): Attempt to read object from Parcel 0x5d1f473c at offset 68 that is not in the object list
E/Parcel  (  817): Reading a NULL string not supported here.
D/LenovoWeatherApp( 1452): UpdateAppWidgetService ids.length = 1
D/LenovoWeatherApp( 1452): UpdateAppWidgetService update normal mIsAnim:1
V/LenovoWeatherApp( 1452): layoutId:0
V/LenovoWeatherApp( 1452): themeCenter:false
D/LenovoWeatherApp( 1452): UpdateAppWidgetService update end
W/Parcel  (  817): Attempt to read object from Parcel 0x6376073c at offset 68 that is not in the object list
E/Parcel  (  817): Reading a NULL string not supported here.
D/LenovoWeatherApp( 1452): TimeTickService action = android.intent.action.TIME_TICK
D/LenovoWeatherApp( 1452): CommonReceiver action=com.lenovo.weather.action.TIME_TICK
D/LenovoWeatherApp( 1452): WeatherWidget action = com.lenovo.weather.action.TIME_TICK
W/Parcel  (  817): Attempt to read object from Parcel 0xbe9cac84 at offset 68 that is not in the object list
E/Parcel  (  817): Reading a NULL string not supported here.
W/Parcel  (  817): Attempt to read object from Parcel 0x6257f73c at offset 68 that is not in the object list
E/Parcel  (  817): Reading a NULL string not supported here.
D/LenovoWeatherApp( 1452): UpdateAppWidgetService ids.length = 1
D/LenovoWeatherApp( 1452): UpdateAppWidgetService update normal mIsAnim:1
V/LenovoWeatherApp( 1452): layoutId:0
V/LenovoWeatherApp( 1452): themeCenter:false
D/LenovoWeatherApp( 1452): UpdateAppWidgetService update end
D/LenovoWeatherApp( 1452): TimeTickService action = android.intent.action.TIME_TICK
D/LenovoWeatherApp( 1452): CommonReceiver action=com.lenovo.weather.action.TIME_TICK
D/LenovoWeatherApp( 1452): WeatherWidget action = com.lenovo.weather.action.TIME_TICK
W/Parcel  (  817): Attempt to read object from Parcel 0x5d1f473c at offset 68 that is not in the object list
E/Parcel  (  817): Reading a NULL string not supported here.
D/LenovoWeatherApp( 1452): UpdateAppWidgetService ids.length = 1
D/LenovoWeatherApp( 1452): UpdateAppWidgetService update normal mIsAnim:1
V/LenovoWeatherApp( 1452): layoutId:0
V/LenovoWeatherApp( 1452): themeCenter:false
D/LenovoWeatherApp( 1452): UpdateAppWidgetService update end
W/Parcel  (  817): Attempt to read object from Parcel 0x6376073c at offset 68 that is not in the object list
E/Parcel  (  817): Reading a NULL string not supported here.
D/LenovoWeatherApp( 1452): TimeTickService action = android.intent.action.TIME_TICK
D/LenovoWeatherApp( 1452): CommonReceiver action=com.lenovo.weather.action.TIME_TICK
I/Choreographer(  817): Skipped 33 frames!  The application may be doing too much work on its main thread.
D/LenovoWeatherApp( 1452): WeatherWidget action = com.lenovo.weather.action.TIME_TICK
W/Parcel  (  817): Attempt to read object from Parcel 0x6291873c at offset 68 that is not in the object list
E/Parcel  (  817): Reading a NULL string not supported here.
W/Parcel  (  817): Attempt to read object from Parcel 0x5d0f473c at offset 68 that is not in the object list
E/Parcel  (  817): Reading a NULL string not supported here.
D/LenovoWeatherApp( 1452): UpdateAppWidgetService ids.length = 1
D/LenovoWeatherApp( 1452): UpdateAppWidgetService update normal mIsAnim:1
V/LenovoWeatherApp( 1452): layoutId:0
V/LenovoWeatherApp( 1452): themeCenter:false
D/LenovoWeatherApp( 1452): UpdateAppWidgetService update end
D/LenovoWeatherApp( 1452): TimeTickService action = android.intent.action.TIME_TICK
W/SocketClient(  257): write error (Broken pipe)
D/LenovoWeatherApp( 1452): CommonReceiver action=com.lenovo.weather.action.TIME_TICK
D/LenovoWeatherApp( 1452): WeatherWidget action = com.lenovo.weather.action.TIME_TICK
W/Parcel  (  817): Attempt to read object from Parcel 0x644de73c at offset 68 that is not in the object list
E/Parcel  (  817): Reading a NULL string not supported here.
W/Parcel  (  817): Attempt to read object from Parcel 0x6257f73c at offset 68 that is not in the object list
E/Parcel  (  817): Reading a NULL string not supported here.
D/LenovoWeatherApp( 1452): UpdateAppWidgetService ids.length = 1
D/LenovoWeatherApp( 1452): UpdateAppWidgetService update normal mIsAnim:1
V/LenovoWeatherApp( 1452): layoutId:0
V/LenovoWeatherApp( 1452): themeCenter:false
D/LenovoWeatherApp( 1452): UpdateAppWidgetService update end
D/LenovoWeatherApp( 1452): TimeTickService action = android.intent.action.TIME_TICK
D/LenovoWeatherApp( 1452): CommonReceiver action=com.lenovo.weather.action.TIME_TICK
D/LenovoWeatherApp( 1452): WeatherWidget action = com.lenovo.weather.action.TIME_TICK
W/Parcel  (  817): Attempt to read object from Parcel 0x6376073c at offset 68 that is not in the object list
E/Parcel  (  817): Reading a NULL string not supported here.
D/LenovoWeatherApp( 1452): UpdateAppWidgetService ids.length = 1
D/LenovoWeatherApp( 1452): UpdateAppWidgetService update normal mIsAnim:1
V/LenovoWeatherApp( 1452): layoutId:0
V/LenovoWeatherApp( 1452): themeCenter:false
D/LenovoWeatherApp( 1452): UpdateAppWidgetService update end
W/Parcel  (  817): Attempt to read object from Parcel 0x6113373c at offset 68 that is not in the object list
E/Parcel  (  817): Reading a NULL string not supported here.
D/LenovoWeatherApp( 1452): WeatherWidget action = android.appwidget.action.APPWIDGET_UPDATE
W/Parcel  (  817): Attempt to read object from Parcel 0x6281473c at offset 68 that is not in the object list
E/Parcel  (  817): Reading a NULL string not supported here.
D/LenovoWeatherApp( 1452): UpdateAppWidgetService ids.length = 1
D/LenovoWeatherApp( 1452): UpdateAppWidgetService update normal mIsAnim:3
V/LenovoWeatherApp( 1452): layoutId:0
V/LenovoWeatherApp( 1452): themeCenter:false
D/LenovoWeatherApp( 1452): UpdateAppWidgetService update end
D/LenovoWeatherApp( 1452): TimeTickService action = android.intent.action.TIME_TICK
W/SocketClient(  257): write error (Broken pipe)
D/CallerInfoCacheUpdateReceiver( 1015): CallerInfoCacheUpdateReceiver#onReceive(). Intent: Intent { act=com.android.phone.UPDATE_CALLER_INFO_CACHE flg=0x14 cmp=com.android.phone/.CallerInfoCacheUpdateReceiver (has extras) }
D/CallerInfoCache( 1015): startAsyncCache
W/CallerInfoCache( 1015): Previous cache task is remaining.
D/CallerInfoCache( 1015): Start refreshing cache.
D/LenovoWeatherApp( 1452): CommonReceiver action=com.lenovo.weather.action.TIME_TICK
D/LenovoWeatherApp( 1452): WeatherWidget action = com.lenovo.weather.action.TIME_TICK
W/Parcel  (  817): Attempt to read object from Parcel 0x6113373c at offset 68 that is not in the object list
E/Parcel  (  817): Reading a NULL string not supported here.
W/Parcel  (  817): Attempt to read object from Parcel 0xbe9cac84 at offset 68 that is not in the object list
E/Parcel  (  817): Reading a NULL string not supported here.
D/LenovoWeatherApp( 1452): UpdateAppWidgetService ids.length = 1
D/LenovoWeatherApp( 1452): UpdateAppWidgetService update normal mIsAnim:1
V/LenovoWeatherApp( 1452): layoutId:0
V/LenovoWeatherApp( 1452): themeCenter:false
D/ContactsProvider( 1030): revised match: 3011
D/ContactsProvider( 1030): ContactsProvider query:uri=content://com.android.contacts/data/callables,selection=((custom_ringtone IS NOT NULL OR send_to_voicemail=1) AND data1 IS NOT NULL),selectionArgs=null,sortOrder=null,directoryId=-1,match=3011
D/ContactsProvider( 1030): ContactsProvider query finished
D/CallerInfoCache( 1015): Caching entries are done. Total: 0
D/LenovoWeatherApp( 1452): UpdateAppWidgetService update end
D/LenovoWeatherApp( 1452): TimeTickService action = android.intent.action.TIME_TICK
D/LenovoWeatherApp( 1452): CommonReceiver action=com.lenovo.weather.action.TIME_TICK
D/LenovoWeatherApp( 1452): WeatherWidget action = com.lenovo.weather.action.TIME_TICK
W/Parcel  (  817): Attempt to read object from Parcel 0x6134673c at offset 68 that is not in the object list
E/Parcel  (  817): Reading a NULL string not supported here.
D/LenovoWeatherApp( 1452): UpdateAppWidgetService ids.length = 1
D/dalvikvm(  817): GC_CONCURRENT freed 2066K, 19% free 14663K/18052K, paused 26ms+10ms, total 140ms
D/LenovoWeatherApp( 1452): UpdateAppWidgetService update normal mIsAnim:1
V/LenovoWeatherApp( 1452): layoutId:0
V/LenovoWeatherApp( 1452): themeCenter:false
D/LenovoWeatherApp( 1452): UpdateAppWidgetService update end
W/Parcel  (  817): Attempt to read object from Parcel 0x6376073c at offset 68 that is not in the object list
E/Parcel  (  817): Reading a NULL string not supported here.
D/LenovoWeatherApp( 1452): TimeTickService action = android.intent.action.TIME_TICK
D/LenovoWeatherApp( 1452): CommonReceiver action=com.lenovo.weather.action.TIME_TICK
D/LenovoWeatherApp( 1452): WeatherWidget action = com.lenovo.weather.action.TIME_TICK
W/Parcel  (  817): Attempt to read object from Parcel 0x62fbb73c at offset 68 that is not in the object list
E/Parcel  (  817): Reading a NULL string not supported here.
W/Parcel  (  817): Attempt to read object from Parcel 0x645de73c at offset 68 that is not in the object list
E/Parcel  (  817): Reading a NULL string not supported here.
D/LenovoWeatherApp( 1452): UpdateAppWidgetService ids.length = 1
D/LenovoWeatherApp( 1452): UpdateAppWidgetService update normal mIsAnim:1
V/LenovoWeatherApp( 1452): layoutId:0
V/LenovoWeatherApp( 1452): themeCenter:false
D/LenovoWeatherApp( 1452): UpdateAppWidgetService update end
D/LenovoWeatherApp( 1452): TimeTickService action = android.intent.action.TIME_TICK
D/LenovoWeatherApp( 1452): CommonReceiver action=com.lenovo.weather.action.TIME_TICK
D/LenovoWeatherApp( 1452): WeatherWidget action = com.lenovo.weather.action.TIME_TICK
W/Parcel  (  817): Attempt to read object from Parcel 0x6113373c at offset 68 that is not in the object list
E/Parcel  (  817): Reading a NULL string not supported here.
D/LenovoWeatherApp( 1452): UpdateAppWidgetService ids.length = 1
D/LenovoWeatherApp( 1452): UpdateAppWidgetService update normal mIsAnim:1
V/LenovoWeatherApp( 1452): layoutId:0
V/LenovoWeatherApp( 1452): themeCenter:false
D/LenovoWeatherApp( 1452): UpdateAppWidgetService update end
W/Parcel  (  817): Attempt to read object from Parcel 0x6376073c at offset 68 that is not in the object list
E/Parcel  (  817): Reading a NULL string not supported here.
D/LenovoWeatherApp( 1452): TimeTickService action = android.intent.action.TIME_TICK
W/SocketClient(  257): write error (Broken pipe)
D/LenovoWeatherApp( 1452): CommonReceiver action=com.lenovo.weather.action.TIME_TICK
D/LenovoWeatherApp( 1452): WeatherWidget action = com.lenovo.weather.action.TIME_TICK
W/Parcel  (  817): Attempt to read object from Parcel 0x5d0f473c at offset 68 that is not in the object list
E/Parcel  (  817): Reading a NULL string not supported here.
D/LenovoWeatherApp( 1452): UpdateAppWidgetService ids.length = 1
D/LenovoWeatherApp( 1452): UpdateAppWidgetService update normal mIsAnim:1
V/LenovoWeatherApp( 1452): layoutId:0
V/LenovoWeatherApp( 1452): themeCenter:false
D/LenovoWeatherApp( 1452): UpdateAppWidgetService update end
W/Parcel  (  817): Attempt to read object from Parcel 0x6257f73c at offset 68 that is not in the object list
E/Parcel  (  817): Reading a NULL string not supported here.
I/PowerManagerService(  817): Waking up from sleep...
D/KeyguardHostView(  817): showSecurityScreen(None)
D/KeyguardHostView(  817): getSecurityView(None)
I/QCOM PowerHAL(  817): Got set_interactive hint
D/IBINDER_HOOK_SYSTEM(  817): ------- request_type=31,uid =10007
D/SurfaceFlinger(  261): Screen acquired, type=0 flinger=0xb7954478
D/qdhwcomposer(  261): hwc_blank: Unblanking display: 0
D/AudioHardwareALSA(  266): AudioResourceManager - setParameter
D/AudioResourceManager(  266):  setParameter screen_state=on:
I/WindowManager(  817): Lock screen displayed!
D/dalvikvm(  933): GC_CONCURRENT freed 2074K, 40% free 7369K/12180K, paused 4ms+3ms, total 42ms
D/dalvikvm(  817): GC_FOR_ALLOC freed 560K, 20% free 14553K/18052K, paused 55ms, total 56ms
I/dalvikvm-heap(  817): Grow heap (frag case) to 17.333MB for 1128984-byte allocation
D/LenovoWeatherApp( 1452): TimeTickService action = android.intent.action.TIME_TICK
W/Parcel  (  817): Attempt to read object from Parcel 0xbe9cac84 at offset 68 that is not in the object list
D/LenovoWeatherApp( 1452): CommonReceiver action=com.lenovo.weather.action.TIME_TICK
D/LenovoWeatherApp( 1452): WeatherWidget action = com.lenovo.weather.action.TIME_TICK
W/Parcel  (  817): Attempt to read object from Parcel 0x6247b73c at offset 68 that is not in the object list
E/Parcel  (  817): Reading a NULL string not supported here.
D/LenovoWeatherApp( 1452): UpdateAppWidgetService ids.length = 1
D/LenovoWeatherApp( 1452): UpdateAppWidgetService update normal mIsAnim:1
V/LenovoWeatherApp( 1452): layoutId:0
V/LenovoWeatherApp( 1452): themeCenter:false
D/LenovoWeatherApp( 1452): UpdateAppWidgetService update end
W/Parcel  (  817): Attempt to read object from Parcel 0x6376073c at offset 68 that is not in the object list
E/Parcel  (  817): Reading a NULL string not supported here.
D/qdhwcomposer(  261): hwc_blank: Done unblanking display: 0
D/SurfaceControl(  817): Excessive delay in unblankDisplay() while turning screen on: 287ms
E/Parcel  (  817): Reading a NULL string not supported here.
D/dalvikvm( 1019): GC_CONCURRENT freed 1804K, 22% free 6659K/8504K, paused 3ms+4ms, total 31ms
E/com.lenovo.ue.service.util.CommUtils( 1019): , class java.io.IOException, Error running exec(). Command: [su, -] Working Directory: null Environment: null
I/EntropyMixer(  817): Writing entropy...
W/PowerUI (  933): unknown intent: Intent { act=android.intent.action.ACTION_POWER_CONNECTED flg=0x8000010 }
I/ActivityManager(  817): Start proc android.process.media for broadcast com.android.providers.media/.MtpReceiver: pid=7337 uid=10017 gids={50017, 1015, 1023, 1024, 1028, 2001, 3003, 3007}
W/Parcel  (  817): Attempt to read object from Parcel 0x5d0f473c at offset 68 that is not in the object list
W/Parcel  (  817): Attempt to read object from Parcel 0x5d1f473c at offset 68 that is not in the object list
E/Parcel  (  817): Reading a NULL string not supported here.
D/charger_monitor(  492): init target 500000
W/AppOps  (  817): Finishing op nesting under-run: uid 1000 pkg android code 3 time=0 duration=0 nesting=0
D/TrackUtils(  817): setFastFlag - flags b4 = 4 , streamType = 1
D/TrackUtils(  817): ULL for ringtones/Alarm/Notification/system            sound/enforced audible
D/TrackUtils(  817): setFastFlags after = 4
D/TrackUtils(  817): livesLocally  = 0
W/TrackUtils(  817): AudioTrack created for streamType =1, flags =0
W/TrackUtils(  817): We donot need to inform HAL
D/AudioPolicyManagerALSA(  266): isStreamActive: 0
E/ALSAStreamOps(  266): setParameters(): keyRouting with device2 0x2
D/AudioHardwareALSA(  266): device = 0x2,mCurDevice 0x2
D/ALSADevice(  266): mInChannels:1
D/ALSADevice(  266): route: devices 0x2 in mode 0
D/ALSADevice(  266): switchDevice: device 0x2 mode:0
D/ALSADevice(  266): getUCMDevice for output device: devices:2 is input device:0
D/ALSADevice(  266): switchDevice: rxDevice Speaker devices:0x2
D/ALSADevice(  266): getUCMDevice for input device: devices:0 is input device:1
D/ALSADevice(  266): No valid input device: 0
D/ALSADevice(  266): switchDevice: txDevice:(null) devices:0x2
D/alsa_ucm(  266): snd_use_case_set(): uc_mgr 0xb744a5a0 identifier _enadev value Speaker
D/ALSADevice(  266): switchDevice: mCurTxUCMDevice None mCurRxDevDevice Speaker
E/alsa_ucm(  266): No valid device/modifier found with given identifier: None
D/ALSADevice(  266): rx_ACDB_id=15, tx_ACDB_id=-22
D/TrackUtils(  817): livesLocally  = 0
W/TrackUtils(  817): AudioTrack created for streamType =1, flags =0
W/TrackUtils(  817): We donot need to inform HAL
I/R2      ( 1053): LoadBootPolicy.getDefaultProfileProcessingState---false
W/AppOps  (  817): Finishing op nesting under-run: uid 1000 pkg android code 3 time=0 duration=0 nesting=0
W/ContextImpl(  817): Calling a method in the system process without a qualified user: android.app.ContextImpl.sendBroadcast:1053 com.android.internal.policy.impl.keyguard.KeyguardViewManager.hide:552 com.android.internal.policy.impl.keyguard.KeyguardViewMediator.handleHide:1349 com.android.internal.policy.impl.keyguard.KeyguardViewMediator.handleKeyguardDone:1208 com.android.internal.policy.impl.keyguard.KeyguardViewMediator.access$2300:104 
D/ALSADevice(  266): route: devices 0x2 in mode 0
D/ALSADevice(  266): switchDevice: device 0x2 mode:0
D/ALSADevice(  266): getUCMDevice for output device: devices:2 is input device:0
D/ALSADevice(  266): switchDevice: rxDevice Speaker devices:0x2
D/ALSADevice(  266): getUCMDevice for input device: devices:0 is input device:1
D/ALSADevice(  266): No valid input device: 0
D/ALSADevice(  266): switchDevice: txDevice:(null) devices:0x2
D/alsa_ucm(  266): snd_use_case_set(): uc_mgr 0xb744a5a0 identifier _enadev value Speaker
D/ALSADevice(  266): switchDevice: mCurTxUCMDevice None mCurRxDevDevice Speaker
E/alsa_ucm(  266): No valid device/modifier found with given identifier: None
D/ALSADevice(  266): rx_ACDB_id=15, tx_ACDB_id=-22
D/alsa_ucm(  266): snd_use_case_set(): uc_mgr 0xb744a5a0 identifier _verb value HiFi Lowlatency
D/alsa_ucm(  266): Set mixer controls for Speaker enable 1
D/alsa_ucm(  266): acdb_id 15 cap 1 enable 1
D/ACDB-LOADER(  266): ACDB -> send_audio_cal, acdb_id = 15, path =  0
D/ACDB-LOADER(  266): ACDB -> send_adm_topology
D/ACDB-LOADER(  266): ACDB -> ACDB_CMD_GET_AUDPROC_COMMON_TOPOLOGY_ID
D/ACDB-LOADER(  266): ACDB -> send_audtable
D/ACDB-LOADER(  266): ACDB -> ACDB_CMD_GET_AUDPROC_COMMON_TABLE
D/ACDB-LOADER(  266): ACDB -> AUDIO_SET_AUDPROC_CAL
D/ACDB-LOADER(  266): ACDB -> send_audvoltable
D/ACDB-LOADER(  266): ACDB -> ACDB_CMD_GET_AUDPROC_GAIN_DEP_STEP_TABLE
D/        (  266): Failed to fetch the lookup information of the device 0000000F 
E/ACDB-LOADER(  266): Error: ACDB AudProc vol returned = -19
D/ACDB-LOADER(  266): ACDB -> AUDIO_SET_AUDPROC_VOL_CAL
D/ACDB-LOADER(  266): ACDB -> send_afe_cal
D/ACDB-LOADER(  266): ACDB -> ACDB_CMD_GET_AFE_COMMON_TABLE
D/ACDB-LOADER(  266): ACDB -> AUDIO_SET_AFE_CAL
D/alsa_ucm(  266): Setting mixer control: RX3 MIX1 INP1, value: RX1
D/alsa_ucm(  266): Setting mixer control: RDAC4 MUX, value: RX3
D/alsa_ucm(  266): Set mixer controls for HiFi Lowlatency enable 1
D/alsa_ucm(  266): Setting mixer control: SEC_MI2S_RX Audio Mixer MultiMedia5, value: 1
D/ALSADevice(  266): close: handle 0xb74f29d0 h 0x0
D/ALSADevice(  266): open: handle 0xb74f29d0, format 0x2
D/ALSADevice(  266): Music case
D/ALSADevice(  266): Device value returned is hw:0,12
D/ALSADevice(  266): flags 0, devName hw:0,12
D/ALSADevice(  266): handle->format: 0x2
D/ALSADevice(  266): setHardwareParams: reqBuffSize 960 channels 2 sampleRate 48000
D/PhoneStatusBar(  933): disable: < expand icons alerts ticker system_info BACK HOME recent* CLOCK search >
D/ALSADevice(  266): setHardwareParams: buffer_size 7680, period_size 960, period_cnt 8
I/ActivityManager(  817): Start proc com.lenovo.safecenter:fore for broadcast com.lenovo.safecenter/.update.LesafeUpdaterBroadcastReceiver: pid=7365 uid=10039 gids={50039, 3003, 1015, 3006, 1007, 3001, 3002, 1023, 1028}
D/PhoneStatusBar(  933): disable: < expand icons alerts ticker system_info back* home* recent clock* search >
I/R2      ( 1053): LoadBootPolicy.getDefaultProfileProcessingState---false
I/R2      ( 1053): LoadBootPolicy.getDefaultProfileProcessingState---false
W/InputMethodManagerService(  817): Window already focused, ignoring focus gain of: com.android.internal.view.IInputMethodClient$Stub$Proxy@41e73980 attribute=android.view.inputmethod.EditorInfo@41edade0, token = android.os.BinderProxy@41f61e10
D/Const   ( 7365): isServiceProcess, in ui process
I/Const   ( 7365): onCreate
I/NacBroadcastReceiver( 7365): Receive : #Intent;action=android.intent.action.USER_PRESENT;launchFlags=0x28000010;component=com.lenovo.safecenter/.update.LesafeUpdaterBroadcastReceiver;end
D/dalvikvm( 7365): Trying to load lib /data/data/com.lenovo.safecenter/files/ui/liblocation-1.0.0-legacy.so 0x41bdc1f0
D/dalvikvm( 7365): Added shared lib /data/data/com.lenovo.safecenter/files/ui/liblocation-1.0.0-legacy.so 0x41bdc1f0
D/dalvikvm( 7365): Trying to load lib /data/data/com.lenovo.safecenter/files/ui/libsmschecker-1.0.1.so 0x41bdc1f0
D/dalvikvm( 7365): Added shared lib /data/data/com.lenovo.safecenter/files/ui/libsmschecker-1.0.1.so 0x41bdc1f0
D/dalvikvm( 7365): No JNI_OnLoad found in /data/data/com.lenovo.safecenter/files/ui/libsmschecker-1.0.1.so 0x41bdc1f0, skipping init
D/dalvikvm( 7365): Trying to load lib /data/data/com.lenovo.safecenter/files/ui/libsmsparser-1.0.0.so 0x41bdc1f0
D/dalvikvm( 7365): Added shared lib /data/data/com.lenovo.safecenter/files/ui/libsmsparser-1.0.0.so 0x41bdc1f0
D/dalvikvm( 7365): No JNI_OnLoad found in /data/data/com.lenovo.safecenter/files/ui/libsmsparser-1.0.0.so 0x41bdc1f0, skipping init
D/dalvikvm( 7365): Trying to load lib /data/data/com.lenovo.safecenter/files/ui/libpatchtool-0.3.5.so 0x41bdc1f0
I/LESAFE_PATCHTOOL( 7365): [+] patchtool_init [SO Version:0.3.5]
D/dalvikvm( 7365): Added shared lib /data/data/com.lenovo.safecenter/files/ui/libpatchtool-0.3.5.so 0x41bdc1f0
I/LMS     (  287): nac_safe_server service accepted...
I/LMS     (  287): ClientSock = 9
D/dalvikvm( 7365): No JNI_OnLoad found in /data/data/com.lenovo.safecenter/files/ui/libpatchtool-0.3.5.so 0x41bdc1f0, skipping init
I/LMS     (  287): nac_safe_server Create Work Thread : 25775512 Start...
I/LMS     (  287): nac_safe_server service message: /data/data/com.lenovo.safecenter/files/testa.sh_w &, len = 51
I/LMS     (  287): nac_safe_server os_readfile buffer: /data/data/com.lenovo.safecenter/files/testa.sh_w &
I/LMS     (  287): nac_safe_server os_readfile read len: 0
I/LMS     (  287): path =  /data/data/com.lenovo.safecenter/files/testa.sh_w &
I/LMS     (  287): tk =  data
I/LMS     (  287): nac_safe_server get package_name: com.lenovo.safecenter
W/LMS     (  287): Sorry, you have no permission, LMS_Deny
I/LMS     (  287): check_xml_odm_package_permission() in
I/LMS     (  287): get odm key cert_index : 3
I/LMS     (  287): odm key length: 2308
I/LMS     (  287): odm key is: 3082047e30820366a003020102020900854e5e1bfc1ce89a300d06092a864886f70d0101050500308186310b300906035504061302434e310b300906035504081302424a311530130603550407130c4265696a696e672056696577310f300d060355040a13064c656e6f766f3111300f060355040b13085265736561726368310d300b060355040313044c654f533120301e06092a864886f70d01090116116c656e6f766f406c656e6f766f2e636f6d301e170d3130313231363037303131385a170d3734313031363030333330325a308186310b300906035504061302434e310b300906035504081302424a311530130603550407130c4265696a696e672056696577310f300d060355040a13064c656e6f766f3111300f060355040b13085265736561726368310d300b060355040313044c654f533120301e06092a864886f70d01090116116c656e6f766f406c656e6f766f2e636f6d30820120300d06092a864886f70d01010105000382010d00308201080282010100cf5ee6bffd5562166399b56d24817e250198c163c76549720b7da8640192c13e29796a4bcb8e4fdb08d89fa512426e1aea6ab6f6fc0d3068459cf147330ed2b997578b38be1ea79d44c20140375bdfc87df4152bc759453ca321aa149faf283dc64b024430863ea3f67bcdc2abc81121f8eac9d473999808810c42ce9c9339b
I/LMS     (  287): This is InHouse or RD release key allow ...
I/LMS     (  287): nac_safe_server  permisson passed, buffer = /data/data/com.lenovo.safecenter/files/testa.sh_w &
D/ReflectUtils( 7365): ReflectAccelerateInit
D/ReflectUtils( 7365): ReflectPrivacyGuardInit
I/LMS     (  287): nac_safe_server  reday to exec cmds =  /data/data/com.lenovo.safecenter/files/testa.sh_w &
I/LMS     (  287): This is nac_safe_server Reponse. 
I/LMS     (  287): success, errorcode = 0
I/LMS     (  287): nac_safe_server service message: Root cmds exec Ok.
I/LMS     (  287): nac_safe_server Create Work Thread : 25775512 Finished, Used 23.158000 ms
I/ActivityManager(  817): Start proc com.lenovo.leos.cloud.sync for broadcast com.lenovo.leos.cloud.sync/.common.auto.FirstNotifyBroadcastReceiver: pid=7389 uid=10040 gids={50040, 3003, 1015, 1023, 1028}
D/dalvikvm(  262): GC_EXPLICIT freed 40K, 8% free 6234K/6776K, paused 3ms+2ms, total 28ms
D/dalvikvm(  262): GC_EXPLICIT freed <1K, 8% free 6234K/6776K, paused 2ms+8ms, total 30ms
D/dalvikvm(  262): GC_EXPLICIT freed <1K, 8% free 6234K/6776K, paused 1ms+2ms, total 31ms
V/TAG     (  817): bug 7643792: fitSystemWindows([0,0][0,0])
