D/dalvikvm( 7389): GC_CONCURRENT freed 1002K, 13% free 7235K/8280K, paused 3ms+3ms, total 22ms
D/dalvikvm( 7389): GC_CONCURRENT freed 1598K, 18% free 7601K/9240K, paused 3ms+8ms, total 32ms
D/dalvikvm( 7389): GC_CONCURRENT freed 1667K, 18% free 7912K/9620K, paused 2ms+3ms, total 23ms
I/PhotoSettingManager( 7389): useMySelf:true
D/BackgroundDataTools( 7389): ALLOW_SYNCit_BACKGROUND_DATA: false | [null]
D/butnet  ( 7389): FirstNotifyBroadcastReceiver BackgroundDataTools.isEnable false
D/ApplicationUtil( 7389): KillBackgroudProcess
D/ApplicationUtil( 7389): KillBackgroudProcess lazy 2000ms...
D/LenovoWeatherApp( 1452): CommonReceiver action=android.intent.action.USER_PRESENT
W/Parcel  (  817): Attempt to read object from Parcel 0x644de73c at offset 68 that is not in the object list
E/Parcel  (  817): Reading a NULL string not supported here.
W/Parcel  (  817): Attempt to read object from Parcel 0x6281473c at offset 68 that is not in the object list
W/Parcel  (  817): Attempt to read object from Parcel 0x5d0f473c at offset 68 that is not in the object list
E/Parcel  (  817): Reading a NULL string not supported here.
W/ActivityManager(  817): Unable to start service Intent { act=com.lenovo.weatherserver.TimeTickService } U=0: not found
D/LenovoWeatherApp( 1452): TimeTickService onStartCommand
W/Parcel  (  817): Attempt to read object from Parcel 0x6144673c at offset 68 that is not in the object list
D/LenovoWeatherApp( 1452): TimeTickService onStart(Intent intent, int startId)
D/LenovoWeatherApp( 1452): WeatherWidget action = android.intent.action.USER_PRESENT
D/LenovoWeatherApp( 1452): UpdateAppWidgetService ids.length = 1
D/LenovoWeatherApp( 1452): UpdateAppWidgetService update normal mIsAnim:3
V/LenovoWeatherApp( 1452): layoutId:0
V/LenovoWeatherApp( 1452): themeCenter:false
D/LenovoWeatherApp( 1452): UpdateAppWidgetService update end
W/Parcel  (  817): Attempt to read object from Parcel 0x6376073c at offset 68 that is not in the object list
E/Parcel  (  817): Reading a NULL string not supported here.
D/ALSADevice(  266): standby: handle 0xb74f29d0 h 0x0
D/ALSADevice(  266): standby handle h 0xb75587f0
D/alsa_ucm(  266): snd_use_case_set(): uc_mgr 0xb744a5a0 identifier _verb value Inactive
D/alsa_ucm(  266): Set mixer controls for HiFi Lowlatency enable 0
D/alsa_ucm(  266): Setting mixer control: SEC_MI2S_RX Audio Mixer MultiMedia5, value: 0
D/ALSADevice(  266): usecase_type is 0
D/alsa_ucm(  266): snd_use_case_set(): uc_mgr 0xb744a5a0 identifier _disdev value Speaker
D/alsa_ucm(  266): Set mixer controls for Speaker enable 0
D/alsa_ucm(  266): Setting mixer control: RX3 MIX1 INP1, value: ZERO
D/alsa_ucm(  266): Setting mixer control: RDAC4 MUX, value: ZERO
D/AudioHardwareALSA(  266): closeUsbPlaybackIfNothingActive, musbPlaybackState: 0
D/AudioUsbALSA(  266): exitPlaybackThread, mproxypfdPlayback: -1
D/AudioUsbALSA(  266): closeDevice handle 0x0
D/AudioUsbALSA(  266): closeDevice handle 0x0
D/ApplicationUtil( 7389): KillBackgroudProcess in lazy ...
I/ActivityManager(  817): Killing proc 7389:com.lenovo.leos.cloud.sync/u0a10040: kill background
D/LenovoWeatherApp( 1452): TimeTickService action = android.intent.action.TIME_TICK
D/LenovoWeatherApp( 1452): CommonReceiver action=com.lenovo.weather.action.TIME_TICK
D/LenovoWeatherApp( 1452): WeatherWidget action = com.lenovo.weather.action.TIME_TICK
W/Parcel  (  817): Attempt to read object from Parcel 0xbe9cac84 at offset 68 that is not in the object list
E/Parcel  (  817): Reading a NULL string not supported here.
W/Parcel  (  817): Attempt to read object from Parcel 0x6291873c at offset 68 that is not in the object list
E/Parcel  (  817): Reading a NULL string not supported here.
D/LenovoWeatherApp( 1452): UpdateAppWidgetService ids.length = 1
D/LenovoWeatherApp( 1452): UpdateAppWidgetService update normal mIsAnim:1
V/LenovoWeatherApp( 1452): layoutId:0
V/LenovoWeatherApp( 1452): themeCenter:false
D/dalvikvm( 1452): GC_CONCURRENT freed 1941K, 24% free 6384K/8348K, paused 2ms+1ms, total 47ms
D/LenovoWeatherApp( 1452): UpdateAppWidgetService update end
D/ProcessKiller( 4394): Before killing process: 7365, requestCount: 0
D/ProcessKiller( 4394): Before killing process: 7365, requestCount: 0
D/ProcessKiller( 4394): OOMADJ value: 9
I/Process ( 4394): Sending signal. PID: 7365 SIG: 9
D/ProcessKiller( 4394): OOMADJ value: 9
I/Process ( 4394): Sending signal. PID: 7365 SIG: 9
I/ActivityManager(  817): Process com.lenovo.safecenter:fore (pid 7365) has died.
E/.SETTINGS_DRAG_SHORTCUT(  933): =============MotionEvent.ACTION_DOWN==========
W/Parcel  (  817): Attempt to read object from Parcel 0x641de73c at offset 68 that is not in the object list
D/SizeAdaptiveLayout(  933): com.android.internal.widget.SizeAdaptiveLayout{4211ade8 V.E..... ......I. 0,0-0,0 #7f070070 app:id/adaptive}child view android.widget.FrameLayout{41cc2e68 G.E..... ......ID 0,0-0,0 #102030f android:id/status_bar_latest_event_content} measured out of bounds at 95px clamped to 96px
D/SizeAdaptiveLayout(  933): com.android.internal.widget.SizeAdaptiveLayout{41cb97c0 V.E..... ......I. 0,0-0,0 #7f070070 app:id/adaptive}child view android.widget.FrameLayout{41cd1090 G.E..... ......ID 0,0-0,0 #102030f android:id/status_bar_latest_event_content} measured out of bounds at 95px clamped to 96px
D/SizeAdaptiveLayout(  933): com.android.internal.widget.SizeAdaptiveLayout{4211ade8 V.E..... ......I. 0,0-0,0 #7f070070 app:id/adaptive}child view android.widget.FrameLayout{41cc2e68 G.E..... ......ID 0,0-0,0 #102030f android:id/status_bar_latest_event_content} measured out of bounds at 95px clamped to 96px
D/SizeAdaptiveLayout(  933): com.android.internal.widget.SizeAdaptiveLayout{41cb97c0 V.E..... ......I. 0,0-0,0 #7f070070 app:id/adaptive}child view android.widget.FrameLayout{41cd1090 G.E..... ......ID 0,0-0,0 #102030f android:id/status_bar_latest_event_content} measured out of bounds at 95px clamped to 96px
E/panelView.draw(  933): ==============================
E/panelView.draw(  933): ==============================
E/panelView.draw(  933): ==============================
E/panelView.draw(  933): ==============================
E/panelView.draw(  933): ==============================
E/panelView.draw(  933): ==============================
E/panelView.draw(  933): ==============================
E/panelView.draw(  933): ==============================
E/panelView.draw(  933): ==============================
E/panelView.draw(  933): ==============================
E/panelView.draw(  933): ==============================
E/panelView.draw(  933): ==============================
E/panelView.draw(  933): ==============================
E/panelView.fling(  933): =========================
E/panelView.draw(  933): ==============================
V/PanelView(  933): animationTick called with dtms=0; nothing to do (h=751.0612 v=2042.6923)
V/PanelView(  933): animationTick called with dtms=-6; nothing to do (h=751.0612 v=2042.6923)
E/panelView.draw(  933): ==============================
E/panelView.draw(  933): ==============================
W/AppOps  (  817): Finishing op nesting under-run: uid 1000 pkg android code 3 time=0 duration=0 nesting=0
W/AppOps  (  817): Finishing op nesting under-run: uid 1000 pkg android code 3 time=0 duration=0 nesting=0
E/panelView.fling(  933): =========================
V/PanelView(  933): animationTick called with dtms=0; nothing to do (h=800.0 v=-3000.0)
V/PanelView(  933): animationTick called with dtms=0; nothing to do (h=800.0 v=-3000.0)
E/panelView.draw(  933): ==============================
E/panelView.draw(  933): ==============================
E/panelView.draw(  933): ==============================
E/panelView.draw(  933): ==============================
E/panelView.draw(  933): ==============================
E/panelView.draw(  933): ==============================
E/panelView.draw(  933): ==============================
E/panelView.draw(  933): ==============================
E/panelView.draw(  933): ==============================
E/panelView.draw(  933): ==============================
E/panelView.draw(  933): ==============================
E/panelView.draw(  933): ==============================
E/panelView.draw(  933): ==============================
W/InputMethodManagerService(  817): Window already focused, ignoring focus gain of: com.android.internal.view.IInputMethodClient$Stub$Proxy@41c49398 attribute=null, token = android.os.BinderProxy@41f61e10
D/UsbDebuggingManager(  817): Received public key: QAAAAN3/tJGLr4WCC+GTfl5MhWiELSPdWxUBXl/gMlh3J4+qBDjTqZO6JMdPheoFC08kBQdvNe1rl7+puB676Rp5mf2NOzcvv8WFcoebntxEJPs0QUGeVz1H4PvcuS+8FSWYoHyvSKFc5s6zEH6Gk0U5GXKWWdlT1OdrtNcjaj9XnhyI0sOxqnsP3Ci2MLvmyy+es3ZPgn6QFXSFX7SVHM1xYmUC1xKrycLnCMrVKjVPPgwOyWfGKQ7PCXTk4jkXID8FIckm3g7y8uejohSOo1IjGXIuNCu6bBavkIKwf6cDQkgLMpD3RWR1NoURFc8TtkJioh+Arz5UFDHis1Hcvk6KiuciNau3g0vLmW4EfULqbWKGDyXZtTxEXsbQ6V7NWM26XQMMCGX6/abPcTmVMCdQ5imcGa1ezF3R88dGUusxAfXOB/5aLAwJoxbOPNdU3PL1p3BbdllT2ZiqhyCv0svoypNzT5xpCJsxAWI4YOzddakONOS8bWE8NO+9fI0ez15XL8vO9XrYD97C87uSI8gv3fvN8QTfkxL836cYSY9BEaGnVhTiZVZvw2aoUhXZ24m+4y1X0UV9w1ZGJLuSWsRltgEnwulk/Lu6Uwq6cTYt3f47A34pPy40Uo5c8lAzSetSeeajCQxQ+dwIkIcS367MtSj0M1I/sSYiAxqQ7fvC8rdet2oFXQEAAQA= unknown@unknown
W/ContextImpl(  817): Calling a method in the system process without a qualified user: android.app.ContextImpl.startActivity:950 com.android.server.usb.UsbDebuggingManager.showConfirmationDialog:272 com.android.server.usb.UsbDebuggingManager.access$900:46 com.android.server.usb.UsbDebuggingManager$UsbDebuggingHandler.handleMessage:228 android.os.Handler.dispatchMessage:99 
W/ContextImpl(  817): Calling a method in the system process without a qualified user: android.app.ContextImpl.startActivity:962 android.app.ContextImpl.startActivity:951 com.android.server.usb.UsbDebuggingManager.showConfirmationDialog:272 com.android.server.usb.UsbDebuggingManager.access$900:46 com.android.server.usb.UsbDebuggingManager$UsbDebuggingHandler.handleMessage:228 
I/ActivityManager(  817): START u0 {flg=0x10000000 cmp=com.android.systemui/.usb.UsbDebuggingActivity (has extras)} from pid 817
D/dalvikvm(  817): JIT code cache reset in 2 ms (1048560 bytes 2/0)
D/dalvikvm(  817): GC_FOR_ALLOC freed 2027K, 25% free 14423K/19156K, paused 54ms, total 65ms
I/R2      ( 1053): LoadBootPolicy.getDefaultProfileProcessingState---false
W/Parcel  (  817): Attempt to read object from Parcel 0x643de73c at offset 68 that is not in the object list
W/ContextImpl(  933): Calling a method in the system process without a qualified user: android.app.ContextImpl.sendBroadcast:1053 android.content.ContextWrapper.sendBroadcast:344 android.app.Activity.onResume:1107 android.app.Instrumentation.callActivityOnResume:1192 android.app.Activity.performResume:5231 
I/ActivityManager(  817): Displayed com.android.systemui/.usb.UsbDebuggingActivity: +149ms
I/R2      ( 1053): LoadBootPolicy.getDefaultProfileProcessingState---false
D/Launcher( 1053): closeFolder:null
D/TrackUtils(  817): setFastFlag - flags b4 = 4 , streamType = 1
D/TrackUtils(  817): ULL for ringtones/Alarm/Notification/system            sound/enforced audible
D/TrackUtils(  817): setFastFlags after = 4
D/TrackUtils(  817): livesLocally  = 0
W/TrackUtils(  817): AudioTrack created for streamType =1, flags =4
W/TrackUtils(  817): We donot need to inform HAL
D/AudioPolicyManagerALSA(  266): isStreamActive: 0
E/ALSAStreamOps(  266): setParameters(): keyRouting with device2 0x2
D/AudioHardwareALSA(  266): device = 0x2,mCurDevice 0x2
D/ALSADevice(  266): mInChannels:1
D/ALSADevice(  266): route: devices 0x2 in mode 0
D/ALSADevice(  266): switchDevice: device 0x2 mode:0
D/ALSADevice(  266): getUCMDevice for output device: devices:2 is input device:0
D/ALSADevice(  266): switchDevice: rxDevice Speaker devices:0x2
D/ALSADevice(  266): getUCMDevice for input device: devices:0 is input device:1
D/ALSADevice(  266): No valid input device: 0
D/ALSADevice(  266): switchDevice: txDevice:(null) devices:0x2
D/alsa_ucm(  266): snd_use_case_set(): uc_mgr 0xb744a5a0 identifier _enadev value Speaker
D/ALSADevice(  266): switchDevice: mCurTxUCMDevice None mCurRxDevDevice Speaker
E/alsa_ucm(  266): No valid device/modifier found with given identifier: None
D/ALSADevice(  266): rx_ACDB_id=15, tx_ACDB_id=-22
D/TrackUtils(  817): livesLocally  = 0
W/TrackUtils(  817): AudioTrack created for streamType =1, flags =4
W/TrackUtils(  817): We donot need to inform HAL
D/ALSADevice(  266): route: devices 0x2 in mode 0
D/ALSADevice(  266): switchDevice: device 0x2 mode:0
D/ALSADevice(  266): getUCMDevice for output device: devices:2 is input device:0
D/ALSADevice(  266): switchDevice: rxDevice Speaker devices:0x2
D/ALSADevice(  266): getUCMDevice for input device: devices:0 is input device:1
D/ALSADevice(  266): No valid input device: 0
D/ALSADevice(  266): switchDevice: txDevice:(null) devices:0x2
D/alsa_ucm(  266): snd_use_case_set(): uc_mgr 0xb744a5a0 identifier _enadev value Speaker
D/ALSADevice(  266): switchDevice: mCurTxUCMDevice None mCurRxDevDevice Speaker
E/alsa_ucm(  266): No valid device/modifier found with given identifier: None
D/ALSADevice(  266): rx_ACDB_id=15, tx_ACDB_id=-22
D/alsa_ucm(  266): snd_use_case_set(): uc_mgr 0xb744a5a0 identifier _verb value HiFi Lowlatency
D/alsa_ucm(  266): Set mixer controls for Speaker enable 1
D/alsa_ucm(  266): acdb_id 15 cap 1 enable 1
D/ACDB-LOADER(  266): ACDB -> send_audio_cal, acdb_id = 15, path =  0
D/ACDB-LOADER(  266): ACDB -> send_adm_topology
D/ACDB-LOADER(  266): ACDB -> ACDB_CMD_GET_AUDPROC_COMMON_TOPOLOGY_ID
D/ACDB-LOADER(  266): ACDB -> send_audtable
D/ACDB-LOADER(  266): ACDB -> ACDB_CMD_GET_AUDPROC_COMMON_TABLE
D/ACDB-LOADER(  266): ACDB -> AUDIO_SET_AUDPROC_CAL
D/ACDB-LOADER(  266): ACDB -> send_audvoltable
D/ACDB-LOADER(  266): ACDB -> ACDB_CMD_GET_AUDPROC_GAIN_DEP_STEP_TABLE
D/        (  266): Failed to fetch the lookup information of the device 0000000F 
E/ACDB-LOADER(  266): Error: ACDB AudProc vol returned = -19
D/ACDB-LOADER(  266): ACDB -> AUDIO_SET_AUDPROC_VOL_CAL
D/ACDB-LOADER(  266): ACDB -> send_afe_cal
D/ACDB-LOADER(  266): ACDB -> ACDB_CMD_GET_AFE_COMMON_TABLE
D/ACDB-LOADER(  266): ACDB -> AUDIO_SET_AFE_CAL
D/alsa_ucm(  266): Setting mixer control: RX3 MIX1 INP1, value: RX1
D/alsa_ucm(  266): Setting mixer control: RDAC4 MUX, value: RX3
D/alsa_ucm(  266): Set mixer controls for HiFi Lowlatency enable 1
D/alsa_ucm(  266): Setting mixer control: SEC_MI2S_RX Audio Mixer MultiMedia5, value: 1
D/ALSADevice(  266): close: handle 0xb74f29d0 h 0x0
D/ALSADevice(  266): open: handle 0xb74f29d0, format 0x2
D/ALSADevice(  266): Music case
D/ALSADevice(  266): Device value returned is hw:0,12
D/ALSADevice(  266): flags 0, devName hw:0,12
D/ALSADevice(  266): handle->format: 0x2
D/ALSADevice(  266): setHardwareParams: reqBuffSize 960 channels 2 sampleRate 48000
D/ALSADevice(  266): setHardwareParams: buffer_size 7680, period_size 960, period_cnt 8
I/UsageStats(  817): No package stats for pkg:com.android.systemui
I/R2      ( 1053): LoadBootPolicy.getDefaultProfileProcessingState---false
W/InputMethodManagerService(  817): Window already focused, ignoring focus gain of: com.android.internal.view.IInputMethodClient$Stub$Proxy@41fc1c40 attribute=null, token = android.os.BinderProxy@41f61e10
